Archive member included to satisfy reference by file (symbol)

/home/sepideh/optee-qemu/optee_os/out/arm/export-ta_arm32/lib/libutils.a(bget_malloc.o)
                              ./ta2.o (malloc)
/home/sepideh/optee-qemu/optee_os/out/arm/export-ta_arm32/lib/libutils.a(memcpy.o)
                              ./ta2.o (memcpy)
/home/sepideh/optee-qemu/optee_os/out/arm/export-ta_arm32/lib/libutils.a(memset.o)
                              /home/sepideh/optee-qemu/optee_os/out/arm/export-ta_arm32/lib/libutils.a(bget_malloc.o) (memset)
/home/sepideh/optee-qemu/optee_os/out/arm/export-ta_arm32/lib/libutils.a(trace.o)
                              ./ta2.o (trace_printf)
/home/sepideh/optee-qemu/optee_os/out/arm/export-ta_arm32/lib/libutils.a(aeabi_unwind.o)
                              ./ta2.o (__aeabi_unwind_cpp_pr0)
/home/sepideh/optee-qemu/optee_os/out/arm/export-ta_arm32/lib/libutils.a(snprintk.o)
                              /home/sepideh/optee-qemu/optee_os/out/arm/export-ta_arm32/lib/libutils.a(trace.o) (snprintk)
/home/sepideh/optee-qemu/optee_os/out/arm/export-ta_arm32/lib/libutils.a(memchr.o)
                              /home/sepideh/optee-qemu/optee_os/out/arm/export-ta_arm32/lib/libutils.a(snprintk.o) (memchr)
/home/sepideh/optee-qemu/optee_os/out/arm/export-ta_arm32/lib/libutils.a(strlen.o)
                              /home/sepideh/optee-qemu/optee_os/out/arm/export-ta_arm32/lib/libutils.a(snprintk.o) (strlen)
/home/sepideh/optee-qemu/optee_os/out/arm/export-ta_arm32/lib/libutils.a(arm32_aeabi_ldivmod_a32.o)
                              /home/sepideh/optee-qemu/optee_os/out/arm/export-ta_arm32/lib/libutils.a(snprintk.o) (__aeabi_uldivmod)
/home/sepideh/optee-qemu/optee_os/out/arm/export-ta_arm32/lib/libutils.a(arm32_aeabi_ldivmod.o)
                              /home/sepideh/optee-qemu/optee_os/out/arm/export-ta_arm32/lib/libutils.a(arm32_aeabi_ldivmod_a32.o) (__ul_divmod)
/home/sepideh/optee-qemu/optee_os/out/arm/export-ta_arm32/lib/libutee.a(assert.o)
                              /home/sepideh/optee-qemu/optee_os/out/arm/export-ta_arm32/lib/libutils.a(bget_malloc.o) (_assert_log)
/home/sepideh/optee-qemu/optee_os/out/arm/export-ta_arm32/lib/libutee.a(trace_ext.o)
                              /home/sepideh/optee-qemu/optee_os/out/arm/export-ta_arm32/lib/libutils.a(trace.o) (trace_ext_puts)
/home/sepideh/optee-qemu/optee_os/out/arm/export-ta_arm32/lib/libutee.a(tee_api.o)
                              ./ta2.o (TEE_MemMove)
/home/sepideh/optee-qemu/optee_os/out/arm/export-ta_arm32/lib/libutee.a(tee_api_objects.o)
                              ./ta2.o (TEE_GetObjectInfo)
/home/sepideh/optee-qemu/optee_os/out/arm/export-ta_arm32/lib/libutee.a(tee_api_operations.o)
                              ./ta2.o (TEE_AllocateOperation)
/home/sepideh/optee-qemu/optee_os/out/arm/export-ta_arm32/lib/libutee.a(tee_api_panic.o)
                              /home/sepideh/optee-qemu/optee_os/out/arm/export-ta_arm32/lib/libutee.a(tee_api.o) (TEE_Panic)
/home/sepideh/optee-qemu/optee_os/out/arm/export-ta_arm32/lib/libutee.a(tee_system_pta.o)
                              /home/sepideh/optee-qemu/optee_os/out/arm/export-ta_arm32/lib/libutee.a(tee_api.o) (tee_map_zi)
/home/sepideh/optee-qemu/optee_os/out/arm/export-ta_arm32/lib/libutee.a(utee_syscalls_a32.o)
                              /home/sepideh/optee-qemu/optee_os/out/arm/export-ta_arm32/lib/libutee.a(assert.o) (_utee_panic)
/home/sepideh/optee-qemu/optee_os/out/arm/export-ta_arm32/lib/libutee.a(user_ta_entry.o)
                              ./user_ta_header.o (__utee_entry)
/home/sepideh/optee-qemu/optee_os/out/arm/export-ta_arm32/lib/libutee.a(abort.o)
                              /home/sepideh/optee-qemu/optee_os/out/arm/export-ta_arm32/lib/libutee.a(user_ta_entry.o) (abort)
/home/sepideh/optee-qemu/optee_os/out/arm/export-ta_arm32/lib/libutee.a(tee_api_arith_mpi.o)
                              /home/sepideh/optee-qemu/optee_os/out/arm/export-ta_arm32/lib/libutee.a(user_ta_entry.o) (_TEE_MathAPI_Init)
/home/sepideh/optee-qemu/optee_os/out/arm/export-ta_arm32/lib/libutee.a(tcb.o)
                              /home/sepideh/optee-qemu/optee_os/out/arm/export-ta_arm32/lib/libutee.a(user_ta_entry.o) (__utee_tcb_init)
/home/sepideh/optee-qemu/optee_os/out/arm/export-ta_arm32/lib/libmbedtls.a(bignum.o)
                              /home/sepideh/optee-qemu/optee_os/out/arm/export-ta_arm32/lib/libutee.a(tee_api_arith_mpi.o) (mbedtls_mpi_mempool)
/home/sepideh/optee-qemu/optee_os/out/arm/export-ta_arm32/lib/libmbedtls.a(platform_util.o)
                              /home/sepideh/optee-qemu/optee_os/out/arm/export-ta_arm32/lib/libmbedtls.a(bignum.o) (mbedtls_platform_zeroize)
/home/sepideh/optee-qemu/optee_os/out/arm/export-ta_arm32/lib/libutils.a(snprintf.o)
                              /home/sepideh/optee-qemu/optee_os/out/arm/export-ta_arm32/lib/libutee.a(trace_ext.o) (vsnprintf)
[...]
Memory Configuration

Name             Origin             Length             Attributes
*default*        0x0000000000000000 0xffffffffffffffff

Linker script and memory map


.ta_head        0x0000000000000000       0x20
 *(SORT_BY_ALIGNMENT(.ta_head))
 .ta_head       0x0000000000000000       0x20 ./user_ta_header.o
                0x0000000000000000                ta_head

.text           0x0000000000000020    0x128ce
                0x0000000000000020                __text_start = .
 *(SORT_BY_ALIGNMENT(.text) SORT_BY_ALIGNMENT(.text.*))
 .text          0x0000000000000020     0x12ac ./ta2.o
                0x0000000000000020                malloc_aligned
                0x0000000000000048                connections_add
                0x00000000000000e4                connections_get
                0x000000000000016c                find_connections
                0x0000000000000ab4                encrypt_using_public_key
                0x0000000000000cc4                encrypt_module_key
                0x0000000000000e68                input
                0x0000000000000e94                handle_input
                0x000000000000109c                TA_CreateEntryPoint
                0x00000000000010d0                TA_DestroyEntryPoint
                0x0000000000001100                TA_OpenSessionEntryPoint
                0x000000000000119c                TA_CloseSessionEntryPoint
                0x0000000000001228                TA_InvokeCommandEntryPoint
 .text.__ta_entry
                0x00000000000012cc        0x4 ./ta_entry_a32.o
                0x00000000000012cc                __ta_entry
 .text          0x00000000000012d0     0x13ec /home/sepideh/optee-qemu/optee_os/out/arm/export-ta_arm32/lib/libutils.a(bget_malloc.o)
                0x000000000000134c                bget
                0x00000000000015bc                bgetz
                0x0000000000001654                bgetr
                0x0000000000001714                brel
                0x0000000000001a4c                bpool
                0x0000000000001b48                bstats
                0x0000000000001ce8                malloc_reset_stats
                0x0000000000001d46                malloc_get_stats
                0x00000000000021c4                malloc
                0x0000000000002260                calloc
                0x00000000000022e2                realloc
                0x0000000000002356                free
                0x0000000000002374                free_wipe
                0x000000000000263a                malloc_add_pool
                0x0000000000002664                malloc_buffer_is_within_alloced
                0x0000000000002690                malloc_buffer_overlaps_heap
 .text          0x00000000000026bc      0x458 /home/sepideh/optee-qemu/optee_os/out/arm/export-ta_arm32/lib/libutils.a(trace.o)
                0x00000000000026bc                trace_set_level
                0x0000000000002708                trace_get_level
                0x00000000000027fe                trace_printf
                0x0000000000002834                trace_vprintf
                0x0000000000002af4                dhex_dump
 .text          0x0000000000002b14      0xfbc /home/sepideh/optee-qemu/optee_os/out/arm/export-ta_arm32/lib/libutils.a(snprintk.o)
                0x0000000000002b14                snprintk
                0x0000000000002b4a                vsnprintk
                0x0000000000002b78                __vsnprintf
                0x0000000000002bea                __vsprintf
 .text.__aeabi_ldivmod
                0x0000000000003ad0       0x18 /home/sepideh/optee-qemu/optee_os/out/arm/export-ta_arm32/lib/libutils.a(arm32_aeabi_ldivmod_a32.o)
                0x0000000000003ad0                __aeabi_ldivmod
 .text.__aeabi_uldivmod
                0x0000000000003ae8       0x18 /home/sepideh/optee-qemu/optee_os/out/arm/export-ta_arm32/lib/libutils.a(arm32_aeabi_ldivmod_a32.o)
                0x0000000000003ae8                __aeabi_uldivmod
 .text          0x0000000000003b00       0x5c /home/sepideh/optee-qemu/optee_os/out/arm/export-ta_arm32/lib/libutee.a(assert.o)
                0x0000000000003b00                _assert_log
                0x0000000000003b48                _assert_break
 .text          0x0000000000003b5c      0x110 /home/sepideh/optee-qemu/optee_os/out/arm/export-ta_arm32/lib/libutee.a(trace_ext.o)
                0x0000000000003b5c                trace_ext_puts
                0x0000000000003b80                trace_ext_get_thread_id
                0x0000000000003b94                printf
                0x0000000000003bfc                puts
                0x0000000000003c34                putchar
 .text          0x0000000000003c6c      0xa1c /home/sepideh/optee-qemu/optee_os/out/arm/export-ta_arm32/lib/libutee.a(tee_api.o)
                0x000000000000404c                TEE_OpenTASession
                0x000000000000413a                TEE_CloseTASession
                0x000000000000416a                TEE_InvokeTACommand
                0x0000000000004290                TEE_GetCancellationFlag
                0x00000000000042c4                TEE_UnmaskCancellation
                0x00000000000042f8                TEE_MaskCancellation
                0x000000000000432c                TEE_CheckMemoryAccessRights
                0x000000000000436e                TEE_SetInstanceData
                0x0000000000004394                TEE_GetInstanceData
                0x00000000000043b0                TEE_MemMove
                0x00000000000043d4                TEE_MemCompare
                0x00000000000043f8                TEE_MemFill
                0x000000000000441e                TEE_GetSystemTime
                0x000000000000444a                TEE_Wait
                0x0000000000004482                TEE_GetTAPersistentTime
                0x0000000000004506                TEE_SetTAPersistentTime
                0x000000000000454c                TEE_GetREETime
                0x0000000000004578                TEE_Malloc
                0x00000000000045e0                TEE_Realloc
                0x0000000000004600                TEE_Free
                0x000000000000461a                TEE_CacheClean
                0x000000000000463e                TEE_CacheFlush
                0x0000000000004662                TEE_CacheInvalidate
 .text          0x0000000000004688     0x390c /home/sepideh/optee-qemu/optee_os/out/arm/export-ta_arm32/lib/libutee.a(tee_api_operations.o)
                0x000000000000496c                TEE_AllocateOperation
                0x0000000000005748                TEE_FreeOperation
                0x0000000000005792                TEE_GetOperationInfo
                0x0000000000005800                TEE_GetOperationInfoMultiple
                0x00000000000059cc                TEE_ResetOperation
                0x0000000000005a4c                TEE_SetOperationKey
                0x0000000000005b96                TEE_SetOperationKey2
                0x0000000000005dc8                TEE_CopyOperation
                0x0000000000005f38                TEE_DigestUpdate
                0x0000000000005f94                TEE_DigestDoFinal
                0x0000000000006046                TEE_CipherInit
                0x00000000000063ea                TEE_CipherUpdate
                0x0000000000006598                TEE_CipherDoFinal
                0x000000000000682c                TEE_MACInit
                0x000000000000689e                TEE_MACUpdate
                0x0000000000006920                TEE_MACComputeFinal
                0x0000000000006a08                TEE_MACCompareFinal
                0x0000000000006ae2                TEE_AEInit
                0x0000000000006bd0                TEE_AEUpdateAAD
                0x0000000000006c4a                TEE_AEUpdate
                0x0000000000006de0                TEE_AEEncryptFinal
                0x0000000000006fe8                TEE_AEDecryptFinal
                0x00000000000071b4                TEE_AsymmetricEncrypt
                0x0000000000007352                TEE_AsymmetricDecrypt
                0x00000000000074f0                TEE_AsymmetricSignDigest
                0x0000000000007680                TEE_AsymmetricVerifyDigest
                0x00000000000077ec                TEE_DeriveKey
                0x0000000000007994                TEE_GenerateRandom
                0x00000000000079c0                rand
                0x00000000000079e6                TEE_IsAlgorithmSupported
 .text          0x0000000000007f94      0x21c /home/sepideh/optee-qemu/optee_os/out/arm/export-ta_arm32/lib/libutee.a(tee_api_panic.o)
                0x0000000000007f94                TEE_Panic
                0x0000000000008012                __utee_check_outbuf_annotation
                0x000000000000806c                __utee_check_instring_annotation
                0x00000000000080ac                __utee_check_outstring_annotation
                0x0000000000008104                __utee_check_out_annotation
                0x0000000000008138                __utee_check_attr_in_annotation
                0x000000000000817c                __utee_check_inout_annotation
 .text          0x00000000000081b0      0x234 /home/sepideh/optee-qemu/optee_os/out/arm/export-ta_arm32/lib/libutee.a(tee_system_pta.o)
                0x00000000000082a0                tee_map_zi
                0x0000000000008338                tee_unmap
 .text          0x00000000000083e4        0x0 /home/sepideh/optee-qemu/optee_os/out/arm/export-ta_arm32/lib/libutee.a(utee_syscalls_a32.o)
 .text._utee_panic
                0x00000000000083e4       0x14 /home/sepideh/optee-qemu/optee_os/out/arm/export-ta_arm32/lib/libutee.a(utee_syscalls_a32.o)
                0x00000000000083e4                _utee_panic
 .text._utee_return
                0x00000000000083f8       0x14 /home/sepideh/optee-qemu/optee_os/out/arm/export-ta_arm32/lib/libutee.a(utee_syscalls_a32.o)
                0x00000000000083f8                _utee_return
 .text._utee_log
                0x000000000000840c       0x14 /home/sepideh/optee-qemu/optee_os/out/arm/export-ta_arm32/lib/libutee.a(utee_syscalls_a32.o)
                0x000000000000840c                _utee_log
 .text.__utee_panic
                0x0000000000008420       0x14 /home/sepideh/optee-qemu/optee_os/out/arm/export-ta_arm32/lib/libutee.a(utee_syscalls_a32.o)
                0x0000000000008420                __utee_panic
 .text._utee_get_property
                0x0000000000008434       0x18 /home/sepideh/optee-qemu/optee_os/out/arm/export-ta_arm32/lib/libutee.a(utee_syscalls_a32.o)
                0x0000000000008434                _utee_get_property
 .text._utee_get_property_name_to_index
                0x000000000000844c       0x14 /home/sepideh/optee-qemu/optee_os/out/arm/export-ta_arm32/lib/libutee.a(utee_syscalls_a32.o)
                0x000000000000844c                _utee_get_property_name_to_index
 .text._utee_open_ta_session
                0x0000000000008460       0x18 /home/sepideh/optee-qemu/optee_os/out/arm/export-ta_arm32/lib/libutee.a(utee_syscalls_a32.o)
                0x0000000000008460                _utee_open_ta_session
 .text._utee_close_ta_session
                0x0000000000008478       0x14 /home/sepideh/optee-qemu/optee_os/out/arm/export-ta_arm32/lib/libutee.a(utee_syscalls_a32.o)
                0x0000000000008478                _utee_close_ta_session
 .text._utee_invoke_ta_command
                0x000000000000848c       0x18 /home/sepideh/optee-qemu/optee_os/out/arm/export-ta_arm32/lib/libutee.a(utee_syscalls_a32.o)
                0x000000000000848c                _utee_invoke_ta_command
 .text._utee_get_cancellation_flag
                0x00000000000084a4       0x14 /home/sepideh/optee-qemu/optee_os/out/arm/export-ta_arm32/lib/libutee.a(utee_syscalls_a32.o)
                0x00000000000084a4                _utee_get_cancellation_flag
 .text._utee_check_access_rights
                0x00000000000084b8       0x14 /home/sepideh/optee-qemu/optee_os/out/arm/export-ta_arm32/lib/libutee.a(utee_syscalls_a32.o)
                0x00000000000084b8                _utee_check_access_rights
 .text._utee_unmask_cancellation
                0x00000000000084cc       0x14 /home/sepideh/optee-qemu/optee_os/out/arm/export-ta_arm32/lib/libutee.a(utee_syscalls_a32.o)
                0x00000000000084cc                _utee_unmask_cancellation
 .text._utee_mask_cancellation
                0x00000000000084e0       0x14 /home/sepideh/optee-qemu/optee_os/out/arm/export-ta_arm32/lib/libutee.a(utee_syscalls_a32.o)
                0x00000000000084e0                _utee_mask_cancellation
 .text._utee_wait
                0x00000000000084f4       0x14 /home/sepideh/optee-qemu/optee_os/out/arm/export-ta_arm32/lib/libutee.a(utee_syscalls_a32.o)
                0x00000000000084f4                _utee_wait
 .text._utee_get_time
                0x0000000000008508       0x14 /home/sepideh/optee-qemu/optee_os/out/arm/export-ta_arm32/lib/libutee.a(utee_syscalls_a32.o)
                0x0000000000008508                _utee_get_time
 .text._utee_set_ta_time
                0x000000000000851c       0x14 /home/sepideh/optee-qemu/optee_os/out/arm/export-ta_arm32/lib/libutee.a(utee_syscalls_a32.o)
                0x000000000000851c                _utee_set_ta_time
 .text._utee_cryp_state_alloc
                0x0000000000008530       0x18 /home/sepideh/optee-qemu/optee_os/out/arm/export-ta_arm32/lib/libutee.a(utee_syscalls_a32.o)
                0x0000000000008530                _utee_cryp_state_alloc
 .text._utee_cryp_state_copy
                0x0000000000008548       0x14 /home/sepideh/optee-qemu/optee_os/out/arm/export-ta_arm32/lib/libutee.a(utee_syscalls_a32.o)
                0x0000000000008548                _utee_cryp_state_copy
 .text._utee_cryp_state_free
                0x000000000000855c       0x14 /home/sepideh/optee-qemu/optee_os/out/arm/export-ta_arm32/lib/libutee.a(utee_syscalls_a32.o)
                0x000000000000855c                _utee_cryp_state_free
 .text._utee_hash_init
                0x0000000000008570       0x14 /home/sepideh/optee-qemu/optee_os/out/arm/export-ta_arm32/lib/libutee.a(utee_syscalls_a32.o)
                0x0000000000008570                _utee_hash_init
 .text._utee_hash_update
                0x0000000000008584       0x14 /home/sepideh/optee-qemu/optee_os/out/arm/export-ta_arm32/lib/libutee.a(utee_syscalls_a32.o)
                0x0000000000008584                _utee_hash_update
 .text._utee_hash_final
                0x0000000000008598       0x18 /home/sepideh/optee-qemu/optee_os/out/arm/export-ta_arm32/lib/libutee.a(utee_syscalls_a32.o)
                0x0000000000008598                _utee_hash_final
 .text._utee_cipher_init
                0x00000000000085b0       0x14 /home/sepideh/optee-qemu/optee_os/out/arm/export-ta_arm32/lib/libutee.a(utee_syscalls_a32.o)
                0x00000000000085b0                _utee_cipher_init
 .text._utee_cipher_update
                0x00000000000085c4       0x18 /home/sepideh/optee-qemu/optee_os/out/arm/export-ta_arm32/lib/libutee.a(utee_syscalls_a32.o)
                0x00000000000085c4                _utee_cipher_update
 .text._utee_cipher_final
                0x00000000000085dc       0x18 /home/sepideh/optee-qemu/optee_os/out/arm/export-ta_arm32/lib/libutee.a(utee_syscalls_a32.o)
                0x00000000000085dc                _utee_cipher_final
 .text._utee_cryp_obj_get_info
                0x00000000000085f4       0x14 /home/sepideh/optee-qemu/optee_os/out/arm/export-ta_arm32/lib/libutee.a(utee_syscalls_a32.o)
                0x00000000000085f4                _utee_cryp_obj_get_info
 .text._utee_cryp_obj_restrict_usage
                0x0000000000008608       0x14 /home/sepideh/optee-qemu/optee_os/out/arm/export-ta_arm32/lib/libutee.a(utee_syscalls_a32.o)
                0x0000000000008608                _utee_cryp_obj_restrict_usage
 .text._utee_cryp_obj_get_attr
                0x000000000000861c       0x14 /home/sepideh/optee-qemu/optee_os/out/arm/export-ta_arm32/lib/libutee.a(utee_syscalls_a32.o)
                0x000000000000861c                _utee_cryp_obj_get_attr
 .text._utee_cryp_obj_alloc
                0x0000000000008630       0x14 /home/sepideh/optee-qemu/optee_os/out/arm/export-ta_arm32/lib/libutee.a(utee_syscalls_a32.o)
                0x0000000000008630                _utee_cryp_obj_alloc
 .text._utee_cryp_obj_close
                0x0000000000008644       0x14 /home/sepideh/optee-qemu/optee_os/out/arm/export-ta_arm32/lib/libutee.a(utee_syscalls_a32.o)
                0x0000000000008644                _utee_cryp_obj_close
 .text._utee_cryp_obj_reset
                0x0000000000008658       0x14 /home/sepideh/optee-qemu/optee_os/out/arm/export-ta_arm32/lib/libutee.a(utee_syscalls_a32.o)
                0x0000000000008658                _utee_cryp_obj_reset
 .text._utee_cryp_obj_populate
                0x000000000000866c       0x14 /home/sepideh/optee-qemu/optee_os/out/arm/export-ta_arm32/lib/libutee.a(utee_syscalls_a32.o)
                0x000000000000866c                _utee_cryp_obj_populate
 .text._utee_cryp_obj_copy
                0x0000000000008680       0x14 /home/sepideh/optee-qemu/optee_os/out/arm/export-ta_arm32/lib/libutee.a(utee_syscalls_a32.o)
                0x0000000000008680                _utee_cryp_obj_copy
 .text._utee_cryp_derive_key
                0x0000000000008694       0x14 /home/sepideh/optee-qemu/optee_os/out/arm/export-ta_arm32/lib/libutee.a(utee_syscalls_a32.o)
                0x0000000000008694                _utee_cryp_derive_key
 .text._utee_cryp_random_number_generate
                0x00000000000086a8       0x14 /home/sepideh/optee-qemu/optee_os/out/arm/export-ta_arm32/lib/libutee.a(utee_syscalls_a32.o)
                0x00000000000086a8                _utee_cryp_random_number_generate
 .text._utee_authenc_init
                0x00000000000086bc       0x18 /home/sepideh/optee-qemu/optee_os/out/arm/export-ta_arm32/lib/libutee.a(utee_syscalls_a32.o)
                0x00000000000086bc                _utee_authenc_init
 .text._utee_authenc_update_aad
                0x00000000000086d4       0x14 /home/sepideh/optee-qemu/optee_os/out/arm/export-ta_arm32/lib/libutee.a(utee_syscalls_a32.o)
                0x00000000000086d4                _utee_authenc_update_aad
 .text._utee_authenc_update_payload
                0x00000000000086e8       0x18 /home/sepideh/optee-qemu/optee_os/out/arm/export-ta_arm32/lib/libutee.a(utee_syscalls_a32.o)
                0x00000000000086e8                _utee_authenc_update_payload
 .text._utee_authenc_enc_final
                0x0000000000008700       0x18 /home/sepideh/optee-qemu/optee_os/out/arm/export-ta_arm32/lib/libutee.a(utee_syscalls_a32.o)
                0x0000000000008700                _utee_authenc_enc_final
 .text._utee_authenc_dec_final
                0x0000000000008718       0x18 /home/sepideh/optee-qemu/optee_os/out/arm/export-ta_arm32/lib/libutee.a(utee_syscalls_a32.o)
                0x0000000000008718                _utee_authenc_dec_final
 .text._utee_asymm_operate
                0x0000000000008730       0x18 /home/sepideh/optee-qemu/optee_os/out/arm/export-ta_arm32/lib/libutee.a(utee_syscalls_a32.o)
                0x0000000000008730                _utee_asymm_operate
 .text._utee_asymm_verify
                0x0000000000008748       0x18 /home/sepideh/optee-qemu/optee_os/out/arm/export-ta_arm32/lib/libutee.a(utee_syscalls_a32.o)
                0x0000000000008748                _utee_asymm_verify
 .text._utee_storage_obj_open
                0x0000000000008760       0x18 /home/sepideh/optee-qemu/optee_os/out/arm/export-ta_arm32/lib/libutee.a(utee_syscalls_a32.o)
                0x0000000000008760                _utee_storage_obj_open
 .text._utee_storage_obj_create
                0x0000000000008778       0x18 /home/sepideh/optee-qemu/optee_os/out/arm/export-ta_arm32/lib/libutee.a(utee_syscalls_a32.o)
                0x0000000000008778                _utee_storage_obj_create
 .text._utee_storage_obj_del
                0x0000000000008790       0x14 /home/sepideh/optee-qemu/optee_os/out/arm/export-ta_arm32/lib/libutee.a(utee_syscalls_a32.o)
                0x0000000000008790                _utee_storage_obj_del
 .text._utee_storage_obj_rename
                0x00000000000087a4       0x14 /home/sepideh/optee-qemu/optee_os/out/arm/export-ta_arm32/lib/libutee.a(utee_syscalls_a32.o)
                0x00000000000087a4                _utee_storage_obj_rename
 .text._utee_storage_alloc_enum
                0x00000000000087b8       0x14 /home/sepideh/optee-qemu/optee_os/out/arm/export-ta_arm32/lib/libutee.a(utee_syscalls_a32.o)
                0x00000000000087b8                _utee_storage_alloc_enum
 .text._utee_storage_free_enum
                0x00000000000087cc       0x14 /home/sepideh/optee-qemu/optee_os/out/arm/export-ta_arm32/lib/libutee.a(utee_syscalls_a32.o)
                0x00000000000087cc                _utee_storage_free_enum
 .text._utee_storage_reset_enum
                0x00000000000087e0       0x14 /home/sepideh/optee-qemu/optee_os/out/arm/export-ta_arm32/lib/libutee.a(utee_syscalls_a32.o)
                0x00000000000087e0                _utee_storage_reset_enum
 .text._utee_storage_start_enum
                0x00000000000087f4       0x14 /home/sepideh/optee-qemu/optee_os/out/arm/export-ta_arm32/lib/libutee.a(utee_syscalls_a32.o)
                0x00000000000087f4                _utee_storage_start_enum
 .text._utee_storage_next_enum
                0x0000000000008808       0x14 /home/sepideh/optee-qemu/optee_os/out/arm/export-ta_arm32/lib/libutee.a(utee_syscalls_a32.o)
                0x0000000000008808                _utee_storage_next_enum
 .text._utee_storage_obj_read
                0x000000000000881c       0x14 /home/sepideh/optee-qemu/optee_os/out/arm/export-ta_arm32/lib/libutee.a(utee_syscalls_a32.o)
                0x000000000000881c                _utee_storage_obj_read
 .text._utee_storage_obj_write
                0x0000000000008830       0x14 /home/sepideh/optee-qemu/optee_os/out/arm/export-ta_arm32/lib/libutee.a(utee_syscalls_a32.o)
                0x0000000000008830                _utee_storage_obj_write
 .text._utee_storage_obj_trunc
                0x0000000000008844       0x14 /home/sepideh/optee-qemu/optee_os/out/arm/export-ta_arm32/lib/libutee.a(utee_syscalls_a32.o)
                0x0000000000008844                _utee_storage_obj_trunc
 .text._utee_storage_obj_seek
                0x0000000000008858       0x14 /home/sepideh/optee-qemu/optee_os/out/arm/export-ta_arm32/lib/libutee.a(utee_syscalls_a32.o)
                0x0000000000008858                _utee_storage_obj_seek
 .text._utee_cryp_obj_generate_key
                0x000000000000886c       0x14 /home/sepideh/optee-qemu/optee_os/out/arm/export-ta_arm32/lib/libutee.a(utee_syscalls_a32.o)
                0x000000000000886c                _utee_cryp_obj_generate_key
 .text._utee_cache_operation
                0x0000000000008880       0x14 /home/sepideh/optee-qemu/optee_os/out/arm/export-ta_arm32/lib/libutee.a(utee_syscalls_a32.o)
                0x0000000000008880                _utee_cache_operation
 .text          0x0000000000008894      0xa5c /home/sepideh/optee-qemu/optee_os/out/arm/export-ta_arm32/lib/libutee.a(user_ta_entry.o)
                0x0000000000008a7c                __utee_call_elf_init_fn
                0x0000000000008c3c                __utee_call_elf_fini_fn
                0x0000000000009278                __utee_entry
 .text          0x00000000000092f0       0x20 /home/sepideh/optee-qemu/optee_os/out/arm/export-ta_arm32/lib/libutee.a(abort.o)
                0x00000000000092f0                abort
 .text          0x0000000000009310     0x1df0 /home/sepideh/optee-qemu/optee_os/out/arm/export-ta_arm32/lib/libutee.a(tee_api_arith_mpi.o)
                0x0000000000009370                _TEE_MathAPI_Init
                0x0000000000009508                TEE_BigIntInit
                0x0000000000009580                TEE_BigIntConvertFromOctetString
                0x00000000000095fa                TEE_BigIntConvertToOctetString
                0x0000000000009680                TEE_BigIntConvertFromS32
                0x0000000000009700                TEE_BigIntConvertToS32
                0x00000000000097d4                TEE_BigIntCmp
                0x000000000000982a                TEE_BigIntCmpS32
                0x0000000000009866                TEE_BigIntShiftRight
                0x0000000000009a20                TEE_BigIntGetBit
                0x0000000000009a66                TEE_BigIntGetBitCount
                0x0000000000009d18                TEE_BigIntAdd
                0x0000000000009d4c                TEE_BigIntSub
                0x0000000000009d80                TEE_BigIntNeg
                0x0000000000009e30                TEE_BigIntMul
                0x0000000000009f10                TEE_BigIntSquare
                0x0000000000009f30                TEE_BigIntDiv
                0x000000000000a09c                TEE_BigIntMod
                0x000000000000a108                TEE_BigIntAddMod
                0x000000000000a140                TEE_BigIntSubMod
                0x000000000000a178                TEE_BigIntMulMod
                0x000000000000a1b0                TEE_BigIntSquareMod
                0x000000000000a1d4                TEE_BigIntInvMod
                0x000000000000a2e0                TEE_BigIntRelativePrime
                0x000000000000ab98                TEE_BigIntComputeExtendedGcd
                0x000000000000ae60                TEE_BigIntIsProbablePrime
                0x000000000000aeb4                TEE_BigIntInitFMM
                0x000000000000aed2                TEE_BigIntInitFMMContext
                0x000000000000aeee                TEE_BigIntFMMSizeInU32
                0x000000000000af14                TEE_BigIntFMMContextSizeInU32
                0x000000000000af30                TEE_BigIntConvertToFMM
                0x000000000000af54                TEE_BigIntConvertFromFMM
                0x000000000000aff0                TEE_BigIntComputeFMM
 .text          0x000000000000b100      0x450 /home/sepideh/optee-qemu/optee_os/out/arm/export-ta_arm32/lib/libutee.a(tcb.o)
                0x000000000000b100                __utee_tcb_init
                0x000000000000b410                __tls_get_addr
                0x000000000000b448                dl_iterate_phdr
 .text          0x000000000000b550     0x5794 /home/sepideh/optee-qemu/optee_os/out/arm/export-ta_arm32/lib/libmbedtls.a(bignum.o)
                0x000000000000b5ae                mbedtls_mpi_init
                0x000000000000b5cc                mbedtls_mpi_init_mempool
                0x000000000000b608                mbedtls_mpi_free
                0x000000000000b694                mbedtls_mpi_grow
                0x000000000000b79c                mbedtls_mpi_shrink
                0x000000000000b8f0                mbedtls_mpi_copy
                0x000000000000b9c8                mbedtls_mpi_swap
                0x000000000000ba0a                mbedtls_mpi_safe_cond_assign
                0x000000000000bb1e                mbedtls_mpi_safe_cond_swap
                0x000000000000bc90                mbedtls_mpi_lset
                0x000000000000bcfe                mbedtls_mpi_get_bit
                0x000000000000bd4c                mbedtls_mpi_set_bit
                0x000000000000be1a                mbedtls_mpi_lsb
                0x000000000000bee2                mbedtls_mpi_bitlen
                0x000000000000bf5a                mbedtls_mpi_size
                0x000000000000c000                mbedtls_mpi_read_string
                0x000000000000c2ec                mbedtls_mpi_write_string
                0x000000000000c5cc                mbedtls_mpi_read_binary_le
                0x000000000000c696                mbedtls_mpi_read_binary
                0x000000000000c756                mbedtls_mpi_write_binary_le
                0x000000000000c82c                mbedtls_mpi_write_binary
                0x000000000000c910                mbedtls_mpi_shift_l
                0x000000000000ca92                mbedtls_mpi_shift_r
                0x000000000000cbfc                mbedtls_mpi_cmp_abs
                0x000000000000cd2a                mbedtls_mpi_cmp_mpi
                0x000000000000ceee                mbedtls_mpi_lt_mpi_ct
                0x000000000000d02c                mbedtls_mpi_cmp_int
                0x000000000000d078                mbedtls_mpi_add_abs
                0x000000000000d2cc                mbedtls_mpi_sub_abs
                0x000000000000d3a8                mbedtls_mpi_add_mpi
                0x000000000000d454                mbedtls_mpi_sub_mpi
                0x000000000000d500                mbedtls_mpi_add_int
                0x000000000000d550                mbedtls_mpi_sub_int
                0x000000000000e4e6                mbedtls_mpi_mul_mpi
                0x000000000000e678                mbedtls_mpi_mul_int
                0x000000000000e762                mbedtls_mpi_div_mpi
                0x000000000000eda8                mbedtls_mpi_div_int
                0x000000000000edfa                mbedtls_mpi_mod_mpi
                0x000000000000ee98                mbedtls_mpi_mod_int
                0x000000000000efb2                mbedtls_mpi_montg_init
                0x000000000000f020                mbedtls_mpi_montmul
                0x000000000000f150                mbedtls_mpi_montred
                0x000000000000f196                mbedtls_mpi_exp_mod
                0x000000000000f8f8                mbedtls_mpi_gcd
                0x000000000000fae4                mbedtls_mpi_fill_random
                0x000000000000fb90                mbedtls_mpi_inv_mod
                0x00000000000103da                mbedtls_mpi_is_prime_ext
                0x0000000000010486                mbedtls_mpi_is_prime
                0x00000000000104ae                mbedtls_mpi_gen_prime
                0x00000000000107c2                mbedtls_mpi_self_test
 .text          0x0000000000010ce4       0x30 /home/sepideh/optee-qemu/optee_os/out/arm/export-ta_arm32/lib/libmbedtls.a(platform_util.o)
                0x0000000000010ce4                mbedtls_platform_zeroize
 .text          0x0000000000010d14      0x294 /home/sepideh/optee-qemu/optee_os/out/arm/export-ta_arm32/lib/libutils.a(mempool.o)
                0x0000000000010d44                mempool_alloc_pool
                0x0000000000010db8                mempool_alloc
                0x0000000000010eac                mempool_calloc
                0x0000000000010f2a                mempool_free
 .text          0x0000000000010fa8       0x38 ./user_ta_header.o
                0x0000000000010fa8                __ta_entry_c
                0x0000000000010fcc                tahead_get_trace_level
 .text          0x0000000000010fe0       0xf2 /home/sepideh/optee-qemu/optee_os/out/arm/export-ta_arm32/lib/libutils.a(memcpy.o)
                0x0000000000010fe0                memcpy
 .text          0x00000000000110d2      0x11c /home/sepideh/optee-qemu/optee_os/out/arm/export-ta_arm32/lib/libutils.a(memset.o)
                0x00000000000110d2                memset
 .text          0x00000000000111ee       0x30 /home/sepideh/optee-qemu/optee_os/out/arm/export-ta_arm32/lib/libutils.a(aeabi_unwind.o)
                0x00000000000111ee                __aeabi_unwind_cpp_pr0
                0x00000000000111fe                __aeabi_unwind_cpp_pr1
                0x000000000001120e                __aeabi_unwind_cpp_pr2
 .text          0x000000000001121e      0x114 /home/sepideh/optee-qemu/optee_os/out/arm/export-ta_arm32/lib/libutils.a(memchr.o)
                0x000000000001121e                memchr
 .text          0x0000000000011332       0x8a /home/sepideh/optee-qemu/optee_os/out/arm/export-ta_arm32/lib/libutils.a(strlen.o)
                0x0000000000011332                strlen
 .text          0x00000000000113bc      0x28e /home/sepideh/optee-qemu/optee_os/out/arm/export-ta_arm32/lib/libutils.a(arm32_aeabi_ldivmod.o)
                0x000000000001150a                __ul_divmod
                0x000000000001156c                __l_divmod
 .text          0x000000000001164a     0x1048 /home/sepideh/optee-qemu/optee_os/out/arm/export-ta_arm32/lib/libutee.a(tee_api_objects.o)
                0x000000000001164a                __utee_from_attr
                0x00000000000117aa                TEE_GetObjectInfo
                0x0000000000011818                TEE_GetObjectInfo1
                0x0000000000011864                TEE_RestrictObjectUsage
                0x00000000000118b0                TEE_RestrictObjectUsage1
                0x00000000000118fc                TEE_GetObjectBufferAttribute
                0x00000000000119bc                TEE_GetObjectValueAttribute
                0x0000000000011aae                TEE_CloseObject
                0x0000000000011ae0                TEE_AllocateTransientObject
                0x0000000000011b4a                TEE_FreeTransientObject
                0x0000000000011baa                TEE_ResetTransientObject
                0x0000000000011c0a                TEE_PopulateTransientObject
                0x0000000000011d50                TEE_InitRefAttribute
                0x0000000000011d98                TEE_InitValueAttribute
                0x0000000000011de0                TEE_CopyObjectAttributes
                0x0000000000011e2c                TEE_CopyObjectAttributes1
                0x0000000000011ee4                TEE_GenerateKey
                0x0000000000011fec                TEE_OpenPersistentObject
                0x00000000000120a0                TEE_CreatePersistentObject
                0x0000000000012178                TEE_CloseAndDeletePersistentObject
                0x00000000000121aa                TEE_CloseAndDeletePersistentObject1
                0x00000000000121f0                TEE_RenamePersistentObject
                0x0000000000012260                TEE_AllocatePersistentObjectEnumerator
                0x00000000000122ba                TEE_FreePersistentObjectEnumerator
                0x00000000000122ec                TEE_ResetPersistentObjectEnumerator
                0x000000000001231e                TEE_StartPersistentObjectEnumerator
                0x0000000000012378                TEE_GetNextPersistentObject
                0x000000000001242e                TEE_ReadObjectData
                0x00000000000124b4                TEE_WriteObjectData
                0x0000000000012532                TEE_TruncateObjectData
                0x000000000001259e                TEE_SeekObjectData
 .text          0x0000000000012692       0x6a /home/sepideh/optee-qemu/optee_os/out/arm/export-ta_arm32/lib/libutils.a(snprintf.o)
                0x0000000000012692                snprintf
                0x00000000000126ce                vsnprintf
 .text          0x00000000000126fc      0x13e /home/sepideh/optee-qemu/optee_os/out/arm/export-ta_arm32/lib/libutils.a(memmove.o)
                0x00000000000126fc                memmove
 .text          0x000000000001283a       0xb4 /home/sepideh/optee-qemu/optee_os/out/arm/export-ta_arm32/lib/libutils.a(consttime_memcmp.o)
                0x000000000001283a                consttime_memcmp
 .text          0x00000000000128ee        0x0 ./ta_entry_a32.o
 .text          0x00000000000128ee        0x0 /home/sepideh/optee-qemu/optee_os/out/arm/export-ta_arm32/lib/libutils.a(arm32_aeabi_ldivmod_a32.o)
 *(SORT_BY_ALIGNMENT(.stub))
 *(SORT_BY_ALIGNMENT(.glue_7))
 .glue_7        0x00000000000128ee        0x0 linker stubs
 *(SORT_BY_ALIGNMENT(.glue_7t))
 .glue_7t       0x00000000000128ee        0x0 linker stubs
 *(SORT_BY_ALIGNMENT(.gnu.linkonce.t.*))
 *(SORT_BY_ALIGNMENT(.vfp11_veneer))
 .vfp11_veneer  0x00000000000128ee        0x0 linker stubs
                0x00000000000128ee                __text_end = .

.v4_bx          0x00000000000128f0        0x0
 .v4_bx         0x00000000000128f0        0x0 linker stubs

.iplt           0x00000000000128f0        0x0
 .iplt          0x00000000000128f0        0x0 ./ta2.o

.plt            0x00000000000128f0        0x0
 *(SORT_BY_ALIGNMENT(.plt))
 .plt           0x00000000000128f0        0x0 ./ta2.o

.eh_frame_hdr
 *(SORT_BY_ALIGNMENT(.eh_frame_hdr))
 *(SORT_BY_ALIGNMENT(.eh_frame_entry) SORT_BY_ALIGNMENT(.eh_frame_entry.*))

.eh_frame
 *(SORT_BY_ALIGNMENT(.eh_frame))
 *(SORT_BY_ALIGNMENT(.eh_frame.*))

.gcc_except_table
 *(SORT_BY_ALIGNMENT(.gcc_except_table) SORT_BY_ALIGNMENT(.gcc_except_table.*))

.rodata         0x00000000000128f0     0x17de
 *(SORT_BY_ALIGNMENT(.gnu.linkonce.r.*))
 *(SORT_BY_ALIGNMENT(.rodata) SORT_BY_ALIGNMENT(.rodata.*))
 .rodata.ta2.c  0x00000000000128f0      0x72b ./ta2.o
 *fill*         0x000000000001301b        0x1 
 .rodata.user_ta_header.c
                0x000000000001301c       0xd4 ./user_ta_header.o
                0x000000000001301c                trace_ext_prefix
                0x0000000000013020                ta_heap_size
                0x00000000000130ec                ta_num_props
 .rodata.lib/libutils/isoc/bget_malloc.c
                0x00000000000130f0      0x338 /home/sepideh/optee-qemu/optee_os/out/arm/export-ta_arm32/lib/libutils.a(bget_malloc.o)
 .rodata.lib/libutils/ext/trace.c
                0x0000000000013428       0x29 /home/sepideh/optee-qemu/optee_os/out/arm/export-ta_arm32/lib/libutils.a(trace.o)
 *fill*         0x0000000000013451        0x3 
 .rodata.lib/libutils/ext/snprintk.c
                0x0000000000013454       0x7d /home/sepideh/optee-qemu/optee_os/out/arm/export-ta_arm32/lib/libutils.a(snprintk.o)
 *fill*         0x00000000000134d1        0x3 
 .rodata.lib/libutee/assert.c
                0x00000000000134d4       0x27 /home/sepideh/optee-qemu/optee_os/out/arm/export-ta_arm32/lib/libutee.a(assert.o)
 *fill*         0x00000000000134fb        0x1 
 .rodata.lib/libutee/trace_ext.c
                0x00000000000134fc        0x2 /home/sepideh/optee-qemu/optee_os/out/arm/export-ta_arm32/lib/libutee.a(trace_ext.o)
 *fill*         0x00000000000134fe        0x2 
 .rodata.lib/libutee/tee_api.c
                0x0000000000013500       0x1f /home/sepideh/optee-qemu/optee_os/out/arm/export-ta_arm32/lib/libutee.a(tee_api.o)
 *fill*         0x000000000001351f        0x1 
 .rodata.lib/libutee/tee_api_panic.c
                0x0000000000013520       0x68 /home/sepideh/optee-qemu/optee_os/out/arm/export-ta_arm32/lib/libutee.a(tee_api_panic.o)
 .rodata.lib/libutee/tee_system_pta.c
                0x0000000000013588       0x46 /home/sepideh/optee-qemu/optee_os/out/arm/export-ta_arm32/lib/libutee.a(tee_system_pta.o)
 *fill*         0x00000000000135ce        0x2 
 .rodata.lib/libutee/arch/arm/user_ta_entry.c
                0x00000000000135d0       0x32 /home/sepideh/optee-qemu/optee_os/out/arm/export-ta_arm32/lib/libutee.a(user_ta_entry.o)
 *fill*         0x0000000000013602        0x2 
 .rodata.lib/libutee/abort.c
                0x0000000000013604        0x7 /home/sepideh/optee-qemu/optee_os/out/arm/export-ta_arm32/lib/libutee.a(abort.o)
 *fill*         0x000000000001360b        0x1 
 .rodata.lib/libutee/tee_api_arith_mpi.c
                0x000000000001360c      0x221 /home/sepideh/optee-qemu/optee_os/out/arm/export-ta_arm32/lib/libutee.a(tee_api_arith_mpi.o)
 *fill*         0x000000000001382d        0x3 
 .rodata.lib/libutee/arch/arm/tcb.c
                0x0000000000013830       0xbc /home/sepideh/optee-qemu/optee_os/out/arm/export-ta_arm32/lib/libutee.a(tcb.o)
 .rodata.lib/libmbedtls/mbedtls/library/bignum.c
                0x00000000000138ec      0x742 /home/sepideh/optee-qemu/optee_os/out/arm/export-ta_arm32/lib/libmbedtls.a(bignum.o)
 *fill*         0x000000000001402e        0x2 
 .rodata.lib/libutils/ext/mempool.c
                0x0000000000014030       0x9e /home/sepideh/optee-qemu/optee_os/out/arm/export-ta_arm32/lib/libutils.a(mempool.o)

.gnu.version_d  0x00000000000140d0        0x0
 .gnu.version_d
                0x00000000000140d0        0x0 ./ta2.o

.gnu.version    0x00000000000140ce        0x0
 .gnu.version   0x00000000000140ce        0x0 ./ta2.o

.gnu.version_r  0x00000000000140d0        0x0
 .gnu.version_r
                0x00000000000140d0        0x0 ./ta2.o

.gnu.hash       0x00000000000140d0       0x20
 .gnu.hash      0x00000000000140d0       0x20 ./ta2.o

.ARM.extab      0x00000000000140f0      0xf58
 *(SORT_BY_ALIGNMENT(.ARM.extab*) SORT_BY_ALIGNMENT(.gnu.linkonce.armextab.*))
 .ARM.extab     0x00000000000140f0       0xd8 ./ta2.o
 .ARM.extab     0x00000000000141c8        0xc ./user_ta_header.o
 .ARM.extab     0x00000000000141d4      0x1e0 /home/sepideh/optee-qemu/optee_os/out/arm/export-ta_arm32/lib/libutils.a(bget_malloc.o)
 .ARM.extab     0x00000000000143b4        0xc /home/sepideh/optee-qemu/optee_os/out/arm/export-ta_arm32/lib/libutils.a(memcpy.o)
 .ARM.extab     0x00000000000143c0        0xc /home/sepideh/optee-qemu/optee_os/out/arm/export-ta_arm32/lib/libutils.a(memset.o)
 .ARM.extab     0x00000000000143cc       0x54 /home/sepideh/optee-qemu/optee_os/out/arm/export-ta_arm32/lib/libutils.a(trace.o)
 .ARM.extab     0x0000000000014420       0x3c /home/sepideh/optee-qemu/optee_os/out/arm/export-ta_arm32/lib/libutils.a(snprintk.o)
 .ARM.extab     0x000000000001445c        0xc /home/sepideh/optee-qemu/optee_os/out/arm/export-ta_arm32/lib/libutils.a(memchr.o)
 .ARM.extab     0x0000000000014468        0xc /home/sepideh/optee-qemu/optee_os/out/arm/export-ta_arm32/lib/libutils.a(strlen.o)
 .ARM.extab.text.__aeabi_ldivmod
                0x0000000000014474        0xc /home/sepideh/optee-qemu/optee_os/out/arm/export-ta_arm32/lib/libutils.a(arm32_aeabi_ldivmod_a32.o)
 .ARM.extab.text.__aeabi_uldivmod
                0x0000000000014480        0xc /home/sepideh/optee-qemu/optee_os/out/arm/export-ta_arm32/lib/libutils.a(arm32_aeabi_ldivmod_a32.o)
 .ARM.extab     0x000000000001448c       0x30 /home/sepideh/optee-qemu/optee_os/out/arm/export-ta_arm32/lib/libutils.a(arm32_aeabi_ldivmod.o)
 .ARM.extab     0x00000000000144bc        0xc /home/sepideh/optee-qemu/optee_os/out/arm/export-ta_arm32/lib/libutee.a(assert.o)
 .ARM.extab     0x00000000000144c8       0x34 /home/sepideh/optee-qemu/optee_os/out/arm/export-ta_arm32/lib/libutee.a(trace_ext.o)
 .ARM.extab     0x00000000000144fc      0x120 /home/sepideh/optee-qemu/optee_os/out/arm/export-ta_arm32/lib/libutee.a(tee_api.o)
 .ARM.extab     0x000000000001461c      0x174 /home/sepideh/optee-qemu/optee_os/out/arm/export-ta_arm32/lib/libutee.a(tee_api_objects.o)
 .ARM.extab     0x0000000000014790      0x1b0 /home/sepideh/optee-qemu/optee_os/out/arm/export-ta_arm32/lib/libutee.a(tee_api_operations.o)
 .ARM.extab     0x0000000000014940       0x6c /home/sepideh/optee-qemu/optee_os/out/arm/export-ta_arm32/lib/libutee.a(tee_api_panic.o)
 .ARM.extab     0x00000000000149ac       0x3c /home/sepideh/optee-qemu/optee_os/out/arm/export-ta_arm32/lib/libutee.a(tee_system_pta.o)
 .ARM.extab.text._utee_panic
                0x00000000000149e8        0xc /home/sepideh/optee-qemu/optee_os/out/arm/export-ta_arm32/lib/libutee.a(utee_syscalls_a32.o)
 .ARM.extab     0x00000000000149f4       0xb4 /home/sepideh/optee-qemu/optee_os/out/arm/export-ta_arm32/lib/libutee.a(user_ta_entry.o)
 .ARM.extab     0x0000000000014aa8      0x204 /home/sepideh/optee-qemu/optee_os/out/arm/export-ta_arm32/lib/libutee.a(tee_api_arith_mpi.o)
 .ARM.extab     0x0000000000014cac       0x24 /home/sepideh/optee-qemu/optee_os/out/arm/export-ta_arm32/lib/libutee.a(tcb.o)
 .ARM.extab     0x0000000000014cd0      0x2f4 /home/sepideh/optee-qemu/optee_os/out/arm/export-ta_arm32/lib/libmbedtls.a(bignum.o)
 .ARM.extab     0x0000000000014fc4        0xc /home/sepideh/optee-qemu/optee_os/out/arm/export-ta_arm32/lib/libmbedtls.a(platform_util.o)
 .ARM.extab     0x0000000000014fd0       0x18 /home/sepideh/optee-qemu/optee_os/out/arm/export-ta_arm32/lib/libutils.a(snprintf.o)
 .ARM.extab     0x0000000000014fe8        0xc /home/sepideh/optee-qemu/optee_os/out/arm/export-ta_arm32/lib/libutils.a(memmove.o)
 .ARM.extab     0x0000000000014ff4       0x48 /home/sepideh/optee-qemu/optee_os/out/arm/export-ta_arm32/lib/libutils.a(mempool.o)
 .ARM.extab     0x000000000001503c        0xc /home/sepideh/optee-qemu/optee_os/out/arm/export-ta_arm32/lib/libutils.a(consttime_memcmp.o)
 .ARM.extab.text.__ta_entry
                0x0000000000015048        0x0 ./ta_entry_a32.o
 .ARM.extab     0x0000000000015048        0x0 /home/sepideh/optee-qemu/optee_os/out/arm/export-ta_arm32/lib/libutils.a(aeabi_unwind.o)
 .ARM.extab.text._utee_return
                0x0000000000015048        0x0 /home/sepideh/optee-qemu/optee_os/out/arm/export-ta_arm32/lib/libutee.a(utee_syscalls_a32.o)
 .ARM.extab.text._utee_log
                0x0000000000015048        0x0 /home/sepideh/optee-qemu/optee_os/out/arm/export-ta_arm32/lib/libutee.a(utee_syscalls_a32.o)
 .ARM.extab.text.__utee_panic
                0x0000000000015048        0x0 /home/sepideh/optee-qemu/optee_os/out/arm/export-ta_arm32/lib/libutee.a(utee_syscalls_a32.o)
 .ARM.extab.text._utee_get_property
                0x0000000000015048        0x0 /home/sepideh/optee-qemu/optee_os/out/arm/export-ta_arm32/lib/libutee.a(utee_syscalls_a32.o)
 .ARM.extab.text._utee_get_property_name_to_index
                0x0000000000015048        0x0 /home/sepideh/optee-qemu/optee_os/out/arm/export-ta_arm32/lib/libutee.a(utee_syscalls_a32.o)
 .ARM.extab.text._utee_open_ta_session
                0x0000000000015048        0x0 /home/sepideh/optee-qemu/optee_os/out/arm/export-ta_arm32/lib/libutee.a(utee_syscalls_a32.o)
 .ARM.extab.text._utee_close_ta_session
                0x0000000000015048        0x0 /home/sepideh/optee-qemu/optee_os/out/arm/export-ta_arm32/lib/libutee.a(utee_syscalls_a32.o)
 .ARM.extab.text._utee_invoke_ta_command
                0x0000000000015048        0x0 /home/sepideh/optee-qemu/optee_os/out/arm/export-ta_arm32/lib/libutee.a(utee_syscalls_a32.o)
 .ARM.extab.text._utee_get_cancellation_flag
                0x0000000000015048        0x0 /home/sepideh/optee-qemu/optee_os/out/arm/export-ta_arm32/lib/libutee.a(utee_syscalls_a32.o)
 .ARM.extab.text._utee_check_access_rights
                0x0000000000015048        0x0 /home/sepideh/optee-qemu/optee_os/out/arm/export-ta_arm32/lib/libutee.a(utee_syscalls_a32.o)
 .ARM.extab.text._utee_unmask_cancellation
                0x0000000000015048        0x0 /home/sepideh/optee-qemu/optee_os/out/arm/export-ta_arm32/lib/libutee.a(utee_syscalls_a32.o)
 .ARM.extab.text._utee_mask_cancellation
                0x0000000000015048        0x0 /home/sepideh/optee-qemu/optee_os/out/arm/export-ta_arm32/lib/libutee.a(utee_syscalls_a32.o)
 .ARM.extab.text._utee_wait
                0x0000000000015048        0x0 /home/sepideh/optee-qemu/optee_os/out/arm/export-ta_arm32/lib/libutee.a(utee_syscalls_a32.o)
 .ARM.extab.text._utee_get_time
                0x0000000000015048        0x0 /home/sepideh/optee-qemu/optee_os/out/arm/export-ta_arm32/lib/libutee.a(utee_syscalls_a32.o)
 .ARM.extab.text._utee_set_ta_time
                0x0000000000015048        0x0 /home/sepideh/optee-qemu/optee_os/out/arm/export-ta_arm32/lib/libutee.a(utee_syscalls_a32.o)
 .ARM.extab.text._utee_cryp_state_alloc
                0x0000000000015048        0x0 /home/sepideh/optee-qemu/optee_os/out/arm/export-ta_arm32/lib/libutee.a(utee_syscalls_a32.o)
 .ARM.extab.text._utee_cryp_state_copy
                0x0000000000015048        0x0 /home/sepideh/optee-qemu/optee_os/out/arm/export-ta_arm32/lib/libutee.a(utee_syscalls_a32.o)
 .ARM.extab.text._utee_cryp_state_free
                0x0000000000015048        0x0 /home/sepideh/optee-qemu/optee_os/out/arm/export-ta_arm32/lib/libutee.a(utee_syscalls_a32.o)
 .ARM.extab.text._utee_hash_init
                0x0000000000015048        0x0 /home/sepideh/optee-qemu/optee_os/out/arm/export-ta_arm32/lib/libutee.a(utee_syscalls_a32.o)
 .ARM.extab.text._utee_hash_update
                0x0000000000015048        0x0 /home/sepideh/optee-qemu/optee_os/out/arm/export-ta_arm32/lib/libutee.a(utee_syscalls_a32.o)
 .ARM.extab.text._utee_hash_final
                0x0000000000015048        0x0 /home/sepideh/optee-qemu/optee_os/out/arm/export-ta_arm32/lib/libutee.a(utee_syscalls_a32.o)
 .ARM.extab.text._utee_cipher_init
                0x0000000000015048        0x0 /home/sepideh/optee-qemu/optee_os/out/arm/export-ta_arm32/lib/libutee.a(utee_syscalls_a32.o)
 .ARM.extab.text._utee_cipher_update
                0x0000000000015048        0x0 /home/sepideh/optee-qemu/optee_os/out/arm/export-ta_arm32/lib/libutee.a(utee_syscalls_a32.o)
 .ARM.extab.text._utee_cipher_final
                0x0000000000015048        0x0 /home/sepideh/optee-qemu/optee_os/out/arm/export-ta_arm32/lib/libutee.a(utee_syscalls_a32.o)
 .ARM.extab.text._utee_cryp_obj_get_info
                0x0000000000015048        0x0 /home/sepideh/optee-qemu/optee_os/out/arm/export-ta_arm32/lib/libutee.a(utee_syscalls_a32.o)
 .ARM.extab.text._utee_cryp_obj_restrict_usage
                0x0000000000015048        0x0 /home/sepideh/optee-qemu/optee_os/out/arm/export-ta_arm32/lib/libutee.a(utee_syscalls_a32.o)
 .ARM.extab.text._utee_cryp_obj_get_attr
                0x0000000000015048        0x0 /home/sepideh/optee-qemu/optee_os/out/arm/export-ta_arm32/lib/libutee.a(utee_syscalls_a32.o)
 .ARM.extab.text._utee_cryp_obj_alloc
                0x0000000000015048        0x0 /home/sepideh/optee-qemu/optee_os/out/arm/export-ta_arm32/lib/libutee.a(utee_syscalls_a32.o)
 .ARM.extab.text._utee_cryp_obj_close
                0x0000000000015048        0x0 /home/sepideh/optee-qemu/optee_os/out/arm/export-ta_arm32/lib/libutee.a(utee_syscalls_a32.o)
 .ARM.extab.text._utee_cryp_obj_reset
                0x0000000000015048        0x0 /home/sepideh/optee-qemu/optee_os/out/arm/export-ta_arm32/lib/libutee.a(utee_syscalls_a32.o)
 .ARM.extab.text._utee_cryp_obj_populate
                0x0000000000015048        0x0 /home/sepideh/optee-qemu/optee_os/out/arm/export-ta_arm32/lib/libutee.a(utee_syscalls_a32.o)
 .ARM.extab.text._utee_cryp_obj_copy
                0x0000000000015048        0x0 /home/sepideh/optee-qemu/optee_os/out/arm/export-ta_arm32/lib/libutee.a(utee_syscalls_a32.o)
 .ARM.extab.text._utee_cryp_derive_key
                0x0000000000015048        0x0 /home/sepideh/optee-qemu/optee_os/out/arm/export-ta_arm32/lib/libutee.a(utee_syscalls_a32.o)
 .ARM.extab.text._utee_cryp_random_number_generate
                0x0000000000015048        0x0 /home/sepideh/optee-qemu/optee_os/out/arm/export-ta_arm32/lib/libutee.a(utee_syscalls_a32.o)
 .ARM.extab.text._utee_authenc_init
                0x0000000000015048        0x0 /home/sepideh/optee-qemu/optee_os/out/arm/export-ta_arm32/lib/libutee.a(utee_syscalls_a32.o)
 .ARM.extab.text._utee_authenc_update_aad
                0x0000000000015048        0x0 /home/sepideh/optee-qemu/optee_os/out/arm/export-ta_arm32/lib/libutee.a(utee_syscalls_a32.o)
 .ARM.extab.text._utee_authenc_update_payload
                0x0000000000015048        0x0 /home/sepideh/optee-qemu/optee_os/out/arm/export-ta_arm32/lib/libutee.a(utee_syscalls_a32.o)
 .ARM.extab.text._utee_authenc_enc_final
                0x0000000000015048        0x0 /home/sepideh/optee-qemu/optee_os/out/arm/export-ta_arm32/lib/libutee.a(utee_syscalls_a32.o)
 .ARM.extab.text._utee_authenc_dec_final
                0x0000000000015048        0x0 /home/sepideh/optee-qemu/optee_os/out/arm/export-ta_arm32/lib/libutee.a(utee_syscalls_a32.o)
 .ARM.extab.text._utee_asymm_operate
                0x0000000000015048        0x0 /home/sepideh/optee-qemu/optee_os/out/arm/export-ta_arm32/lib/libutee.a(utee_syscalls_a32.o)
 .ARM.extab.text._utee_asymm_verify
                0x0000000000015048        0x0 /home/sepideh/optee-qemu/optee_os/out/arm/export-ta_arm32/lib/libutee.a(utee_syscalls_a32.o)
 .ARM.extab.text._utee_storage_obj_open
                0x0000000000015048        0x0 /home/sepideh/optee-qemu/optee_os/out/arm/export-ta_arm32/lib/libutee.a(utee_syscalls_a32.o)
 .ARM.extab.text._utee_storage_obj_create
                0x0000000000015048        0x0 /home/sepideh/optee-qemu/optee_os/out/arm/export-ta_arm32/lib/libutee.a(utee_syscalls_a32.o)
 .ARM.extab.text._utee_storage_obj_del
                0x0000000000015048        0x0 /home/sepideh/optee-qemu/optee_os/out/arm/export-ta_arm32/lib/libutee.a(utee_syscalls_a32.o)
 .ARM.extab.text._utee_storage_obj_rename
                0x0000000000015048        0x0 /home/sepideh/optee-qemu/optee_os/out/arm/export-ta_arm32/lib/libutee.a(utee_syscalls_a32.o)
 .ARM.extab.text._utee_storage_alloc_enum
                0x0000000000015048        0x0 /home/sepideh/optee-qemu/optee_os/out/arm/export-ta_arm32/lib/libutee.a(utee_syscalls_a32.o)
 .ARM.extab.text._utee_storage_free_enum
                0x0000000000015048        0x0 /home/sepideh/optee-qemu/optee_os/out/arm/export-ta_arm32/lib/libutee.a(utee_syscalls_a32.o)
 .ARM.extab.text._utee_storage_reset_enum
                0x0000000000015048        0x0 /home/sepideh/optee-qemu/optee_os/out/arm/export-ta_arm32/lib/libutee.a(utee_syscalls_a32.o)
 .ARM.extab.text._utee_storage_start_enum
                0x0000000000015048        0x0 /home/sepideh/optee-qemu/optee_os/out/arm/export-ta_arm32/lib/libutee.a(utee_syscalls_a32.o)
 .ARM.extab.text._utee_storage_next_enum
                0x0000000000015048        0x0 /home/sepideh/optee-qemu/optee_os/out/arm/export-ta_arm32/lib/libutee.a(utee_syscalls_a32.o)
 .ARM.extab.text._utee_storage_obj_read
                0x0000000000015048        0x0 /home/sepideh/optee-qemu/optee_os/out/arm/export-ta_arm32/lib/libutee.a(utee_syscalls_a32.o)
 .ARM.extab.text._utee_storage_obj_write
                0x0000000000015048        0x0 /home/sepideh/optee-qemu/optee_os/out/arm/export-ta_arm32/lib/libutee.a(utee_syscalls_a32.o)
 .ARM.extab.text._utee_storage_obj_trunc
                0x0000000000015048        0x0 /home/sepideh/optee-qemu/optee_os/out/arm/export-ta_arm32/lib/libutee.a(utee_syscalls_a32.o)
 .ARM.extab.text._utee_storage_obj_seek
                0x0000000000015048        0x0 /home/sepideh/optee-qemu/optee_os/out/arm/export-ta_arm32/lib/libutee.a(utee_syscalls_a32.o)
 .ARM.extab.text._utee_cryp_obj_generate_key
                0x0000000000015048        0x0 /home/sepideh/optee-qemu/optee_os/out/arm/export-ta_arm32/lib/libutee.a(utee_syscalls_a32.o)
 .ARM.extab.text._utee_cache_operation
                0x0000000000015048        0x0 /home/sepideh/optee-qemu/optee_os/out/arm/export-ta_arm32/lib/libutee.a(utee_syscalls_a32.o)
 .ARM.extab     0x0000000000015048        0x0 /home/sepideh/optee-qemu/optee_os/out/arm/export-ta_arm32/lib/libutee.a(abort.o)
                [!provide]                        PROVIDE (__exidx_start = .)

.ARM.exidx      0x0000000000015048      0xac0
 *(SORT_BY_ALIGNMENT(.ARM.exidx*) SORT_BY_ALIGNMENT(.gnu.linkonce.armexidx.*))
 .ARM.exidx     0x0000000000015048       0x98 ./ta2.o
                                         0xa0 (size before relaxing)
 .ARM.exidx     0x0000000000015990       0x10 ./user_ta_header.o
 .ARM.exidx.text.__ta_entry
                0x00000000000150e0        0x8 ./ta_entry_a32.o
 .ARM.exidx     0x00000000000150e8      0x148 /home/sepideh/optee-qemu/optee_os/out/arm/export-ta_arm32/lib/libutils.a(bget_malloc.o)
 .ARM.exidx     0x00000000000159a0        0x8 /home/sepideh/optee-qemu/optee_os/out/arm/export-ta_arm32/lib/libutils.a(memcpy.o)
 .ARM.exidx     0x00000000000159a8        0x8 /home/sepideh/optee-qemu/optee_os/out/arm/export-ta_arm32/lib/libutils.a(memset.o)
 .ARM.exidx     0x0000000000015230       0x40 /home/sepideh/optee-qemu/optee_os/out/arm/export-ta_arm32/lib/libutils.a(trace.o)
 .ARM.exidx     0x00000000000159b0        0x8 /home/sepideh/optee-qemu/optee_os/out/arm/export-ta_arm32/lib/libutils.a(aeabi_unwind.o)
                                         0x18 (size before relaxing)
 .ARM.exidx     0x0000000000015270       0x30 /home/sepideh/optee-qemu/optee_os/out/arm/export-ta_arm32/lib/libutils.a(snprintk.o)
 .ARM.exidx     0x00000000000159b8        0x8 /home/sepideh/optee-qemu/optee_os/out/arm/export-ta_arm32/lib/libutils.a(memchr.o)
 .ARM.exidx     0x00000000000159c0        0x8 /home/sepideh/optee-qemu/optee_os/out/arm/export-ta_arm32/lib/libutils.a(strlen.o)
 .ARM.exidx.text.__aeabi_ldivmod
                0x00000000000152a0        0x8 /home/sepideh/optee-qemu/optee_os/out/arm/export-ta_arm32/lib/libutils.a(arm32_aeabi_ldivmod_a32.o)
 .ARM.exidx.text.__aeabi_uldivmod
                0x00000000000152a8        0x8 /home/sepideh/optee-qemu/optee_os/out/arm/export-ta_arm32/lib/libutils.a(arm32_aeabi_ldivmod_a32.o)
 .ARM.exidx     0x00000000000159c8       0x20 /home/sepideh/optee-qemu/optee_os/out/arm/export-ta_arm32/lib/libutils.a(arm32_aeabi_ldivmod.o)
 .ARM.exidx     0x00000000000152b0       0x10 /home/sepideh/optee-qemu/optee_os/out/arm/export-ta_arm32/lib/libutee.a(assert.o)
 .ARM.exidx     0x00000000000152c0       0x28 /home/sepideh/optee-qemu/optee_os/out/arm/export-ta_arm32/lib/libutee.a(trace_ext.o)
 .ARM.exidx     0x00000000000152e8       0xc8 /home/sepideh/optee-qemu/optee_os/out/arm/export-ta_arm32/lib/libutee.a(tee_api.o)
 .ARM.exidx     0x00000000000159e8       0xf8 /home/sepideh/optee-qemu/optee_os/out/arm/export-ta_arm32/lib/libutee.a(tee_api_objects.o)
 .ARM.exidx     0x00000000000153b0      0x120 /home/sepideh/optee-qemu/optee_os/out/arm/export-ta_arm32/lib/libutee.a(tee_api_operations.o)
 .ARM.exidx     0x00000000000154d0       0x48 /home/sepideh/optee-qemu/optee_os/out/arm/export-ta_arm32/lib/libutee.a(tee_api_panic.o)
 .ARM.exidx     0x0000000000015518       0x28 /home/sepideh/optee-qemu/optee_os/out/arm/export-ta_arm32/lib/libutee.a(tee_system_pta.o)
 .ARM.exidx.text._utee_panic
                0x0000000000015540        0x8 /home/sepideh/optee-qemu/optee_os/out/arm/export-ta_arm32/lib/libutee.a(utee_syscalls_a32.o)
 .ARM.exidx.text._utee_return
                0x0000000000015548        0x8 /home/sepideh/optee-qemu/optee_os/out/arm/export-ta_arm32/lib/libutee.a(utee_syscalls_a32.o)
 .ARM.exidx.text._utee_log
                0x0000000000015550        0x0 /home/sepideh/optee-qemu/optee_os/out/arm/export-ta_arm32/lib/libutee.a(utee_syscalls_a32.o)
                                          0x8 (size before relaxing)
 .ARM.exidx.text.__utee_panic
                0x0000000000015550        0x0 /home/sepideh/optee-qemu/optee_os/out/arm/export-ta_arm32/lib/libutee.a(utee_syscalls_a32.o)
                                          0x8 (size before relaxing)
 .ARM.exidx.text._utee_get_property
                0x0000000000015550        0x0 /home/sepideh/optee-qemu/optee_os/out/arm/export-ta_arm32/lib/libutee.a(utee_syscalls_a32.o)
                                          0x8 (size before relaxing)
 .ARM.exidx.text._utee_get_property_name_to_index
                0x0000000000015550        0x0 /home/sepideh/optee-qemu/optee_os/out/arm/export-ta_arm32/lib/libutee.a(utee_syscalls_a32.o)
                                          0x8 (size before relaxing)
 .ARM.exidx.text._utee_open_ta_session
                0x0000000000015550        0x0 /home/sepideh/optee-qemu/optee_os/out/arm/export-ta_arm32/lib/libutee.a(utee_syscalls_a32.o)
                                          0x8 (size before relaxing)
 .ARM.exidx.text._utee_close_ta_session
                0x0000000000015550        0x0 /home/sepideh/optee-qemu/optee_os/out/arm/export-ta_arm32/lib/libutee.a(utee_syscalls_a32.o)
                                          0x8 (size before relaxing)
 .ARM.exidx.text._utee_invoke_ta_command
                0x0000000000015550        0x0 /home/sepideh/optee-qemu/optee_os/out/arm/export-ta_arm32/lib/libutee.a(utee_syscalls_a32.o)
                                          0x8 (size before relaxing)
 .ARM.exidx.text._utee_get_cancellation_flag
                0x0000000000015550        0x0 /home/sepideh/optee-qemu/optee_os/out/arm/export-ta_arm32/lib/libutee.a(utee_syscalls_a32.o)
                                          0x8 (size before relaxing)
 .ARM.exidx.text._utee_check_access_rights
                0x0000000000015550        0x0 /home/sepideh/optee-qemu/optee_os/out/arm/export-ta_arm32/lib/libutee.a(utee_syscalls_a32.o)
                                          0x8 (size before relaxing)
 .ARM.exidx.text._utee_unmask_cancellation
                0x0000000000015550        0x0 /home/sepideh/optee-qemu/optee_os/out/arm/export-ta_arm32/lib/libutee.a(utee_syscalls_a32.o)
                                          0x8 (size before relaxing)
 .ARM.exidx.text._utee_mask_cancellation
                0x0000000000015550        0x0 /home/sepideh/optee-qemu/optee_os/out/arm/export-ta_arm32/lib/libutee.a(utee_syscalls_a32.o)
                                          0x8 (size before relaxing)
 .ARM.exidx.text._utee_wait
                0x0000000000015550        0x0 /home/sepideh/optee-qemu/optee_os/out/arm/export-ta_arm32/lib/libutee.a(utee_syscalls_a32.o)
                                          0x8 (size before relaxing)
 .ARM.exidx.text._utee_get_time
                0x0000000000015550        0x0 /home/sepideh/optee-qemu/optee_os/out/arm/export-ta_arm32/lib/libutee.a(utee_syscalls_a32.o)
                                          0x8 (size before relaxing)
 .ARM.exidx.text._utee_set_ta_time
                0x0000000000015550        0x0 /home/sepideh/optee-qemu/optee_os/out/arm/export-ta_arm32/lib/libutee.a(utee_syscalls_a32.o)
                                          0x8 (size before relaxing)
 .ARM.exidx.text._utee_cryp_state_alloc
                0x0000000000015550        0x0 /home/sepideh/optee-qemu/optee_os/out/arm/export-ta_arm32/lib/libutee.a(utee_syscalls_a32.o)
                                          0x8 (size before relaxing)
 .ARM.exidx.text._utee_cryp_state_copy
                0x0000000000015550        0x0 /home/sepideh/optee-qemu/optee_os/out/arm/export-ta_arm32/lib/libutee.a(utee_syscalls_a32.o)
                                          0x8 (size before relaxing)
 .ARM.exidx.text._utee_cryp_state_free
                0x0000000000015550        0x0 /home/sepideh/optee-qemu/optee_os/out/arm/export-ta_arm32/lib/libutee.a(utee_syscalls_a32.o)
                                          0x8 (size before relaxing)
 .ARM.exidx.text._utee_hash_init
                0x0000000000015550        0x0 /home/sepideh/optee-qemu/optee_os/out/arm/export-ta_arm32/lib/libutee.a(utee_syscalls_a32.o)
                                          0x8 (size before relaxing)
 .ARM.exidx.text._utee_hash_update
                0x0000000000015550        0x0 /home/sepideh/optee-qemu/optee_os/out/arm/export-ta_arm32/lib/libutee.a(utee_syscalls_a32.o)
                                          0x8 (size before relaxing)
 .ARM.exidx.text._utee_hash_final
                0x0000000000015550        0x0 /home/sepideh/optee-qemu/optee_os/out/arm/export-ta_arm32/lib/libutee.a(utee_syscalls_a32.o)
                                          0x8 (size before relaxing)
 .ARM.exidx.text._utee_cipher_init
                0x0000000000015550        0x0 /home/sepideh/optee-qemu/optee_os/out/arm/export-ta_arm32/lib/libutee.a(utee_syscalls_a32.o)
                                          0x8 (size before relaxing)
 .ARM.exidx.text._utee_cipher_update
                0x0000000000015550        0x0 /home/sepideh/optee-qemu/optee_os/out/arm/export-ta_arm32/lib/libutee.a(utee_syscalls_a32.o)
                                          0x8 (size before relaxing)
 .ARM.exidx.text._utee_cipher_final
                0x0000000000015550        0x0 /home/sepideh/optee-qemu/optee_os/out/arm/export-ta_arm32/lib/libutee.a(utee_syscalls_a32.o)
                                          0x8 (size before relaxing)
 .ARM.exidx.text._utee_cryp_obj_get_info
                0x0000000000015550        0x0 /home/sepideh/optee-qemu/optee_os/out/arm/export-ta_arm32/lib/libutee.a(utee_syscalls_a32.o)
                                          0x8 (size before relaxing)
 .ARM.exidx.text._utee_cryp_obj_restrict_usage
                0x0000000000015550        0x0 /home/sepideh/optee-qemu/optee_os/out/arm/export-ta_arm32/lib/libutee.a(utee_syscalls_a32.o)
                                          0x8 (size before relaxing)
 .ARM.exidx.text._utee_cryp_obj_get_attr
                0x0000000000015550        0x0 /home/sepideh/optee-qemu/optee_os/out/arm/export-ta_arm32/lib/libutee.a(utee_syscalls_a32.o)
                                          0x8 (size before relaxing)
 .ARM.exidx.text._utee_cryp_obj_alloc
                0x0000000000015550        0x0 /home/sepideh/optee-qemu/optee_os/out/arm/export-ta_arm32/lib/libutee.a(utee_syscalls_a32.o)
                                          0x8 (size before relaxing)
 .ARM.exidx.text._utee_cryp_obj_close
                0x0000000000015550        0x0 /home/sepideh/optee-qemu/optee_os/out/arm/export-ta_arm32/lib/libutee.a(utee_syscalls_a32.o)
                                          0x8 (size before relaxing)
 .ARM.exidx.text._utee_cryp_obj_reset
                0x0000000000015550        0x0 /home/sepideh/optee-qemu/optee_os/out/arm/export-ta_arm32/lib/libutee.a(utee_syscalls_a32.o)
                                          0x8 (size before relaxing)
 .ARM.exidx.text._utee_cryp_obj_populate
                0x0000000000015550        0x0 /home/sepideh/optee-qemu/optee_os/out/arm/export-ta_arm32/lib/libutee.a(utee_syscalls_a32.o)
                                          0x8 (size before relaxing)
 .ARM.exidx.text._utee_cryp_obj_copy
                0x0000000000015550        0x0 /home/sepideh/optee-qemu/optee_os/out/arm/export-ta_arm32/lib/libutee.a(utee_syscalls_a32.o)
                                          0x8 (size before relaxing)
 .ARM.exidx.text._utee_cryp_derive_key
                0x0000000000015550        0x0 /home/sepideh/optee-qemu/optee_os/out/arm/export-ta_arm32/lib/libutee.a(utee_syscalls_a32.o)
                                          0x8 (size before relaxing)
 .ARM.exidx.text._utee_cryp_random_number_generate
                0x0000000000015550        0x0 /home/sepideh/optee-qemu/optee_os/out/arm/export-ta_arm32/lib/libutee.a(utee_syscalls_a32.o)
                                          0x8 (size before relaxing)
 .ARM.exidx.text._utee_authenc_init
                0x0000000000015550        0x0 /home/sepideh/optee-qemu/optee_os/out/arm/export-ta_arm32/lib/libutee.a(utee_syscalls_a32.o)
                                          0x8 (size before relaxing)
 .ARM.exidx.text._utee_authenc_update_aad
                0x0000000000015550        0x0 /home/sepideh/optee-qemu/optee_os/out/arm/export-ta_arm32/lib/libutee.a(utee_syscalls_a32.o)
                                          0x8 (size before relaxing)
 .ARM.exidx.text._utee_authenc_update_payload
                0x0000000000015550        0x0 /home/sepideh/optee-qemu/optee_os/out/arm/export-ta_arm32/lib/libutee.a(utee_syscalls_a32.o)
                                          0x8 (size before relaxing)
 .ARM.exidx.text._utee_authenc_enc_final
                0x0000000000015550        0x0 /home/sepideh/optee-qemu/optee_os/out/arm/export-ta_arm32/lib/libutee.a(utee_syscalls_a32.o)
                                          0x8 (size before relaxing)
 .ARM.exidx.text._utee_authenc_dec_final
                0x0000000000015550        0x0 /home/sepideh/optee-qemu/optee_os/out/arm/export-ta_arm32/lib/libutee.a(utee_syscalls_a32.o)
                                          0x8 (size before relaxing)
 .ARM.exidx.text._utee_asymm_operate
                0x0000000000015550        0x0 /home/sepideh/optee-qemu/optee_os/out/arm/export-ta_arm32/lib/libutee.a(utee_syscalls_a32.o)
                                          0x8 (size before relaxing)
 .ARM.exidx.text._utee_asymm_verify
                0x0000000000015550        0x0 /home/sepideh/optee-qemu/optee_os/out/arm/export-ta_arm32/lib/libutee.a(utee_syscalls_a32.o)
                                          0x8 (size before relaxing)
 .ARM.exidx.text._utee_storage_obj_open
                0x0000000000015550        0x0 /home/sepideh/optee-qemu/optee_os/out/arm/export-ta_arm32/lib/libutee.a(utee_syscalls_a32.o)
                                          0x8 (size before relaxing)
 .ARM.exidx.text._utee_storage_obj_create
                0x0000000000015550        0x0 /home/sepideh/optee-qemu/optee_os/out/arm/export-ta_arm32/lib/libutee.a(utee_syscalls_a32.o)
                                          0x8 (size before relaxing)
 .ARM.exidx.text._utee_storage_obj_del
                0x0000000000015550        0x0 /home/sepideh/optee-qemu/optee_os/out/arm/export-ta_arm32/lib/libutee.a(utee_syscalls_a32.o)
                                          0x8 (size before relaxing)
 .ARM.exidx.text._utee_storage_obj_rename
                0x0000000000015550        0x0 /home/sepideh/optee-qemu/optee_os/out/arm/export-ta_arm32/lib/libutee.a(utee_syscalls_a32.o)
                                          0x8 (size before relaxing)
 .ARM.exidx.text._utee_storage_alloc_enum
                0x0000000000015550        0x0 /home/sepideh/optee-qemu/optee_os/out/arm/export-ta_arm32/lib/libutee.a(utee_syscalls_a32.o)
                                          0x8 (size before relaxing)
 .ARM.exidx.text._utee_storage_free_enum
                0x0000000000015550        0x0 /home/sepideh/optee-qemu/optee_os/out/arm/export-ta_arm32/lib/libutee.a(utee_syscalls_a32.o)
                                          0x8 (size before relaxing)
 .ARM.exidx.text._utee_storage_reset_enum
                0x0000000000015550        0x0 /home/sepideh/optee-qemu/optee_os/out/arm/export-ta_arm32/lib/libutee.a(utee_syscalls_a32.o)
                                          0x8 (size before relaxing)
 .ARM.exidx.text._utee_storage_start_enum
                0x0000000000015550        0x0 /home/sepideh/optee-qemu/optee_os/out/arm/export-ta_arm32/lib/libutee.a(utee_syscalls_a32.o)
                                          0x8 (size before relaxing)
 .ARM.exidx.text._utee_storage_next_enum
                0x0000000000015550        0x0 /home/sepideh/optee-qemu/optee_os/out/arm/export-ta_arm32/lib/libutee.a(utee_syscalls_a32.o)
                                          0x8 (size before relaxing)
 .ARM.exidx.text._utee_storage_obj_read
                0x0000000000015550        0x0 /home/sepideh/optee-qemu/optee_os/out/arm/export-ta_arm32/lib/libutee.a(utee_syscalls_a32.o)
                                          0x8 (size before relaxing)
 .ARM.exidx.text._utee_storage_obj_write
                0x0000000000015550        0x0 /home/sepideh/optee-qemu/optee_os/out/arm/export-ta_arm32/lib/libutee.a(utee_syscalls_a32.o)
                                          0x8 (size before relaxing)
 .ARM.exidx.text._utee_storage_obj_trunc
                0x0000000000015550        0x0 /home/sepideh/optee-qemu/optee_os/out/arm/export-ta_arm32/lib/libutee.a(utee_syscalls_a32.o)
                                          0x8 (size before relaxing)
 .ARM.exidx.text._utee_storage_obj_seek
                0x0000000000015550        0x0 /home/sepideh/optee-qemu/optee_os/out/arm/export-ta_arm32/lib/libutee.a(utee_syscalls_a32.o)
                                          0x8 (size before relaxing)
 .ARM.exidx.text._utee_cryp_obj_generate_key
                0x0000000000015550        0x0 /home/sepideh/optee-qemu/optee_os/out/arm/export-ta_arm32/lib/libutee.a(utee_syscalls_a32.o)
                                          0x8 (size before relaxing)
 .ARM.exidx.text._utee_cache_operation
                0x0000000000015550        0x0 /home/sepideh/optee-qemu/optee_os/out/arm/export-ta_arm32/lib/libutee.a(utee_syscalls_a32.o)
                                          0x8 (size before relaxing)
 .ARM.exidx     0x0000000000015550       0x90 /home/sepideh/optee-qemu/optee_os/out/arm/export-ta_arm32/lib/libutee.a(user_ta_entry.o)
                                         0x98 (size before relaxing)
 .ARM.exidx     0x00000000000155e0        0x8 /home/sepideh/optee-qemu/optee_os/out/arm/export-ta_arm32/lib/libutee.a(abort.o)
 .ARM.exidx     0x00000000000155e8      0x158 /home/sepideh/optee-qemu/optee_os/out/arm/export-ta_arm32/lib/libutee.a(tee_api_arith_mpi.o)
 .ARM.exidx     0x0000000000015740       0x18 /home/sepideh/optee-qemu/optee_os/out/arm/export-ta_arm32/lib/libutee.a(tcb.o)
 .ARM.exidx     0x0000000000015758      0x200 /home/sepideh/optee-qemu/optee_os/out/arm/export-ta_arm32/lib/libmbedtls.a(bignum.o)
 .ARM.exidx     0x0000000000015958        0x8 /home/sepideh/optee-qemu/optee_os/out/arm/export-ta_arm32/lib/libmbedtls.a(platform_util.o)
 .ARM.exidx     0x0000000000015ae0       0x10 /home/sepideh/optee-qemu/optee_os/out/arm/export-ta_arm32/lib/libutils.a(snprintf.o)
 .ARM.exidx     0x0000000000015af0        0x8 /home/sepideh/optee-qemu/optee_os/out/arm/export-ta_arm32/lib/libutils.a(memmove.o)
 .ARM.exidx     0x0000000000015960       0x30 /home/sepideh/optee-qemu/optee_os/out/arm/export-ta_arm32/lib/libutils.a(mempool.o)
 .ARM.exidx     0x0000000000015af8       0x10 /home/sepideh/optee-qemu/optee_os/out/arm/export-ta_arm32/lib/libutils.a(consttime_memcmp.o)
                                          0x8 (size before relaxing)
                [!provide]                        PROVIDE (__exidx_end = .)

.ctors
 *(SORT_BY_ALIGNMENT(.ctors))

.dtors
 *(SORT_BY_ALIGNMENT(.dtors))

.dynsym         0x0000000000015b08       0x40
 *(SORT_BY_ALIGNMENT(.dynsym))
 .dynsym        0x0000000000015b08       0x40 ./ta2.o

.dynstr         0x0000000000015b48       0x11
 *(SORT_BY_ALIGNMENT(.dynstr))
 .dynstr        0x0000000000015b48       0x11 ./ta2.o

.hash           0x0000000000015b5c       0x1c
 *(SORT_BY_ALIGNMENT(.hash))
 .hash          0x0000000000015b5c       0x1c ./ta2.o
                0x0000000000016000                . = ALIGN (0x1000)

.dynamic        0x0000000000016000       0x88
 *(SORT_BY_ALIGNMENT(.dynamic))
 .dynamic       0x0000000000016000       0x88 ./ta2.o
                0x0000000000016000                _DYNAMIC

.tdata
 *(SORT_BY_ALIGNMENT(.tdata) SORT_BY_ALIGNMENT(.tdata.*) SORT_BY_ALIGNMENT(.gnu.linkonce.td.*))

.tbss
 *(SORT_BY_ALIGNMENT(.tbss) SORT_BY_ALIGNMENT(.tbss.*) SORT_BY_ALIGNMENT(.gnu.linkonce.tb.*))
 *(SORT_BY_ALIGNMENT(.tcommon))

.got            0x0000000000016088       0x5c
 *(SORT_BY_ALIGNMENT(.got.plt))
 .got.plt       0x0000000000016088        0xc ./ta2.o
                0x0000000000016088                _GLOBAL_OFFSET_TABLE_
 *(SORT_BY_ALIGNMENT(.got))
 .got           0x0000000000016094       0x50 ./ta2.o

.rel.text
 *(SORT_BY_ALIGNMENT(.rel.text))
 *(SORT_BY_ALIGNMENT(.rel.gnu.linkonce.t*))

.rela.text
 *(SORT_BY_ALIGNMENT(.rela.text))
 *(SORT_BY_ALIGNMENT(.rela.gnu.linkonce.t*))

.rel.data
 *(SORT_BY_ALIGNMENT(.rel.data))
 *(SORT_BY_ALIGNMENT(.rel.gnu.linkonce.d*))

.rela.data
 *(SORT_BY_ALIGNMENT(.rela.data))
 *(SORT_BY_ALIGNMENT(.rela.gnu.linkonce.d*))

.rel.tdata
 *(SORT_BY_ALIGNMENT(.rel.tdata) SORT_BY_ALIGNMENT(.rel.tdata.*) SORT_BY_ALIGNMENT(.rel.gnu.linkonce.td.*))

.rela.tdata
 *(SORT_BY_ALIGNMENT(.rela.tdata) SORT_BY_ALIGNMENT(.rela.tdata.*) SORT_BY_ALIGNMENT(.rela.gnu.linkonce.td.*))

.rel.tbss
 *(SORT_BY_ALIGNMENT(.rel.tbss) SORT_BY_ALIGNMENT(.rel.tbss.*) SORT_BY_ALIGNMENT(.rel.gnu.linkonce.tb.*))

.rela.tbss
 *(SORT_BY_ALIGNMENT(.rela.tbss) SORT_BY_ALIGNMENT(.rela.tbss.*) SORT_BY_ALIGNMENT(.rela.gnu.linkonce.tb.*))

.rel.rodata
 *(SORT_BY_ALIGNMENT(.rel.rodata))
 *(SORT_BY_ALIGNMENT(.rel.gnu.linkonce.r*))

.rela.rodata
 *(SORT_BY_ALIGNMENT(.rela.rodata))
 *(SORT_BY_ALIGNMENT(.rela.gnu.linkonce.r*))

.rel.dyn        0x00000000000160e4       0x98
 *(SORT_BY_ALIGNMENT(.rel.dyn))
 .rel.data.rel.ro
                0x00000000000160e4        0x0 ./ta2.o
 .rel.iplt      0x00000000000160e4        0x0 ./ta2.o
 .rel.data.rel.ro.local
                0x00000000000160e4       0x70 ./ta2.o
 .rel.data.rel.local
                0x0000000000016154       0x20 ./ta2.o
 .rel.data.rel  0x0000000000016174        0x8 ./ta2.o

.rel.got        0x000000000001617c       0xa0
 *(SORT_BY_ALIGNMENT(.rel.got))
 .rel.got       0x000000000001617c       0xa0 ./ta2.o

.rela.got
 *(SORT_BY_ALIGNMENT(.rela.got))

.rel.ctors
 *(SORT_BY_ALIGNMENT(.rel.ctors))

.rela.ctors
 *(SORT_BY_ALIGNMENT(.rela.ctors))

.rel.dtors
 *(SORT_BY_ALIGNMENT(.rel.dtors))

.rela.dtors
 *(SORT_BY_ALIGNMENT(.rela.dtors))

.rel.init
 *(SORT_BY_ALIGNMENT(.rel.init))

.rela.init
 *(SORT_BY_ALIGNMENT(.rela.init))

.rel.fini
 *(SORT_BY_ALIGNMENT(.rel.fini))

.rela.fini
 *(SORT_BY_ALIGNMENT(.rela.fini))

.rel.bss        0x000000000001621c        0x0
 *(SORT_BY_ALIGNMENT(.rel.bss))
 .rel.bss       0x000000000001621c        0x0 ./ta2.o

.rela.bss
 *(SORT_BY_ALIGNMENT(.rela.bss))

.rel.plt        0x000000000001621c        0x0
 *(SORT_BY_ALIGNMENT(.rel.plt))
 .rel.plt       0x000000000001621c        0x0 ./ta2.o

.rela.plt
 *(SORT_BY_ALIGNMENT(.rela.plt))

.data           0x000000000001621c      0x110
 *(SORT_BY_ALIGNMENT(.data) SORT_BY_ALIGNMENT(.data.*) SORT_BY_ALIGNMENT(.gnu.linkonce.d.*))
 .data          0x000000000001621c       0x48 ./ta2.o
                0x000000000001621c                modulus
                0x0000000000016260                public_key
 .data          0x0000000000016264        0x4 ./user_ta_header.o
                0x0000000000016264                trace_level
 .data.rel.ro.local
                0x0000000000016268       0x54 ./user_ta_header.o
                0x0000000000016268                ta_props
 .data.rel.local
                0x00000000000162bc       0x5c /home/sepideh/optee-qemu/optee_os/out/arm/export-ta_arm32/lib/libutils.a(bget_malloc.o)
 .data.rel.local
                0x0000000000016318       0x10 /home/sepideh/optee-qemu/optee_os/out/arm/export-ta_arm32/lib/libutee.a(user_ta_entry.o)
 .data.rel      0x0000000000016328        0x4 /home/sepideh/optee-qemu/optee_os/out/arm/export-ta_arm32/lib/libmbedtls.a(platform_util.o)
 .data.rel.ro   0x000000000001632c        0x0 ./ta2.o
 .data          0x000000000001632c        0x0 ./ta_entry_a32.o
 .data          0x000000000001632c        0x0 /home/sepideh/optee-qemu/optee_os/out/arm/export-ta_arm32/lib/libutils.a(bget_malloc.o)
 .data          0x000000000001632c        0x0 /home/sepideh/optee-qemu/optee_os/out/arm/export-ta_arm32/lib/libutils.a(memcpy.o)
 .data          0x000000000001632c        0x0 /home/sepideh/optee-qemu/optee_os/out/arm/export-ta_arm32/lib/libutils.a(memset.o)
 .data          0x000000000001632c        0x0 /home/sepideh/optee-qemu/optee_os/out/arm/export-ta_arm32/lib/libutils.a(trace.o)
 .data          0x000000000001632c        0x0 /home/sepideh/optee-qemu/optee_os/out/arm/export-ta_arm32/lib/libutils.a(aeabi_unwind.o)
 .data          0x000000000001632c        0x0 /home/sepideh/optee-qemu/optee_os/out/arm/export-ta_arm32/lib/libutils.a(snprintk.o)
 .data          0x000000000001632c        0x0 /home/sepideh/optee-qemu/optee_os/out/arm/export-ta_arm32/lib/libutils.a(memchr.o)
 .data          0x000000000001632c        0x0 /home/sepideh/optee-qemu/optee_os/out/arm/export-ta_arm32/lib/libutils.a(strlen.o)
 .data          0x000000000001632c        0x0 /home/sepideh/optee-qemu/optee_os/out/arm/export-ta_arm32/lib/libutils.a(arm32_aeabi_ldivmod_a32.o)
 .data          0x000000000001632c        0x0 /home/sepideh/optee-qemu/optee_os/out/arm/export-ta_arm32/lib/libutils.a(arm32_aeabi_ldivmod.o)
 .data          0x000000000001632c        0x0 /home/sepideh/optee-qemu/optee_os/out/arm/export-ta_arm32/lib/libutee.a(assert.o)
 .data          0x000000000001632c        0x0 /home/sepideh/optee-qemu/optee_os/out/arm/export-ta_arm32/lib/libutee.a(trace_ext.o)
 .data          0x000000000001632c        0x0 /home/sepideh/optee-qemu/optee_os/out/arm/export-ta_arm32/lib/libutee.a(tee_api.o)
 .data          0x000000000001632c        0x0 /home/sepideh/optee-qemu/optee_os/out/arm/export-ta_arm32/lib/libutee.a(tee_api_objects.o)
 .data          0x000000000001632c        0x0 /home/sepideh/optee-qemu/optee_os/out/arm/export-ta_arm32/lib/libutee.a(tee_api_operations.o)
 .data          0x000000000001632c        0x0 /home/sepideh/optee-qemu/optee_os/out/arm/export-ta_arm32/lib/libutee.a(tee_api_panic.o)
 .data          0x000000000001632c        0x0 /home/sepideh/optee-qemu/optee_os/out/arm/export-ta_arm32/lib/libutee.a(tee_system_pta.o)
 .data          0x000000000001632c        0x0 /home/sepideh/optee-qemu/optee_os/out/arm/export-ta_arm32/lib/libutee.a(utee_syscalls_a32.o)
 .data          0x000000000001632c        0x0 /home/sepideh/optee-qemu/optee_os/out/arm/export-ta_arm32/lib/libutee.a(user_ta_entry.o)
 .data          0x000000000001632c        0x0 /home/sepideh/optee-qemu/optee_os/out/arm/export-ta_arm32/lib/libutee.a(abort.o)
 .data          0x000000000001632c        0x0 /home/sepideh/optee-qemu/optee_os/out/arm/export-ta_arm32/lib/libutee.a(tee_api_arith_mpi.o)
 .data          0x000000000001632c        0x0 /home/sepideh/optee-qemu/optee_os/out/arm/export-ta_arm32/lib/libutee.a(tcb.o)
 .data          0x000000000001632c        0x0 /home/sepideh/optee-qemu/optee_os/out/arm/export-ta_arm32/lib/libmbedtls.a(bignum.o)
 .data          0x000000000001632c        0x0 /home/sepideh/optee-qemu/optee_os/out/arm/export-ta_arm32/lib/libmbedtls.a(platform_util.o)
 .data          0x000000000001632c        0x0 /home/sepideh/optee-qemu/optee_os/out/arm/export-ta_arm32/lib/libutils.a(snprintf.o)
 .data          0x000000000001632c        0x0 /home/sepideh/optee-qemu/optee_os/out/arm/export-ta_arm32/lib/libutils.a(memmove.o)
 .data          0x000000000001632c        0x0 /home/sepideh/optee-qemu/optee_os/out/arm/export-ta_arm32/lib/libutils.a(mempool.o)
 .data          0x000000000001632c        0x0 /home/sepideh/optee-qemu/optee_os/out/arm/export-ta_arm32/lib/libutils.a(consttime_memcmp.o)

.igot.plt       0x000000000001632c        0x0
 .igot.plt      0x000000000001632c        0x0 ./ta2.o

.bss            0x000000000001632c     0xb0ac
 *(SORT_BY_ALIGNMENT(.bss) SORT_BY_ALIGNMENT(.bss.*) SORT_BY_ALIGNMENT(.gnu.linkonce.b.*) SORT_BY_ALIGNMENT(COMMON))
 .bss           0x000000000001632c       0x5c ./ta2.o
                0x000000000001632c                private_key
                0x0000000000016370                total_node
                0x0000000000016374                module_key
 .bss           0x0000000000016388     0x8000 ./user_ta_header.o
                0x0000000000016388                ta_heap
 .bss           0x000000000001e388        0x4 /home/sepideh/optee-qemu/optee_os/out/arm/export-ta_arm32/lib/libutee.a(tee_api.o)
 .bss           0x000000000001e38c        0x4 /home/sepideh/optee-qemu/optee_os/out/arm/export-ta_arm32/lib/libutee.a(tee_system_pta.o)
 .bss           0x000000000001e390       0x38 /home/sepideh/optee-qemu/optee_os/out/arm/export-ta_arm32/lib/libutee.a(user_ta_entry.o)
                0x000000000001e390                ta_param_types
                0x000000000001e394                ta_params
                0x000000000001e3b4                __elf_phdr_info
 .bss           0x000000000001e3c8     0x3000 /home/sepideh/optee-qemu/optee_os/out/arm/export-ta_arm32/lib/libutee.a(tee_api_arith_mpi.o)
 .bss           0x00000000000213c8        0x8 /home/sepideh/optee-qemu/optee_os/out/arm/export-ta_arm32/lib/libutee.a(tcb.o)
 .bss           0x00000000000213d0        0x4 /home/sepideh/optee-qemu/optee_os/out/arm/export-ta_arm32/lib/libmbedtls.a(bignum.o)
                0x00000000000213d0                mbedtls_mpi_mempool
 .bss           0x00000000000213d4        0x0 ./ta_entry_a32.o
 .bss           0x00000000000213d4        0x0 /home/sepideh/optee-qemu/optee_os/out/arm/export-ta_arm32/lib/libutils.a(bget_malloc.o)
 .bss           0x00000000000213d4        0x0 /home/sepideh/optee-qemu/optee_os/out/arm/export-ta_arm32/lib/libutils.a(memcpy.o)
 .bss           0x00000000000213d4        0x0 /home/sepideh/optee-qemu/optee_os/out/arm/export-ta_arm32/lib/libutils.a(memset.o)
 .bss           0x00000000000213d4        0x0 /home/sepideh/optee-qemu/optee_os/out/arm/export-ta_arm32/lib/libutils.a(trace.o)
 .bss           0x00000000000213d4        0x0 /home/sepideh/optee-qemu/optee_os/out/arm/export-ta_arm32/lib/libutils.a(aeabi_unwind.o)
 .bss           0x00000000000213d4        0x0 /home/sepideh/optee-qemu/optee_os/out/arm/export-ta_arm32/lib/libutils.a(snprintk.o)
 .bss           0x00000000000213d4        0x0 /home/sepideh/optee-qemu/optee_os/out/arm/export-ta_arm32/lib/libutils.a(memchr.o)
 .bss           0x00000000000213d4        0x0 /home/sepideh/optee-qemu/optee_os/out/arm/export-ta_arm32/lib/libutils.a(strlen.o)
 .bss           0x00000000000213d4        0x0 /home/sepideh/optee-qemu/optee_os/out/arm/export-ta_arm32/lib/libutils.a(arm32_aeabi_ldivmod_a32.o)
 .bss           0x00000000000213d4        0x0 /home/sepideh/optee-qemu/optee_os/out/arm/export-ta_arm32/lib/libutils.a(arm32_aeabi_ldivmod.o)
 .bss           0x00000000000213d4        0x0 /home/sepideh/optee-qemu/optee_os/out/arm/export-ta_arm32/lib/libutee.a(assert.o)
 .bss           0x00000000000213d4        0x0 /home/sepideh/optee-qemu/optee_os/out/arm/export-ta_arm32/lib/libutee.a(trace_ext.o)
 .bss           0x00000000000213d4        0x0 /home/sepideh/optee-qemu/optee_os/out/arm/export-ta_arm32/lib/libutee.a(tee_api_objects.o)
 .bss           0x00000000000213d4        0x0 /home/sepideh/optee-qemu/optee_os/out/arm/export-ta_arm32/lib/libutee.a(tee_api_operations.o)
 .bss           0x00000000000213d4        0x0 /home/sepideh/optee-qemu/optee_os/out/arm/export-ta_arm32/lib/libutee.a(tee_api_panic.o)
 .bss           0x00000000000213d4        0x0 /home/sepideh/optee-qemu/optee_os/out/arm/export-ta_arm32/lib/libutee.a(utee_syscalls_a32.o)
 .bss           0x00000000000213d4        0x0 /home/sepideh/optee-qemu/optee_os/out/arm/export-ta_arm32/lib/libutee.a(abort.o)
 .bss           0x00000000000213d4        0x0 /home/sepideh/optee-qemu/optee_os/out/arm/export-ta_arm32/lib/libmbedtls.a(platform_util.o)
 .bss           0x00000000000213d4        0x0 /home/sepideh/optee-qemu/optee_os/out/arm/export-ta_arm32/lib/libutils.a(snprintf.o)
 .bss           0x00000000000213d4        0x0 /home/sepideh/optee-qemu/optee_os/out/arm/export-ta_arm32/lib/libutils.a(memmove.o)
 .bss           0x00000000000213d4        0x0 /home/sepideh/optee-qemu/optee_os/out/arm/export-ta_arm32/lib/libutils.a(mempool.o)
 .bss           0x00000000000213d4        0x0 /home/sepideh/optee-qemu/optee_os/out/arm/export-ta_arm32/lib/libutils.a(consttime_memcmp.o)
                0x00000000000213d8                . = ALIGN (0x8)
 *fill*         0x00000000000213d4        0x4 
                0x00000000000213d8                __ftrace_buf_start = .
                0x00000000000213d8                . = (. + DEFINED (__gnu_mcount_nc)?0x800:0x0)
                0x00000000000213d8                __ftrace_buf_end = .

.dynbss         0x00000000000213d8        0x0
 .dynbss        0x00000000000213d8        0x0 ./ta2.o

/DISCARD/
 *(SORT_BY_ALIGNMENT(.interp))
LOAD ./ta2.o
LOAD ./user_ta_header.o
LOAD ./ta_entry_a32.o
START GROUP
LOAD /home/sepideh/optee-qemu/optee_os/out/arm/export-ta_arm32/lib/libutils.a
LOAD /home/sepideh/optee-qemu/optee_os/out/arm/export-ta_arm32/lib/libutee.a
LOAD /home/sepideh/optee-qemu/optee_os/out/arm/export-ta_arm32/lib/libmbedtls.a
LOAD /home/sepideh/optee-qemu/optee_os/out/arm/export-ta_arm32/lib/libdl.a
END GROUP
LOAD /home/sepideh/optee-qemu/toolchains/aarch32/bin/../lib/gcc/arm-none-linux-gnueabihf/9.2.1/libgcc.a
LOAD /home/sepideh/optee-qemu/optee_os/out/arm/export-ta_arm32/lib/libutils.a
OUTPUT(b210f0df-8a68-4b24-880a-8713586c4d10.elf elf32-littlearm)

.debug_info     0x0000000000000000     0xd362
 .debug_info    0x0000000000000000      0xfff ./ta2.o
 .debug_info    0x0000000000000fff      0x4a4 ./user_ta_header.o
 .debug_info    0x00000000000014a3       0x26 ./ta_entry_a32.o
 .debug_info    0x00000000000014c9     0x12fc /home/sepideh/optee-qemu/optee_os/out/arm/export-ta_arm32/lib/libutils.a(bget_malloc.o)
 .debug_info    0x00000000000027c5      0x101 /home/sepideh/optee-qemu/optee_os/out/arm/export-ta_arm32/lib/libutils.a(memcpy.o)
 .debug_info    0x00000000000028c6       0xe7 /home/sepideh/optee-qemu/optee_os/out/arm/export-ta_arm32/lib/libutils.a(memset.o)
 .debug_info    0x00000000000029ad      0x3b9 /home/sepideh/optee-qemu/optee_os/out/arm/export-ta_arm32/lib/libutils.a(trace.o)
 .debug_info    0x0000000000002d66       0x60 /home/sepideh/optee-qemu/optee_os/out/arm/export-ta_arm32/lib/libutils.a(aeabi_unwind.o)
 .debug_info    0x0000000000002dc6      0x58a /home/sepideh/optee-qemu/optee_os/out/arm/export-ta_arm32/lib/libutils.a(snprintk.o)
 .debug_info    0x0000000000003350       0xf9 /home/sepideh/optee-qemu/optee_os/out/arm/export-ta_arm32/lib/libutils.a(memchr.o)
 .debug_info    0x0000000000003449       0xab /home/sepideh/optee-qemu/optee_os/out/arm/export-ta_arm32/lib/libutils.a(strlen.o)
 .debug_info    0x00000000000034f4       0x22 /home/sepideh/optee-qemu/optee_os/out/arm/export-ta_arm32/lib/libutils.a(arm32_aeabi_ldivmod_a32.o)
 .debug_info    0x0000000000003516      0x217 /home/sepideh/optee-qemu/optee_os/out/arm/export-ta_arm32/lib/libutils.a(arm32_aeabi_ldivmod.o)
 .debug_info    0x000000000000372d      0x14a /home/sepideh/optee-qemu/optee_os/out/arm/export-ta_arm32/lib/libutee.a(assert.o)
 .debug_info    0x0000000000003877      0x221 /home/sepideh/optee-qemu/optee_os/out/arm/export-ta_arm32/lib/libutee.a(trace_ext.o)
 .debug_info    0x0000000000003a98      0xd42 /home/sepideh/optee-qemu/optee_os/out/arm/export-ta_arm32/lib/libutee.a(tee_api.o)
 .debug_info    0x00000000000047da      0xf2a /home/sepideh/optee-qemu/optee_os/out/arm/export-ta_arm32/lib/libutee.a(tee_api_objects.o)
 .debug_info    0x0000000000005704     0x18b7 /home/sepideh/optee-qemu/optee_os/out/arm/export-ta_arm32/lib/libutee.a(tee_api_operations.o)
 .debug_info    0x0000000000006fbb      0x357 /home/sepideh/optee-qemu/optee_os/out/arm/export-ta_arm32/lib/libutee.a(tee_api_panic.o)
 .debug_info    0x0000000000007312      0x42e /home/sepideh/optee-qemu/optee_os/out/arm/export-ta_arm32/lib/libutee.a(tee_system_pta.o)
 .debug_info    0x0000000000007740       0x22 /home/sepideh/optee-qemu/optee_os/out/arm/export-ta_arm32/lib/libutee.a(utee_syscalls_a32.o)
 .debug_info    0x0000000000007762      0xd99 /home/sepideh/optee-qemu/optee_os/out/arm/export-ta_arm32/lib/libutee.a(user_ta_entry.o)
 .debug_info    0x00000000000084fb       0xec /home/sepideh/optee-qemu/optee_os/out/arm/export-ta_arm32/lib/libutee.a(abort.o)
 .debug_info    0x00000000000085e7     0x1d92 /home/sepideh/optee-qemu/optee_os/out/arm/export-ta_arm32/lib/libutee.a(tee_api_arith_mpi.o)
 .debug_info    0x000000000000a379      0x5f9 /home/sepideh/optee-qemu/optee_os/out/arm/export-ta_arm32/lib/libutee.a(tcb.o)
 .debug_info    0x000000000000a972     0x21d0 /home/sepideh/optee-qemu/optee_os/out/arm/export-ta_arm32/lib/libmbedtls.a(bignum.o)
 .debug_info    0x000000000000cb42      0x120 /home/sepideh/optee-qemu/optee_os/out/arm/export-ta_arm32/lib/libmbedtls.a(platform_util.o)
 .debug_info    0x000000000000cc62      0x172 /home/sepideh/optee-qemu/optee_os/out/arm/export-ta_arm32/lib/libutils.a(snprintf.o)
 .debug_info    0x000000000000cdd4      0x101 /home/sepideh/optee-qemu/optee_os/out/arm/export-ta_arm32/lib/libutils.a(memmove.o)
 .debug_info    0x000000000000ced5      0x39b /home/sepideh/optee-qemu/optee_os/out/arm/export-ta_arm32/lib/libutils.a(mempool.o)
 .debug_info    0x000000000000d270       0xf2 /home/sepideh/optee-qemu/optee_os/out/arm/export-ta_arm32/lib/libutils.a(consttime_memcmp.o)

.debug_abbrev   0x0000000000000000     0x2b68
 .debug_abbrev  0x0000000000000000      0x2bc ./ta2.o
 .debug_abbrev  0x00000000000002bc      0x1a2 ./user_ta_header.o
 .debug_abbrev  0x000000000000045e       0x14 ./ta_entry_a32.o
 .debug_abbrev  0x0000000000000472      0x2dc /home/sepideh/optee-qemu/optee_os/out/arm/export-ta_arm32/lib/libutils.a(bget_malloc.o)
 .debug_abbrev  0x000000000000074e       0xa9 /home/sepideh/optee-qemu/optee_os/out/arm/export-ta_arm32/lib/libutils.a(memcpy.o)
 .debug_abbrev  0x00000000000007f7       0x9d /home/sepideh/optee-qemu/optee_os/out/arm/export-ta_arm32/lib/libutils.a(memset.o)
 .debug_abbrev  0x0000000000000894      0x1af /home/sepideh/optee-qemu/optee_os/out/arm/export-ta_arm32/lib/libutils.a(trace.o)
 .debug_abbrev  0x0000000000000a43       0x31 /home/sepideh/optee-qemu/optee_os/out/arm/export-ta_arm32/lib/libutils.a(aeabi_unwind.o)
 .debug_abbrev  0x0000000000000a74      0x1b6 /home/sepideh/optee-qemu/optee_os/out/arm/export-ta_arm32/lib/libutils.a(snprintk.o)
 .debug_abbrev  0x0000000000000c2a       0xba /home/sepideh/optee-qemu/optee_os/out/arm/export-ta_arm32/lib/libutils.a(memchr.o)
 .debug_abbrev  0x0000000000000ce4       0x8c /home/sepideh/optee-qemu/optee_os/out/arm/export-ta_arm32/lib/libutils.a(strlen.o)
 .debug_abbrev  0x0000000000000d70       0x12 /home/sepideh/optee-qemu/optee_os/out/arm/export-ta_arm32/lib/libutils.a(arm32_aeabi_ldivmod_a32.o)
 .debug_abbrev  0x0000000000000d82       0xf0 /home/sepideh/optee-qemu/optee_os/out/arm/export-ta_arm32/lib/libutils.a(arm32_aeabi_ldivmod.o)
 .debug_abbrev  0x0000000000000e72       0xc0 /home/sepideh/optee-qemu/optee_os/out/arm/export-ta_arm32/lib/libutee.a(assert.o)
 .debug_abbrev  0x0000000000000f32      0x12e /home/sepideh/optee-qemu/optee_os/out/arm/export-ta_arm32/lib/libutee.a(trace_ext.o)
 .debug_abbrev  0x0000000000001060      0x2ae /home/sepideh/optee-qemu/optee_os/out/arm/export-ta_arm32/lib/libutee.a(tee_api.o)
 .debug_abbrev  0x000000000000130e      0x26d /home/sepideh/optee-qemu/optee_os/out/arm/export-ta_arm32/lib/libutee.a(tee_api_objects.o)
 .debug_abbrev  0x000000000000157b      0x2ef /home/sepideh/optee-qemu/optee_os/out/arm/export-ta_arm32/lib/libutee.a(tee_api_operations.o)
 .debug_abbrev  0x000000000000186a      0x160 /home/sepideh/optee-qemu/optee_os/out/arm/export-ta_arm32/lib/libutee.a(tee_api_panic.o)
 .debug_abbrev  0x00000000000019ca      0x19d /home/sepideh/optee-qemu/optee_os/out/arm/export-ta_arm32/lib/libutee.a(tee_system_pta.o)
 .debug_abbrev  0x0000000000001b67       0x12 /home/sepideh/optee-qemu/optee_os/out/arm/export-ta_arm32/lib/libutee.a(utee_syscalls_a32.o)
 .debug_abbrev  0x0000000000001b79      0x2fd /home/sepideh/optee-qemu/optee_os/out/arm/export-ta_arm32/lib/libutee.a(user_ta_entry.o)
 .debug_abbrev  0x0000000000001e76       0x93 /home/sepideh/optee-qemu/optee_os/out/arm/export-ta_arm32/lib/libutee.a(abort.o)
 .debug_abbrev  0x0000000000001f09      0x313 /home/sepideh/optee-qemu/optee_os/out/arm/export-ta_arm32/lib/libutee.a(tee_api_arith_mpi.o)
 .debug_abbrev  0x000000000000221c      0x1e0 /home/sepideh/optee-qemu/optee_os/out/arm/export-ta_arm32/lib/libutee.a(tcb.o)