Archive member included to satisfy reference by file (symbol)

/home/sepideh/optee-qemu/optee_os/out/arm/export-ta_arm32/lib/libutils.a(bget_malloc.o)
                              ./ta1.o (malloc)
/home/sepideh/optee-qemu/optee_os/out/arm/export-ta_arm32/lib/libutils.a(memcpy.o)
                              ./ta1.o (memcpy)
/home/sepideh/optee-qemu/optee_os/out/arm/export-ta_arm32/lib/libutils.a(memset.o)
                              /home/sepideh/optee-qemu/optee_os/out/arm/export-ta_arm32/lib/libutils.a(bget_malloc.o) (memset)
/home/sepideh/optee-qemu/optee_os/out/arm/export-ta_arm32/lib/libutils.a(trace.o)
                              ./ta1.o (trace_printf)
/home/sepideh/optee-qemu/optee_os/out/arm/export-ta_arm32/lib/libutils.a(aeabi_unwind.o)
                              ./ta1.o (__aeabi_unwind_cpp_pr0)
/home/sepideh/optee-qemu/optee_os/out/arm/export-ta_arm32/lib/libutils.a(snprintk.o)
                              /home/sepideh/optee-qemu/optee_os/out/arm/export-ta_arm32/lib/libutils.a(trace.o) (snprintk)
/home/sepideh/optee-qemu/optee_os/out/arm/export-ta_arm32/lib/libutils.a(memchr.o)
                              /home/sepideh/optee-qemu/optee_os/out/arm/export-ta_arm32/lib/libutils.a(snprintk.o) (memchr)
/home/sepideh/optee-qemu/optee_os/out/arm/export-ta_arm32/lib/libutils.a(strlen.o)
                              /home/sepideh/optee-qemu/optee_os/out/arm/export-ta_arm32/lib/libutils.a(snprintk.o) (strlen)
/home/sepideh/optee-qemu/optee_os/out/arm/export-ta_arm32/lib/libutils.a(arm32_aeabi_ldivmod_a32.o)
                              /home/sepideh/optee-qemu/optee_os/out/arm/export-ta_arm32/lib/libutils.a(snprintk.o) (__aeabi_uldivmod)
/home/sepideh/optee-qemu/optee_os/out/arm/export-ta_arm32/lib/libutils.a(arm32_aeabi_ldivmod.o)
                              /home/sepideh/optee-qemu/optee_os/out/arm/export-ta_arm32/lib/libutils.a(arm32_aeabi_ldivmod_a32.o) (__ul_divmod)
/home/sepideh/optee-qemu/optee_os/out/arm/export-ta_arm32/lib/libutee.a(assert.o)
                              /home/sepideh/optee-qemu/optee_os/out/arm/export-ta_arm32/lib/libutils.a(bget_malloc.o) (_assert_log)
/home/sepideh/optee-qemu/optee_os/out/arm/export-ta_arm32/lib/libutee.a(trace_ext.o)
                              /home/sepideh/optee-qemu/optee_os/out/arm/export-ta_arm32/lib/libutils.a(trace.o) (trace_ext_puts)
/home/sepideh/optee-qemu/optee_os/out/arm/export-ta_arm32/lib/libutee.a(tee_api.o)
                              ./ta1.o (TEE_MemMove)
/home/sepideh/optee-qemu/optee_os/out/arm/export-ta_arm32/lib/libutee.a(tee_api_objects.o)
                              ./ta1.o (TEE_GetObjectInfo)
/home/sepideh/optee-qemu/optee_os/out/arm/export-ta_arm32/lib/libutee.a(tee_api_operations.o)
                              ./ta1.o (TEE_AllocateOperation)
/home/sepideh/optee-qemu/optee_os/out/arm/export-ta_arm32/lib/libutee.a(tee_api_panic.o)
                              /home/sepideh/optee-qemu/optee_os/out/arm/export-ta_arm32/lib/libutee.a(tee_api.o) (TEE_Panic)
/home/sepideh/optee-qemu/optee_os/out/arm/export-ta_arm32/lib/libutee.a(tee_system_pta.o)
                              /home/sepideh/optee-qemu/optee_os/out/arm/export-ta_arm32/lib/libutee.a(tee_api.o) (tee_map_zi)
/home/sepideh/optee-qemu/optee_os/out/arm/export-ta_arm32/lib/libutee.a(utee_syscalls_a32.o)
                              /home/sepideh/optee-qemu/optee_os/out/arm/export-ta_arm32/lib/libutee.a(assert.o) (_utee_panic)
/home/sepideh/optee-qemu/optee_os/out/arm/export-ta_arm32/lib/libutee.a(user_ta_entry.o)
                              ./user_ta_header.o (__utee_entry)
/home/sepideh/optee-qemu/optee_os/out/arm/export-ta_arm32/lib/libutee.a(abort.o)
                              /home/sepideh/optee-qemu/optee_os/out/arm/export-ta_arm32/lib/libutee.a(user_ta_entry.o) (abort)
/home/sepideh/optee-qemu/optee_os/out/arm/export-ta_arm32/lib/libutee.a(tee_api_arith_mpi.o)
                              /home/sepideh/optee-qemu/optee_os/out/arm/export-ta_arm32/lib/libutee.a(user_ta_entry.o) (_TEE_MathAPI_Init)
/home/sepideh/optee-qemu/optee_os/out/arm/export-ta_arm32/lib/libutee.a(tcb.o)
                              /home/sepideh/optee-qemu/optee_os/out/arm/export-ta_arm32/lib/libutee.a(user_ta_entry.o) (__utee_tcb_init)
/home/sepideh/optee-qemu/optee_os/out/arm/export-ta_arm32/lib/libmbedtls.a(bignum.o)
                              /home/sepideh/optee-qemu/optee_os/out/arm/export-ta_arm32/lib/libutee.a(tee_api_arith_mpi.o) (mbedtls_mpi_mempool)
/home/sepideh/optee-qemu/optee_os/out/arm/export-ta_arm32/lib/libmbedtls.a(platform_util.o)
                              /home/sepideh/optee-qemu/optee_os/out/arm/export-ta_arm32/lib/libmbedtls.a(bignum.o) (mbedtls_platform_zeroize)
/home/sepideh/optee-qemu/optee_os/out/arm/export-ta_arm32/lib/libutils.a(snprintf.o)
                              /home/sepideh/optee-qemu/optee_os/out/arm/export-ta_arm32/lib/libutee.a(trace_ext.o) (vsnprintf)
[...]
Memory Configuration

Name             Origin             Length             Attributes
*default*        0x0000000000000000 0xffffffffffffffff

Linker script and memory map


.ta_head        0x0000000000000000       0x20
 *(SORT_BY_ALIGNMENT(.ta_head))
 .ta_head       0x0000000000000000       0x20 ./user_ta_header.o
                0x0000000000000000                ta_head

.text           0x0000000000000020    0x12bd2
                0x0000000000000020                __text_start = .
 *(SORT_BY_ALIGNMENT(.text) SORT_BY_ALIGNMENT(.text.*))
 .text          0x0000000000000020     0x15b0 ./ta1.o
                0x0000000000000020                malloc_aligned
                0x0000000000000048                connections_add
                0x00000000000000e4                connections_get
                0x000000000000016c                find_connections
                0x0000000000000ab4                encrypt_using_public_key
                0x0000000000000cc4                encrypt_module_key
                0x0000000000000e68                handle_output
                0x00000000000012f8                output
                0x0000000000001340                entry
                0x00000000000013a0                TA_CreateEntryPoint
                0x00000000000013d4                TA_DestroyEntryPoint
                0x0000000000001404                TA_OpenSessionEntryPoint
                0x00000000000014a0                TA_CloseSessionEntryPoint
                0x000000000000152c                TA_InvokeCommandEntryPoint
 .text.__ta_entry
                0x00000000000015d0        0x4 ./ta_entry_a32.o
                0x00000000000015d0                __ta_entry
 .text          0x00000000000015d4     0x13ec /home/sepideh/optee-qemu/optee_os/out/arm/export-ta_arm32/lib/libutils.a(bget_malloc.o)
                0x0000000000001650                bget
                0x00000000000018c0                bgetz
                0x0000000000001958                bgetr
                0x0000000000001a18                brel
                0x0000000000001d50                bpool
                0x0000000000001e4c                bstats
                0x0000000000001fec                malloc_reset_stats
                0x000000000000204a                malloc_get_stats
                0x00000000000024c8                malloc
                0x0000000000002564                calloc
                0x00000000000025e6                realloc
                0x000000000000265a                free
                0x0000000000002678                free_wipe
                0x000000000000293e                malloc_add_pool
                0x0000000000002968                malloc_buffer_is_within_alloced
                0x0000000000002994                malloc_buffer_overlaps_heap
 .text          0x00000000000029c0      0x458 /home/sepideh/optee-qemu/optee_os/out/arm/export-ta_arm32/lib/libutils.a(trace.o)
                0x00000000000029c0                trace_set_level
                0x0000000000002a0c                trace_get_level
                0x0000000000002b02                trace_printf
                0x0000000000002b38                trace_vprintf
                0x0000000000002df8                dhex_dump
 .text          0x0000000000002e18      0xfbc /home/sepideh/optee-qemu/optee_os/out/arm/export-ta_arm32/lib/libutils.a(snprintk.o)
                0x0000000000002e18                snprintk
                0x0000000000002e4e                vsnprintk
                0x0000000000002e7c                __vsnprintf
                0x0000000000002eee                __vsprintf
 .text.__aeabi_ldivmod
                0x0000000000003dd4       0x18 /home/sepideh/optee-qemu/optee_os/out/arm/export-ta_arm32/lib/libutils.a(arm32_aeabi_ldivmod_a32.o)
                0x0000000000003dd4                __aeabi_ldivmod
 .text.__aeabi_uldivmod
                0x0000000000003dec       0x18 /home/sepideh/optee-qemu/optee_os/out/arm/export-ta_arm32/lib/libutils.a(arm32_aeabi_ldivmod_a32.o)
                0x0000000000003dec                __aeabi_uldivmod
 .text          0x0000000000003e04       0x5c /home/sepideh/optee-qemu/optee_os/out/arm/export-ta_arm32/lib/libutee.a(assert.o)
                0x0000000000003e04                _assert_log
                0x0000000000003e4c                _assert_break
 .text          0x0000000000003e60      0x110 /home/sepideh/optee-qemu/optee_os/out/arm/export-ta_arm32/lib/libutee.a(trace_ext.o)
                0x0000000000003e60                trace_ext_puts
                0x0000000000003e84                trace_ext_get_thread_id
                0x0000000000003e98                printf
                0x0000000000003f00                puts
                0x0000000000003f38                putchar
 .text          0x0000000000003f70      0xa1c /home/sepideh/optee-qemu/optee_os/out/arm/export-ta_arm32/lib/libutee.a(tee_api.o)
                0x0000000000004350                TEE_OpenTASession
                0x000000000000443e                TEE_CloseTASession
                0x000000000000446e                TEE_InvokeTACommand
                0x0000000000004594                TEE_GetCancellationFlag
                0x00000000000045c8                TEE_UnmaskCancellation
                0x00000000000045fc                TEE_MaskCancellation
                0x0000000000004630                TEE_CheckMemoryAccessRights
                0x0000000000004672                TEE_SetInstanceData
                0x0000000000004698                TEE_GetInstanceData
                0x00000000000046b4                TEE_MemMove
                0x00000000000046d8                TEE_MemCompare
                0x00000000000046fc                TEE_MemFill
                0x0000000000004722                TEE_GetSystemTime
                0x000000000000474e                TEE_Wait
                0x0000000000004786                TEE_GetTAPersistentTime
                0x000000000000480a                TEE_SetTAPersistentTime
                0x0000000000004850                TEE_GetREETime
                0x000000000000487c                TEE_Malloc
                0x00000000000048e4                TEE_Realloc
                0x0000000000004904                TEE_Free
                0x000000000000491e                TEE_CacheClean
                0x0000000000004942                TEE_CacheFlush
                0x0000000000004966                TEE_CacheInvalidate
 .text          0x000000000000498c     0x390c /home/sepideh/optee-qemu/optee_os/out/arm/export-ta_arm32/lib/libutee.a(tee_api_operations.o)
                0x0000000000004c70                TEE_AllocateOperation
                0x0000000000005a4c                TEE_FreeOperation
                0x0000000000005a96                TEE_GetOperationInfo
                0x0000000000005b04                TEE_GetOperationInfoMultiple
                0x0000000000005cd0                TEE_ResetOperation
                0x0000000000005d50                TEE_SetOperationKey
                0x0000000000005e9a                TEE_SetOperationKey2
                0x00000000000060cc                TEE_CopyOperation
                0x000000000000623c                TEE_DigestUpdate
                0x0000000000006298                TEE_DigestDoFinal
                0x000000000000634a                TEE_CipherInit
                0x00000000000066ee                TEE_CipherUpdate
                0x000000000000689c                TEE_CipherDoFinal
                0x0000000000006b30                TEE_MACInit
                0x0000000000006ba2                TEE_MACUpdate
                0x0000000000006c24                TEE_MACComputeFinal
                0x0000000000006d0c                TEE_MACCompareFinal
                0x0000000000006de6                TEE_AEInit
                0x0000000000006ed4                TEE_AEUpdateAAD
                0x0000000000006f4e                TEE_AEUpdate
                0x00000000000070e4                TEE_AEEncryptFinal
                0x00000000000072ec                TEE_AEDecryptFinal
                0x00000000000074b8                TEE_AsymmetricEncrypt
                0x0000000000007656                TEE_AsymmetricDecrypt
                0x00000000000077f4                TEE_AsymmetricSignDigest
                0x0000000000007984                TEE_AsymmetricVerifyDigest
                0x0000000000007af0                TEE_DeriveKey
                0x0000000000007c98                TEE_GenerateRandom
                0x0000000000007cc4                rand
                0x0000000000007cea                TEE_IsAlgorithmSupported
 .text          0x0000000000008298      0x21c /home/sepideh/optee-qemu/optee_os/out/arm/export-ta_arm32/lib/libutee.a(tee_api_panic.o)
                0x0000000000008298                TEE_Panic
                0x0000000000008316                __utee_check_outbuf_annotation
                0x0000000000008370                __utee_check_instring_annotation
                0x00000000000083b0                __utee_check_outstring_annotation
                0x0000000000008408                __utee_check_out_annotation
                0x000000000000843c                __utee_check_attr_in_annotation
                0x0000000000008480                __utee_check_inout_annotation
 .text          0x00000000000084b4      0x234 /home/sepideh/optee-qemu/optee_os/out/arm/export-ta_arm32/lib/libutee.a(tee_system_pta.o)
                0x00000000000085a4                tee_map_zi
                0x000000000000863c                tee_unmap
 .text          0x00000000000086e8        0x0 /home/sepideh/optee-qemu/optee_os/out/arm/export-ta_arm32/lib/libutee.a(utee_syscalls_a32.o)
 .text._utee_panic
                0x00000000000086e8       0x14 /home/sepideh/optee-qemu/optee_os/out/arm/export-ta_arm32/lib/libutee.a(utee_syscalls_a32.o)
                0x00000000000086e8                _utee_panic
 .text._utee_return
                0x00000000000086fc       0x14 /home/sepideh/optee-qemu/optee_os/out/arm/export-ta_arm32/lib/libutee.a(utee_syscalls_a32.o)
                0x00000000000086fc                _utee_return
 .text._utee_log
                0x0000000000008710       0x14 /home/sepideh/optee-qemu/optee_os/out/arm/export-ta_arm32/lib/libutee.a(utee_syscalls_a32.o)
                0x0000000000008710                _utee_log
 .text.__utee_panic
                0x0000000000008724       0x14 /home/sepideh/optee-qemu/optee_os/out/arm/export-ta_arm32/lib/libutee.a(utee_syscalls_a32.o)
                0x0000000000008724                __utee_panic
 .text._utee_get_property
                0x0000000000008738       0x18 /home/sepideh/optee-qemu/optee_os/out/arm/export-ta_arm32/lib/libutee.a(utee_syscalls_a32.o)
                0x0000000000008738                _utee_get_property
 .text._utee_get_property_name_to_index
                0x0000000000008750       0x14 /home/sepideh/optee-qemu/optee_os/out/arm/export-ta_arm32/lib/libutee.a(utee_syscalls_a32.o)
                0x0000000000008750                _utee_get_property_name_to_index
 .text._utee_open_ta_session
                0x0000000000008764       0x18 /home/sepideh/optee-qemu/optee_os/out/arm/export-ta_arm32/lib/libutee.a(utee_syscalls_a32.o)
                0x0000000000008764                _utee_open_ta_session
 .text._utee_close_ta_session
                0x000000000000877c       0x14 /home/sepideh/optee-qemu/optee_os/out/arm/export-ta_arm32/lib/libutee.a(utee_syscalls_a32.o)
                0x000000000000877c                _utee_close_ta_session
 .text._utee_invoke_ta_command
                0x0000000000008790       0x18 /home/sepideh/optee-qemu/optee_os/out/arm/export-ta_arm32/lib/libutee.a(utee_syscalls_a32.o)
                0x0000000000008790                _utee_invoke_ta_command
 .text._utee_get_cancellation_flag
                0x00000000000087a8       0x14 /home/sepideh/optee-qemu/optee_os/out/arm/export-ta_arm32/lib/libutee.a(utee_syscalls_a32.o)
                0x00000000000087a8                _utee_get_cancellation_flag
 .text._utee_check_access_rights
                0x00000000000087bc       0x14 /home/sepideh/optee-qemu/optee_os/out/arm/export-ta_arm32/lib/libutee.a(utee_syscalls_a32.o)
                0x00000000000087bc                _utee_check_access_rights
 .text._utee_unmask_cancellation
                0x00000000000087d0       0x14 /home/sepideh/optee-qemu/optee_os/out/arm/export-ta_arm32/lib/libutee.a(utee_syscalls_a32.o)
                0x00000000000087d0                _utee_unmask_cancellation
 .text._utee_mask_cancellation
                0x00000000000087e4       0x14 /home/sepideh/optee-qemu/optee_os/out/arm/export-ta_arm32/lib/libutee.a(utee_syscalls_a32.o)
                0x00000000000087e4                _utee_mask_cancellation
 .text._utee_wait
                0x00000000000087f8       0x14 /home/sepideh/optee-qemu/optee_os/out/arm/export-ta_arm32/lib/libutee.a(utee_syscalls_a32.o)
                0x00000000000087f8                _utee_wait
 .text._utee_get_time
                0x000000000000880c       0x14 /home/sepideh/optee-qemu/optee_os/out/arm/export-ta_arm32/lib/libutee.a(utee_syscalls_a32.o)
                0x000000000000880c                _utee_get_time
 .text._utee_set_ta_time
                0x0000000000008820       0x14 /home/sepideh/optee-qemu/optee_os/out/arm/export-ta_arm32/lib/libutee.a(utee_syscalls_a32.o)
                0x0000000000008820                _utee_set_ta_time
 .text._utee_cryp_state_alloc
                0x0000000000008834       0x18 /home/sepideh/optee-qemu/optee_os/out/arm/export-ta_arm32/lib/libutee.a(utee_syscalls_a32.o)
                0x0000000000008834                _utee_cryp_state_alloc
 .text._utee_cryp_state_copy
                0x000000000000884c       0x14 /home/sepideh/optee-qemu/optee_os/out/arm/export-ta_arm32/lib/libutee.a(utee_syscalls_a32.o)
                0x000000000000884c                _utee_cryp_state_copy
 .text._utee_cryp_state_free
                0x0000000000008860       0x14 /home/sepideh/optee-qemu/optee_os/out/arm/export-ta_arm32/lib/libutee.a(utee_syscalls_a32.o)
                0x0000000000008860                _utee_cryp_state_free
 .text._utee_hash_init
                0x0000000000008874       0x14 /home/sepideh/optee-qemu/optee_os/out/arm/export-ta_arm32/lib/libutee.a(utee_syscalls_a32.o)
                0x0000000000008874                _utee_hash_init
 .text._utee_hash_update
                0x0000000000008888       0x14 /home/sepideh/optee-qemu/optee_os/out/arm/export-ta_arm32/lib/libutee.a(utee_syscalls_a32.o)
                0x0000000000008888                _utee_hash_update
 .text._utee_hash_final
                0x000000000000889c       0x18 /home/sepideh/optee-qemu/optee_os/out/arm/export-ta_arm32/lib/libutee.a(utee_syscalls_a32.o)
                0x000000000000889c                _utee_hash_final
 .text._utee_cipher_init
                0x00000000000088b4       0x14 /home/sepideh/optee-qemu/optee_os/out/arm/export-ta_arm32/lib/libutee.a(utee_syscalls_a32.o)
                0x00000000000088b4                _utee_cipher_init
 .text._utee_cipher_update
                0x00000000000088c8       0x18 /home/sepideh/optee-qemu/optee_os/out/arm/export-ta_arm32/lib/libutee.a(utee_syscalls_a32.o)
                0x00000000000088c8                _utee_cipher_update
 .text._utee_cipher_final
                0x00000000000088e0       0x18 /home/sepideh/optee-qemu/optee_os/out/arm/export-ta_arm32/lib/libutee.a(utee_syscalls_a32.o)
                0x00000000000088e0                _utee_cipher_final
 .text._utee_cryp_obj_get_info
                0x00000000000088f8       0x14 /home/sepideh/optee-qemu/optee_os/out/arm/export-ta_arm32/lib/libutee.a(utee_syscalls_a32.o)
                0x00000000000088f8                _utee_cryp_obj_get_info
 .text._utee_cryp_obj_restrict_usage
                0x000000000000890c       0x14 /home/sepideh/optee-qemu/optee_os/out/arm/export-ta_arm32/lib/libutee.a(utee_syscalls_a32.o)
                0x000000000000890c                _utee_cryp_obj_restrict_usage
 .text._utee_cryp_obj_get_attr
                0x0000000000008920       0x14 /home/sepideh/optee-qemu/optee_os/out/arm/export-ta_arm32/lib/libutee.a(utee_syscalls_a32.o)
                0x0000000000008920                _utee_cryp_obj_get_attr
 .text._utee_cryp_obj_alloc
                0x0000000000008934       0x14 /home/sepideh/optee-qemu/optee_os/out/arm/export-ta_arm32/lib/libutee.a(utee_syscalls_a32.o)
                0x0000000000008934                _utee_cryp_obj_alloc
 .text._utee_cryp_obj_close
                0x0000000000008948       0x14 /home/sepideh/optee-qemu/optee_os/out/arm/export-ta_arm32/lib/libutee.a(utee_syscalls_a32.o)
                0x0000000000008948                _utee_cryp_obj_close
 .text._utee_cryp_obj_reset
                0x000000000000895c       0x14 /home/sepideh/optee-qemu/optee_os/out/arm/export-ta_arm32/lib/libutee.a(utee_syscalls_a32.o)
                0x000000000000895c                _utee_cryp_obj_reset
 .text._utee_cryp_obj_populate
                0x0000000000008970       0x14 /home/sepideh/optee-qemu/optee_os/out/arm/export-ta_arm32/lib/libutee.a(utee_syscalls_a32.o)
                0x0000000000008970                _utee_cryp_obj_populate
 .text._utee_cryp_obj_copy
                0x0000000000008984       0x14 /home/sepideh/optee-qemu/optee_os/out/arm/export-ta_arm32/lib/libutee.a(utee_syscalls_a32.o)
                0x0000000000008984                _utee_cryp_obj_copy
 .text._utee_cryp_derive_key
                0x0000000000008998       0x14 /home/sepideh/optee-qemu/optee_os/out/arm/export-ta_arm32/lib/libutee.a(utee_syscalls_a32.o)
                0x0000000000008998                _utee_cryp_derive_key
 .text._utee_cryp_random_number_generate
                0x00000000000089ac       0x14 /home/sepideh/optee-qemu/optee_os/out/arm/export-ta_arm32/lib/libutee.a(utee_syscalls_a32.o)
                0x00000000000089ac                _utee_cryp_random_number_generate
 .text._utee_authenc_init
                0x00000000000089c0       0x18 /home/sepideh/optee-qemu/optee_os/out/arm/export-ta_arm32/lib/libutee.a(utee_syscalls_a32.o)
                0x00000000000089c0                _utee_authenc_init
 .text._utee_authenc_update_aad
                0x00000000000089d8       0x14 /home/sepideh/optee-qemu/optee_os/out/arm/export-ta_arm32/lib/libutee.a(utee_syscalls_a32.o)
                0x00000000000089d8                _utee_authenc_update_aad
 .text._utee_authenc_update_payload
                0x00000000000089ec       0x18 /home/sepideh/optee-qemu/optee_os/out/arm/export-ta_arm32/lib/libutee.a(utee_syscalls_a32.o)
                0x00000000000089ec                _utee_authenc_update_payload
 .text._utee_authenc_enc_final
                0x0000000000008a04       0x18 /home/sepideh/optee-qemu/optee_os/out/arm/export-ta_arm32/lib/libutee.a(utee_syscalls_a32.o)
                0x0000000000008a04                _utee_authenc_enc_final
 .text._utee_authenc_dec_final
                0x0000000000008a1c       0x18 /home/sepideh/optee-qemu/optee_os/out/arm/export-ta_arm32/lib/libutee.a(utee_syscalls_a32.o)
                0x0000000000008a1c                _utee_authenc_dec_final
 .text._utee_asymm_operate
                0x0000000000008a34       0x18 /home/sepideh/optee-qemu/optee_os/out/arm/export-ta_arm32/lib/libutee.a(utee_syscalls_a32.o)
                0x0000000000008a34                _utee_asymm_operate
 .text._utee_asymm_verify
                0x0000000000008a4c       0x18 /home/sepideh/optee-qemu/optee_os/out/arm/export-ta_arm32/lib/libutee.a(utee_syscalls_a32.o)
                0x0000000000008a4c                _utee_asymm_verify
 .text._utee_storage_obj_open
                0x0000000000008a64       0x18 /home/sepideh/optee-qemu/optee_os/out/arm/export-ta_arm32/lib/libutee.a(utee_syscalls_a32.o)
                0x0000000000008a64                _utee_storage_obj_open
 .text._utee_storage_obj_create
                0x0000000000008a7c       0x18 /home/sepideh/optee-qemu/optee_os/out/arm/export-ta_arm32/lib/libutee.a(utee_syscalls_a32.o)
                0x0000000000008a7c                _utee_storage_obj_create
 .text._utee_storage_obj_del
                0x0000000000008a94       0x14 /home/sepideh/optee-qemu/optee_os/out/arm/export-ta_arm32/lib/libutee.a(utee_syscalls_a32.o)
                0x0000000000008a94                _utee_storage_obj_del
 .text._utee_storage_obj_rename
                0x0000000000008aa8       0x14 /home/sepideh/optee-qemu/optee_os/out/arm/export-ta_arm32/lib/libutee.a(utee_syscalls_a32.o)
                0x0000000000008aa8                _utee_storage_obj_rename
 .text._utee_storage_alloc_enum
                0x0000000000008abc       0x14 /home/sepideh/optee-qemu/optee_os/out/arm/export-ta_arm32/lib/libutee.a(utee_syscalls_a32.o)
                0x0000000000008abc                _utee_storage_alloc_enum
 .text._utee_storage_free_enum
                0x0000000000008ad0       0x14 /home/sepideh/optee-qemu/optee_os/out/arm/export-ta_arm32/lib/libutee.a(utee_syscalls_a32.o)
                0x0000000000008ad0                _utee_storage_free_enum
 .text._utee_storage_reset_enum
                0x0000000000008ae4       0x14 /home/sepideh/optee-qemu/optee_os/out/arm/export-ta_arm32/lib/libutee.a(utee_syscalls_a32.o)
                0x0000000000008ae4                _utee_storage_reset_enum
 .text._utee_storage_start_enum
                0x0000000000008af8       0x14 /home/sepideh/optee-qemu/optee_os/out/arm/export-ta_arm32/lib/libutee.a(utee_syscalls_a32.o)
                0x0000000000008af8                _utee_storage_start_enum
 .text._utee_storage_next_enum
                0x0000000000008b0c       0x14 /home/sepideh/optee-qemu/optee_os/out/arm/export-ta_arm32/lib/libutee.a(utee_syscalls_a32.o)
                0x0000000000008b0c                _utee_storage_next_enum
 .text._utee_storage_obj_read
                0x0000000000008b20       0x14 /home/sepideh/optee-qemu/optee_os/out/arm/export-ta_arm32/lib/libutee.a(utee_syscalls_a32.o)
                0x0000000000008b20                _utee_storage_obj_read
 .text._utee_storage_obj_write
                0x0000000000008b34       0x14 /home/sepideh/optee-qemu/optee_os/out/arm/export-ta_arm32/lib/libutee.a(utee_syscalls_a32.o)
                0x0000000000008b34                _utee_storage_obj_write
 .text._utee_storage_obj_trunc
                0x0000000000008b48       0x14 /home/sepideh/optee-qemu/optee_os/out/arm/export-ta_arm32/lib/libutee.a(utee_syscalls_a32.o)
                0x0000000000008b48                _utee_storage_obj_trunc
 .text._utee_storage_obj_seek
                0x0000000000008b5c       0x14 /home/sepideh/optee-qemu/optee_os/out/arm/export-ta_arm32/lib/libutee.a(utee_syscalls_a32.o)
                0x0000000000008b5c                _utee_storage_obj_seek
 .text._utee_cryp_obj_generate_key
                0x0000000000008b70       0x14 /home/sepideh/optee-qemu/optee_os/out/arm/export-ta_arm32/lib/libutee.a(utee_syscalls_a32.o)
                0x0000000000008b70                _utee_cryp_obj_generate_key
 .text._utee_cache_operation
                0x0000000000008b84       0x14 /home/sepideh/optee-qemu/optee_os/out/arm/export-ta_arm32/lib/libutee.a(utee_syscalls_a32.o)
                0x0000000000008b84                _utee_cache_operation
 .text          0x0000000000008b98      0xa5c /home/sepideh/optee-qemu/optee_os/out/arm/export-ta_arm32/lib/libutee.a(user_ta_entry.o)
                0x0000000000008d80                __utee_call_elf_init_fn
                0x0000000000008f40                __utee_call_elf_fini_fn
                0x000000000000957c                __utee_entry
 .text          0x00000000000095f4       0x20 /home/sepideh/optee-qemu/optee_os/out/arm/export-ta_arm32/lib/libutee.a(abort.o)
                0x00000000000095f4                abort
 .text          0x0000000000009614     0x1df0 /home/sepideh/optee-qemu/optee_os/out/arm/export-ta_arm32/lib/libutee.a(tee_api_arith_mpi.o)
                0x0000000000009674                _TEE_MathAPI_Init
                0x000000000000980c                TEE_BigIntInit
                0x0000000000009884                TEE_BigIntConvertFromOctetString
                0x00000000000098fe                TEE_BigIntConvertToOctetString
                0x0000000000009984                TEE_BigIntConvertFromS32
                0x0000000000009a04                TEE_BigIntConvertToS32
                0x0000000000009ad8                TEE_BigIntCmp
                0x0000000000009b2e                TEE_BigIntCmpS32
                0x0000000000009b6a                TEE_BigIntShiftRight
                0x0000000000009d24                TEE_BigIntGetBit
                0x0000000000009d6a                TEE_BigIntGetBitCount
                0x000000000000a01c                TEE_BigIntAdd
                0x000000000000a050                TEE_BigIntSub
                0x000000000000a084                TEE_BigIntNeg
                0x000000000000a134                TEE_BigIntMul
                0x000000000000a214                TEE_BigIntSquare
                0x000000000000a234                TEE_BigIntDiv
                0x000000000000a3a0                TEE_BigIntMod
                0x000000000000a40c                TEE_BigIntAddMod
                0x000000000000a444                TEE_BigIntSubMod
                0x000000000000a47c                TEE_BigIntMulMod
                0x000000000000a4b4                TEE_BigIntSquareMod
                0x000000000000a4d8                TEE_BigIntInvMod
                0x000000000000a5e4                TEE_BigIntRelativePrime
                0x000000000000ae9c                TEE_BigIntComputeExtendedGcd
                0x000000000000b164                TEE_BigIntIsProbablePrime
                0x000000000000b1b8                TEE_BigIntInitFMM
                0x000000000000b1d6                TEE_BigIntInitFMMContext
                0x000000000000b1f2                TEE_BigIntFMMSizeInU32
                0x000000000000b218                TEE_BigIntFMMContextSizeInU32
                0x000000000000b234                TEE_BigIntConvertToFMM
                0x000000000000b258                TEE_BigIntConvertFromFMM
                0x000000000000b2f4                TEE_BigIntComputeFMM
 .text          0x000000000000b404      0x450 /home/sepideh/optee-qemu/optee_os/out/arm/export-ta_arm32/lib/libutee.a(tcb.o)
                0x000000000000b404                __utee_tcb_init
                0x000000000000b714                __tls_get_addr
                0x000000000000b74c                dl_iterate_phdr
 .text          0x000000000000b854     0x5794 /home/sepideh/optee-qemu/optee_os/out/arm/export-ta_arm32/lib/libmbedtls.a(bignum.o)
                0x000000000000b8b2                mbedtls_mpi_init
                0x000000000000b8d0                mbedtls_mpi_init_mempool
                0x000000000000b90c                mbedtls_mpi_free
                0x000000000000b998                mbedtls_mpi_grow
                0x000000000000baa0                mbedtls_mpi_shrink
                0x000000000000bbf4                mbedtls_mpi_copy
                0x000000000000bccc                mbedtls_mpi_swap
                0x000000000000bd0e                mbedtls_mpi_safe_cond_assign
                0x000000000000be22                mbedtls_mpi_safe_cond_swap
                0x000000000000bf94                mbedtls_mpi_lset
                0x000000000000c002                mbedtls_mpi_get_bit
                0x000000000000c050                mbedtls_mpi_set_bit
                0x000000000000c11e                mbedtls_mpi_lsb
                0x000000000000c1e6                mbedtls_mpi_bitlen
                0x000000000000c25e                mbedtls_mpi_size
                0x000000000000c304                mbedtls_mpi_read_string
                0x000000000000c5f0                mbedtls_mpi_write_string
                0x000000000000c8d0                mbedtls_mpi_read_binary_le
                0x000000000000c99a                mbedtls_mpi_read_binary
                0x000000000000ca5a                mbedtls_mpi_write_binary_le
                0x000000000000cb30                mbedtls_mpi_write_binary
                0x000000000000cc14                mbedtls_mpi_shift_l
                0x000000000000cd96                mbedtls_mpi_shift_r
                0x000000000000cf00                mbedtls_mpi_cmp_abs
                0x000000000000d02e                mbedtls_mpi_cmp_mpi
                0x000000000000d1f2                mbedtls_mpi_lt_mpi_ct
                0x000000000000d330                mbedtls_mpi_cmp_int
                0x000000000000d37c                mbedtls_mpi_add_abs
                0x000000000000d5d0                mbedtls_mpi_sub_abs
                0x000000000000d6ac                mbedtls_mpi_add_mpi
                0x000000000000d758                mbedtls_mpi_sub_mpi
                0x000000000000d804                mbedtls_mpi_add_int
                0x000000000000d854                mbedtls_mpi_sub_int
                0x000000000000e7ea                mbedtls_mpi_mul_mpi
                0x000000000000e97c                mbedtls_mpi_mul_int
                0x000000000000ea66                mbedtls_mpi_div_mpi
                0x000000000000f0ac                mbedtls_mpi_div_int
                0x000000000000f0fe                mbedtls_mpi_mod_mpi
                0x000000000000f19c                mbedtls_mpi_mod_int
                0x000000000000f2b6                mbedtls_mpi_montg_init
                0x000000000000f324                mbedtls_mpi_montmul
                0x000000000000f454                mbedtls_mpi_montred
                0x000000000000f49a                mbedtls_mpi_exp_mod
                0x000000000000fbfc                mbedtls_mpi_gcd
                0x000000000000fde8                mbedtls_mpi_fill_random
                0x000000000000fe94                mbedtls_mpi_inv_mod
                0x00000000000106de                mbedtls_mpi_is_prime_ext
                0x000000000001078a                mbedtls_mpi_is_prime
                0x00000000000107b2                mbedtls_mpi_gen_prime
                0x0000000000010ac6                mbedtls_mpi_self_test
 .text          0x0000000000010fe8       0x30 /home/sepideh/optee-qemu/optee_os/out/arm/export-ta_arm32/lib/libmbedtls.a(platform_util.o)
                0x0000000000010fe8                mbedtls_platform_zeroize
 .text          0x0000000000011018      0x294 /home/sepideh/optee-qemu/optee_os/out/arm/export-ta_arm32/lib/libutils.a(mempool.o)
                0x0000000000011048                mempool_alloc_pool
                0x00000000000110bc                mempool_alloc
                0x00000000000111b0                mempool_calloc
                0x000000000001122e                mempool_free
 .text          0x00000000000112ac       0x38 ./user_ta_header.o
                0x00000000000112ac                __ta_entry_c
                0x00000000000112d0                tahead_get_trace_level
 .text          0x00000000000112e4       0xf2 /home/sepideh/optee-qemu/optee_os/out/arm/export-ta_arm32/lib/libutils.a(memcpy.o)
                0x00000000000112e4                memcpy
 .text          0x00000000000113d6      0x11c /home/sepideh/optee-qemu/optee_os/out/arm/export-ta_arm32/lib/libutils.a(memset.o)
                0x00000000000113d6                memset
 .text          0x00000000000114f2       0x30 /home/sepideh/optee-qemu/optee_os/out/arm/export-ta_arm32/lib/libutils.a(aeabi_unwind.o)
                0x00000000000114f2                __aeabi_unwind_cpp_pr0
                0x0000000000011502                __aeabi_unwind_cpp_pr1
                0x0000000000011512                __aeabi_unwind_cpp_pr2
 .text          0x0000000000011522      0x114 /home/sepideh/optee-qemu/optee_os/out/arm/export-ta_arm32/lib/libutils.a(memchr.o)
                0x0000000000011522                memchr
 .text          0x0000000000011636       0x8a /home/sepideh/optee-qemu/optee_os/out/arm/export-ta_arm32/lib/libutils.a(strlen.o)
                0x0000000000011636                strlen
 .text          0x00000000000116c0      0x28e /home/sepideh/optee-qemu/optee_os/out/arm/export-ta_arm32/lib/libutils.a(arm32_aeabi_ldivmod.o)
                0x000000000001180e                __ul_divmod
                0x0000000000011870                __l_divmod
 .text          0x000000000001194e     0x1048 /home/sepideh/optee-qemu/optee_os/out/arm/export-ta_arm32/lib/libutee.a(tee_api_objects.o)
                0x000000000001194e                __utee_from_attr
                0x0000000000011aae                TEE_GetObjectInfo
                0x0000000000011b1c                TEE_GetObjectInfo1
                0x0000000000011b68                TEE_RestrictObjectUsage
                0x0000000000011bb4                TEE_RestrictObjectUsage1
                0x0000000000011c00                TEE_GetObjectBufferAttribute
                0x0000000000011cc0                TEE_GetObjectValueAttribute
                0x0000000000011db2                TEE_CloseObject
                0x0000000000011de4                TEE_AllocateTransientObject
                0x0000000000011e4e                TEE_FreeTransientObject
                0x0000000000011eae                TEE_ResetTransientObject
                0x0000000000011f0e                TEE_PopulateTransientObject
                0x0000000000012054                TEE_InitRefAttribute
                0x000000000001209c                TEE_InitValueAttribute
                0x00000000000120e4                TEE_CopyObjectAttributes
                0x0000000000012130                TEE_CopyObjectAttributes1
                0x00000000000121e8                TEE_GenerateKey
                0x00000000000122f0                TEE_OpenPersistentObject
                0x00000000000123a4                TEE_CreatePersistentObject
                0x000000000001247c                TEE_CloseAndDeletePersistentObject
                0x00000000000124ae                TEE_CloseAndDeletePersistentObject1
                0x00000000000124f4                TEE_RenamePersistentObject
                0x0000000000012564                TEE_AllocatePersistentObjectEnumerator
                0x00000000000125be                TEE_FreePersistentObjectEnumerator
                0x00000000000125f0                TEE_ResetPersistentObjectEnumerator
                0x0000000000012622                TEE_StartPersistentObjectEnumerator
                0x000000000001267c                TEE_GetNextPersistentObject
                0x0000000000012732                TEE_ReadObjectData
                0x00000000000127b8                TEE_WriteObjectData
                0x0000000000012836                TEE_TruncateObjectData
                0x00000000000128a2                TEE_SeekObjectData
 .text          0x0000000000012996       0x6a /home/sepideh/optee-qemu/optee_os/out/arm/export-ta_arm32/lib/libutils.a(snprintf.o)
                0x0000000000012996                snprintf
                0x00000000000129d2                vsnprintf
 .text          0x0000000000012a00      0x13e /home/sepideh/optee-qemu/optee_os/out/arm/export-ta_arm32/lib/libutils.a(memmove.o)
                0x0000000000012a00                memmove
 .text          0x0000000000012b3e       0xb4 /home/sepideh/optee-qemu/optee_os/out/arm/export-ta_arm32/lib/libutils.a(consttime_memcmp.o)
                0x0000000000012b3e                consttime_memcmp
 .text          0x0000000000012bf2        0x0 ./ta_entry_a32.o
 .text          0x0000000000012bf2        0x0 /home/sepideh/optee-qemu/optee_os/out/arm/export-ta_arm32/lib/libutils.a(arm32_aeabi_ldivmod_a32.o)
 *(SORT_BY_ALIGNMENT(.stub))
 *(SORT_BY_ALIGNMENT(.glue_7))
 .glue_7        0x0000000000012bf2        0x0 linker stubs
 *(SORT_BY_ALIGNMENT(.glue_7t))
 .glue_7t       0x0000000000012bf2        0x0 linker stubs
 *(SORT_BY_ALIGNMENT(.gnu.linkonce.t.*))
 *(SORT_BY_ALIGNMENT(.vfp11_veneer))
 .vfp11_veneer  0x0000000000012bf2        0x0 linker stubs
                0x0000000000012bf2                __text_end = .

.v4_bx          0x0000000000012bf4        0x0
 .v4_bx         0x0000000000012bf4        0x0 linker stubs

.iplt           0x0000000000012bf4        0x0
 .iplt          0x0000000000012bf4        0x0 ./ta1.o

.plt            0x0000000000012bf4        0x0
 *(SORT_BY_ALIGNMENT(.plt))
 .plt           0x0000000000012bf4        0x0 ./ta1.o

.eh_frame_hdr
 *(SORT_BY_ALIGNMENT(.eh_frame_hdr))
 *(SORT_BY_ALIGNMENT(.eh_frame_entry) SORT_BY_ALIGNMENT(.eh_frame_entry.*))

.eh_frame
 *(SORT_BY_ALIGNMENT(.eh_frame))
 *(SORT_BY_ALIGNMENT(.eh_frame.*))

.gcc_except_table
 *(SORT_BY_ALIGNMENT(.gcc_except_table) SORT_BY_ALIGNMENT(.gcc_except_table.*))

.rodata         0x0000000000012bf4     0x187e
 *(SORT_BY_ALIGNMENT(.gnu.linkonce.r.*))
 *(SORT_BY_ALIGNMENT(.rodata) SORT_BY_ALIGNMENT(.rodata.*))
 .rodata.ta1.c  0x0000000000012bf4      0x7cb ./ta1.o
 *fill*         0x00000000000133bf        0x1 
 .rodata.user_ta_header.c
                0x00000000000133c0       0xd4 ./user_ta_header.o
                0x00000000000133c0                trace_ext_prefix
                0x00000000000133c4                ta_heap_size
                0x0000000000013490                ta_num_props
 .rodata.lib/libutils/isoc/bget_malloc.c
                0x0000000000013494      0x338 /home/sepideh/optee-qemu/optee_os/out/arm/export-ta_arm32/lib/libutils.a(bget_malloc.o)
 .rodata.lib/libutils/ext/trace.c
                0x00000000000137cc       0x29 /home/sepideh/optee-qemu/optee_os/out/arm/export-ta_arm32/lib/libutils.a(trace.o)
 *fill*         0x00000000000137f5        0x3 
 .rodata.lib/libutils/ext/snprintk.c
                0x00000000000137f8       0x7d /home/sepideh/optee-qemu/optee_os/out/arm/export-ta_arm32/lib/libutils.a(snprintk.o)
 *fill*         0x0000000000013875        0x3 
 .rodata.lib/libutee/assert.c
                0x0000000000013878       0x27 /home/sepideh/optee-qemu/optee_os/out/arm/export-ta_arm32/lib/libutee.a(assert.o)
 *fill*         0x000000000001389f        0x1 
 .rodata.lib/libutee/trace_ext.c
                0x00000000000138a0        0x2 /home/sepideh/optee-qemu/optee_os/out/arm/export-ta_arm32/lib/libutee.a(trace_ext.o)
 *fill*         0x00000000000138a2        0x2 
 .rodata.lib/libutee/tee_api.c
                0x00000000000138a4       0x1f /home/sepideh/optee-qemu/optee_os/out/arm/export-ta_arm32/lib/libutee.a(tee_api.o)
 *fill*         0x00000000000138c3        0x1 
 .rodata.lib/libutee/tee_api_panic.c
                0x00000000000138c4       0x68 /home/sepideh/optee-qemu/optee_os/out/arm/export-ta_arm32/lib/libutee.a(tee_api_panic.o)
 .rodata.lib/libutee/tee_system_pta.c
                0x000000000001392c       0x46 /home/sepideh/optee-qemu/optee_os/out/arm/export-ta_arm32/lib/libutee.a(tee_system_pta.o)
 *fill*         0x0000000000013972        0x2 
 .rodata.lib/libutee/arch/arm/user_ta_entry.c
                0x0000000000013974       0x32 /home/sepideh/optee-qemu/optee_os/out/arm/export-ta_arm32/lib/libutee.a(user_ta_entry.o)
 *fill*         0x00000000000139a6        0x2 
 .rodata.lib/libutee/abort.c
                0x00000000000139a8        0x7 /home/sepideh/optee-qemu/optee_os/out/arm/export-ta_arm32/lib/libutee.a(abort.o)
 *fill*         0x00000000000139af        0x1 
 .rodata.lib/libutee/tee_api_arith_mpi.c
                0x00000000000139b0      0x221 /home/sepideh/optee-qemu/optee_os/out/arm/export-ta_arm32/lib/libutee.a(tee_api_arith_mpi.o)
 *fill*         0x0000000000013bd1        0x3 
 .rodata.lib/libutee/arch/arm/tcb.c
                0x0000000000013bd4       0xbc /home/sepideh/optee-qemu/optee_os/out/arm/export-ta_arm32/lib/libutee.a(tcb.o)
 .rodata.lib/libmbedtls/mbedtls/library/bignum.c
                0x0000000000013c90      0x742 /home/sepideh/optee-qemu/optee_os/out/arm/export-ta_arm32/lib/libmbedtls.a(bignum.o)
 *fill*         0x00000000000143d2        0x2 
 .rodata.lib/libutils/ext/mempool.c
                0x00000000000143d4       0x9e /home/sepideh/optee-qemu/optee_os/out/arm/export-ta_arm32/lib/libutils.a(mempool.o)

.gnu.version_d  0x0000000000014474        0x0
 .gnu.version_d
                0x0000000000014474        0x0 ./ta1.o

.gnu.version    0x0000000000014472        0x0
 .gnu.version   0x0000000000014472        0x0 ./ta1.o

.gnu.version_r  0x0000000000014474        0x0
 .gnu.version_r
                0x0000000000014474        0x0 ./ta1.o

.gnu.hash       0x0000000000014474       0x20
 .gnu.hash      0x0000000000014474       0x20 ./ta1.o

.ARM.extab      0x0000000000014494      0xf64
 *(SORT_BY_ALIGNMENT(.ARM.extab*) SORT_BY_ALIGNMENT(.gnu.linkonce.armextab.*))
 .ARM.extab     0x0000000000014494       0xe4 ./ta1.o
 .ARM.extab     0x0000000000014578        0xc ./user_ta_header.o
 .ARM.extab     0x0000000000014584      0x1e0 /home/sepideh/optee-qemu/optee_os/out/arm/export-ta_arm32/lib/libutils.a(bget_malloc.o)
 .ARM.extab     0x0000000000014764        0xc /home/sepideh/optee-qemu/optee_os/out/arm/export-ta_arm32/lib/libutils.a(memcpy.o)
 .ARM.extab     0x0000000000014770        0xc /home/sepideh/optee-qemu/optee_os/out/arm/export-ta_arm32/lib/libutils.a(memset.o)
 .ARM.extab     0x000000000001477c       0x54 /home/sepideh/optee-qemu/optee_os/out/arm/export-ta_arm32/lib/libutils.a(trace.o)
 .ARM.extab     0x00000000000147d0       0x3c /home/sepideh/optee-qemu/optee_os/out/arm/export-ta_arm32/lib/libutils.a(snprintk.o)
 .ARM.extab     0x000000000001480c        0xc /home/sepideh/optee-qemu/optee_os/out/arm/export-ta_arm32/lib/libutils.a(memchr.o)
 .ARM.extab     0x0000000000014818        0xc /home/sepideh/optee-qemu/optee_os/out/arm/export-ta_arm32/lib/libutils.a(strlen.o)
 .ARM.extab.text.__aeabi_ldivmod
                0x0000000000014824        0xc /home/sepideh/optee-qemu/optee_os/out/arm/export-ta_arm32/lib/libutils.a(arm32_aeabi_ldivmod_a32.o)
 .ARM.extab.text.__aeabi_uldivmod
                0x0000000000014830        0xc /home/sepideh/optee-qemu/optee_os/out/arm/export-ta_arm32/lib/libutils.a(arm32_aeabi_ldivmod_a32.o)
 .ARM.extab     0x000000000001483c       0x30 /home/sepideh/optee-qemu/optee_os/out/arm/export-ta_arm32/lib/libutils.a(arm32_aeabi_ldivmod.o)
 .ARM.extab     0x000000000001486c        0xc /home/sepideh/optee-qemu/optee_os/out/arm/export-ta_arm32/lib/libutee.a(assert.o)
 .ARM.extab     0x0000000000014878       0x34 /home/sepideh/optee-qemu/optee_os/out/arm/export-ta_arm32/lib/libutee.a(trace_ext.o)
 .ARM.extab     0x00000000000148ac      0x120 /home/sepideh/optee-qemu/optee_os/out/arm/export-ta_arm32/lib/libutee.a(tee_api.o)
 .ARM.extab     0x00000000000149cc      0x174 /home/sepideh/optee-qemu/optee_os/out/arm/export-ta_arm32/lib/libutee.a(tee_api_objects.o)
 .ARM.extab     0x0000000000014b40      0x1b0 /home/sepideh/optee-qemu/optee_os/out/arm/export-ta_arm32/lib/libutee.a(tee_api_operations.o)
 .ARM.extab     0x0000000000014cf0       0x6c /home/sepideh/optee-qemu/optee_os/out/arm/export-ta_arm32/lib/libutee.a(tee_api_panic.o)
 .ARM.extab     0x0000000000014d5c       0x3c /home/sepideh/optee-qemu/optee_os/out/arm/export-ta_arm32/lib/libutee.a(tee_system_pta.o)
 .ARM.extab.text._utee_panic
                0x0000000000014d98        0xc /home/sepideh/optee-qemu/optee_os/out/arm/export-ta_arm32/lib/libutee.a(utee_syscalls_a32.o)
 .ARM.extab     0x0000000000014da4       0xb4 /home/sepideh/optee-qemu/optee_os/out/arm/export-ta_arm32/lib/libutee.a(user_ta_entry.o)
 .ARM.extab     0x0000000000014e58      0x204 /home/sepideh/optee-qemu/optee_os/out/arm/export-ta_arm32/lib/libutee.a(tee_api_arith_mpi.o)
 .ARM.extab     0x000000000001505c       0x24 /home/sepideh/optee-qemu/optee_os/out/arm/export-ta_arm32/lib/libutee.a(tcb.o)
 .ARM.extab     0x0000000000015080      0x2f4 /home/sepideh/optee-qemu/optee_os/out/arm/export-ta_arm32/lib/libmbedtls.a(bignum.o)
 .ARM.extab     0x0000000000015374        0xc /home/sepideh/optee-qemu/optee_os/out/arm/export-ta_arm32/lib/libmbedtls.a(platform_util.o)
 .ARM.extab     0x0000000000015380       0x18 /home/sepideh/optee-qemu/optee_os/out/arm/export-ta_arm32/lib/libutils.a(snprintf.o)
 .ARM.extab     0x0000000000015398        0xc /home/sepideh/optee-qemu/optee_os/out/arm/export-ta_arm32/lib/libutils.a(memmove.o)
 .ARM.extab     0x00000000000153a4       0x48 /home/sepideh/optee-qemu/optee_os/out/arm/export-ta_arm32/lib/libutils.a(mempool.o)
 .ARM.extab     0x00000000000153ec        0xc /home/sepideh/optee-qemu/optee_os/out/arm/export-ta_arm32/lib/libutils.a(consttime_memcmp.o)
 .ARM.extab.text.__ta_entry
                0x00000000000153f8        0x0 ./ta_entry_a32.o
 .ARM.extab     0x00000000000153f8        0x0 /home/sepideh/optee-qemu/optee_os/out/arm/export-ta_arm32/lib/libutils.a(aeabi_unwind.o)
 .ARM.extab.text._utee_return
                0x00000000000153f8        0x0 /home/sepideh/optee-qemu/optee_os/out/arm/export-ta_arm32/lib/libutee.a(utee_syscalls_a32.o)
 .ARM.extab.text._utee_log
                0x00000000000153f8        0x0 /home/sepideh/optee-qemu/optee_os/out/arm/export-ta_arm32/lib/libutee.a(utee_syscalls_a32.o)
 .ARM.extab.text.__utee_panic
                0x00000000000153f8        0x0 /home/sepideh/optee-qemu/optee_os/out/arm/export-ta_arm32/lib/libutee.a(utee_syscalls_a32.o)
 .ARM.extab.text._utee_get_property
                0x00000000000153f8        0x0 /home/sepideh/optee-qemu/optee_os/out/arm/export-ta_arm32/lib/libutee.a(utee_syscalls_a32.o)
 .ARM.extab.text._utee_get_property_name_to_index
                0x00000000000153f8        0x0 /home/sepideh/optee-qemu/optee_os/out/arm/export-ta_arm32/lib/libutee.a(utee_syscalls_a32.o)
 .ARM.extab.text._utee_open_ta_session
                0x00000000000153f8        0x0 /home/sepideh/optee-qemu/optee_os/out/arm/export-ta_arm32/lib/libutee.a(utee_syscalls_a32.o)
 .ARM.extab.text._utee_close_ta_session
                0x00000000000153f8        0x0 /home/sepideh/optee-qemu/optee_os/out/arm/export-ta_arm32/lib/libutee.a(utee_syscalls_a32.o)
 .ARM.extab.text._utee_invoke_ta_command
                0x00000000000153f8        0x0 /home/sepideh/optee-qemu/optee_os/out/arm/export-ta_arm32/lib/libutee.a(utee_syscalls_a32.o)
 .ARM.extab.text._utee_get_cancellation_flag
                0x00000000000153f8        0x0 /home/sepideh/optee-qemu/optee_os/out/arm/export-ta_arm32/lib/libutee.a(utee_syscalls_a32.o)
 .ARM.extab.text._utee_check_access_rights
                0x00000000000153f8        0x0 /home/sepideh/optee-qemu/optee_os/out/arm/export-ta_arm32/lib/libutee.a(utee_syscalls_a32.o)
 .ARM.extab.text._utee_unmask_cancellation
                0x00000000000153f8        0x0 /home/sepideh/optee-qemu/optee_os/out/arm/export-ta_arm32/lib/libutee.a(utee_syscalls_a32.o)
 .ARM.extab.text._utee_mask_cancellation
                0x00000000000153f8        0x0 /home/sepideh/optee-qemu/optee_os/out/arm/export-ta_arm32/lib/libutee.a(utee_syscalls_a32.o)
 .ARM.extab.text._utee_wait
                0x00000000000153f8        0x0 /home/sepideh/optee-qemu/optee_os/out/arm/export-ta_arm32/lib/libutee.a(utee_syscalls_a32.o)
 .ARM.extab.text._utee_get_time
                0x00000000000153f8        0x0 /home/sepideh/optee-qemu/optee_os/out/arm/export-ta_arm32/lib/libutee.a(utee_syscalls_a32.o)
 .ARM.extab.text._utee_set_ta_time
                0x00000000000153f8        0x0 /home/sepideh/optee-qemu/optee_os/out/arm/export-ta_arm32/lib/libutee.a(utee_syscalls_a32.o)
 .ARM.extab.text._utee_cryp_state_alloc
                0x00000000000153f8        0x0 /home/sepideh/optee-qemu/optee_os/out/arm/export-ta_arm32/lib/libutee.a(utee_syscalls_a32.o)
 .ARM.extab.text._utee_cryp_state_copy
                0x00000000000153f8        0x0 /home/sepideh/optee-qemu/optee_os/out/arm/export-ta_arm32/lib/libutee.a(utee_syscalls_a32.o)
 .ARM.extab.text._utee_cryp_state_free
                0x00000000000153f8        0x0 /home/sepideh/optee-qemu/optee_os/out/arm/export-ta_arm32/lib/libutee.a(utee_syscalls_a32.o)
 .ARM.extab.text._utee_hash_init
                0x00000000000153f8        0x0 /home/sepideh/optee-qemu/optee_os/out/arm/export-ta_arm32/lib/libutee.a(utee_syscalls_a32.o)
 .ARM.extab.text._utee_hash_update
                0x00000000000153f8        0x0 /home/sepideh/optee-qemu/optee_os/out/arm/export-ta_arm32/lib/libutee.a(utee_syscalls_a32.o)
 .ARM.extab.text._utee_hash_final
                0x00000000000153f8        0x0 /home/sepideh/optee-qemu/optee_os/out/arm/export-ta_arm32/lib/libutee.a(utee_syscalls_a32.o)
 .ARM.extab.text._utee_cipher_init
                0x00000000000153f8        0x0 /home/sepideh/optee-qemu/optee_os/out/arm/export-ta_arm32/lib/libutee.a(utee_syscalls_a32.o)
 .ARM.extab.text._utee_cipher_update
                0x00000000000153f8        0x0 /home/sepideh/optee-qemu/optee_os/out/arm/export-ta_arm32/lib/libutee.a(utee_syscalls_a32.o)
 .ARM.extab.text._utee_cipher_final
                0x00000000000153f8        0x0 /home/sepideh/optee-qemu/optee_os/out/arm/export-ta_arm32/lib/libutee.a(utee_syscalls_a32.o)
 .ARM.extab.text._utee_cryp_obj_get_info
                0x00000000000153f8        0x0 /home/sepideh/optee-qemu/optee_os/out/arm/export-ta_arm32/lib/libutee.a(utee_syscalls_a32.o)
 .ARM.extab.text._utee_cryp_obj_restrict_usage
                0x00000000000153f8        0x0 /home/sepideh/optee-qemu/optee_os/out/arm/export-ta_arm32/lib/libutee.a(utee_syscalls_a32.o)
 .ARM.extab.text._utee_cryp_obj_get_attr
                0x00000000000153f8        0x0 /home/sepideh/optee-qemu/optee_os/out/arm/export-ta_arm32/lib/libutee.a(utee_syscalls_a32.o)
 .ARM.extab.text._utee_cryp_obj_alloc
                0x00000000000153f8        0x0 /home/sepideh/optee-qemu/optee_os/out/arm/export-ta_arm32/lib/libutee.a(utee_syscalls_a32.o)
 .ARM.extab.text._utee_cryp_obj_close
                0x00000000000153f8        0x0 /home/sepideh/optee-qemu/optee_os/out/arm/export-ta_arm32/lib/libutee.a(utee_syscalls_a32.o)
 .ARM.extab.text._utee_cryp_obj_reset
                0x00000000000153f8        0x0 /home/sepideh/optee-qemu/optee_os/out/arm/export-ta_arm32/lib/libutee.a(utee_syscalls_a32.o)
 .ARM.extab.text._utee_cryp_obj_populate
                0x00000000000153f8        0x0 /home/sepideh/optee-qemu/optee_os/out/arm/export-ta_arm32/lib/libutee.a(utee_syscalls_a32.o)
 .ARM.extab.text._utee_cryp_obj_copy
                0x00000000000153f8        0x0 /home/sepideh/optee-qemu/optee_os/out/arm/export-ta_arm32/lib/libutee.a(utee_syscalls_a32.o)
 .ARM.extab.text._utee_cryp_derive_key
                0x00000000000153f8        0x0 /home/sepideh/optee-qemu/optee_os/out/arm/export-ta_arm32/lib/libutee.a(utee_syscalls_a32.o)
 .ARM.extab.text._utee_cryp_random_number_generate
                0x00000000000153f8        0x0 /home/sepideh/optee-qemu/optee_os/out/arm/export-ta_arm32/lib/libutee.a(utee_syscalls_a32.o)
 .ARM.extab.text._utee_authenc_init
                0x00000000000153f8        0x0 /home/sepideh/optee-qemu/optee_os/out/arm/export-ta_arm32/lib/libutee.a(utee_syscalls_a32.o)
 .ARM.extab.text._utee_authenc_update_aad
                0x00000000000153f8        0x0 /home/sepideh/optee-qemu/optee_os/out/arm/export-ta_arm32/lib/libutee.a(utee_syscalls_a32.o)
 .ARM.extab.text._utee_authenc_update_payload
                0x00000000000153f8        0x0 /home/sepideh/optee-qemu/optee_os/out/arm/export-ta_arm32/lib/libutee.a(utee_syscalls_a32.o)
 .ARM.extab.text._utee_authenc_enc_final
                0x00000000000153f8        0x0 /home/sepideh/optee-qemu/optee_os/out/arm/export-ta_arm32/lib/libutee.a(utee_syscalls_a32.o)
 .ARM.extab.text._utee_authenc_dec_final
                0x00000000000153f8        0x0 /home/sepideh/optee-qemu/optee_os/out/arm/export-ta_arm32/lib/libutee.a(utee_syscalls_a32.o)
 .ARM.extab.text._utee_asymm_operate
                0x00000000000153f8        0x0 /home/sepideh/optee-qemu/optee_os/out/arm/export-ta_arm32/lib/libutee.a(utee_syscalls_a32.o)
 .ARM.extab.text._utee_asymm_verify
                0x00000000000153f8        0x0 /home/sepideh/optee-qemu/optee_os/out/arm/export-ta_arm32/lib/libutee.a(utee_syscalls_a32.o)
 .ARM.extab.text._utee_storage_obj_open
                0x00000000000153f8        0x0 /home/sepideh/optee-qemu/optee_os/out/arm/export-ta_arm32/lib/libutee.a(utee_syscalls_a32.o)
 .ARM.extab.text._utee_storage_obj_create
                0x00000000000153f8        0x0 /home/sepideh/optee-qemu/optee_os/out/arm/export-ta_arm32/lib/libutee.a(utee_syscalls_a32.o)
 .ARM.extab.text._utee_storage_obj_del
                0x00000000000153f8        0x0 /home/sepideh/optee-qemu/optee_os/out/arm/export-ta_arm32/lib/libutee.a(utee_syscalls_a32.o)
 .ARM.extab.text._utee_storage_obj_rename
                0x00000000000153f8        0x0 /home/sepideh/optee-qemu/optee_os/out/arm/export-ta_arm32/lib/libutee.a(utee_syscalls_a32.o)
 .ARM.extab.text._utee_storage_alloc_enum
                0x00000000000153f8        0x0 /home/sepideh/optee-qemu/optee_os/out/arm/export-ta_arm32/lib/libutee.a(utee_syscalls_a32.o)
 .ARM.extab.text._utee_storage_free_enum
                0x00000000000153f8        0x0 /home/sepideh/optee-qemu/optee_os/out/arm/export-ta_arm32/lib/libutee.a(utee_syscalls_a32.o)
 .ARM.extab.text._utee_storage_reset_enum
                0x00000000000153f8        0x0 /home/sepideh/optee-qemu/optee_os/out/arm/export-ta_arm32/lib/libutee.a(utee_syscalls_a32.o)
 .ARM.extab.text._utee_storage_start_enum
                0x00000000000153f8        0x0 /home/sepideh/optee-qemu/optee_os/out/arm/export-ta_arm32/lib/libutee.a(utee_syscalls_a32.o)
 .ARM.extab.text._utee_storage_next_enum
                0x00000000000153f8        0x0 /home/sepideh/optee-qemu/optee_os/out/arm/export-ta_arm32/lib/libutee.a(utee_syscalls_a32.o)
 .ARM.extab.text._utee_storage_obj_read
                0x00000000000153f8        0x0 /home/sepideh/optee-qemu/optee_os/out/arm/export-ta_arm32/lib/libutee.a(utee_syscalls_a32.o)
 .ARM.extab.text._utee_storage_obj_write
                0x00000000000153f8        0x0 /home/sepideh/optee-qemu/optee_os/out/arm/export-ta_arm32/lib/libutee.a(utee_syscalls_a32.o)
 .ARM.extab.text._utee_storage_obj_trunc
                0x00000000000153f8        0x0 /home/sepideh/optee-qemu/optee_os/out/arm/export-ta_arm32/lib/libutee.a(utee_syscalls_a32.o)
 .ARM.extab.text._utee_storage_obj_seek
                0x00000000000153f8        0x0 /home/sepideh/optee-qemu/optee_os/out/arm/export-ta_arm32/lib/libutee.a(utee_syscalls_a32.o)
 .ARM.extab.text._utee_cryp_obj_generate_key
                0x00000000000153f8        0x0 /home/sepideh/optee-qemu/optee_os/out/arm/export-ta_arm32/lib/libutee.a(utee_syscalls_a32.o)
 .ARM.extab.text._utee_cache_operation
                0x00000000000153f8        0x0 /home/sepideh/optee-qemu/optee_os/out/arm/export-ta_arm32/lib/libutee.a(utee_syscalls_a32.o)
 .ARM.extab     0x00000000000153f8        0x0 /home/sepideh/optee-qemu/optee_os/out/arm/export-ta_arm32/lib/libutee.a(abort.o)
                [!provide]                        PROVIDE (__exidx_start = .)

.ARM.exidx      0x00000000000153f8      0xac8
 *(SORT_BY_ALIGNMENT(.ARM.exidx*) SORT_BY_ALIGNMENT(.gnu.linkonce.armexidx.*))
 .ARM.exidx     0x00000000000153f8       0xa0 ./ta1.o
                                         0xa8 (size before relaxing)
 .ARM.exidx     0x0000000000015d48       0x10 ./user_ta_header.o
 .ARM.exidx.text.__ta_entry
                0x0000000000015498        0x8 ./ta_entry_a32.o
 .ARM.exidx     0x00000000000154a0      0x148 /home/sepideh/optee-qemu/optee_os/out/arm/export-ta_arm32/lib/libutils.a(bget_malloc.o)
 .ARM.exidx     0x0000000000015d58        0x8 /home/sepideh/optee-qemu/optee_os/out/arm/export-ta_arm32/lib/libutils.a(memcpy.o)
 .ARM.exidx     0x0000000000015d60        0x8 /home/sepideh/optee-qemu/optee_os/out/arm/export-ta_arm32/lib/libutils.a(memset.o)
 .ARM.exidx     0x00000000000155e8       0x40 /home/sepideh/optee-qemu/optee_os/out/arm/export-ta_arm32/lib/libutils.a(trace.o)
 .ARM.exidx     0x0000000000015d68        0x8 /home/sepideh/optee-qemu/optee_os/out/arm/export-ta_arm32/lib/libutils.a(aeabi_unwind.o)
                                         0x18 (size before relaxing)
 .ARM.exidx     0x0000000000015628       0x30 /home/sepideh/optee-qemu/optee_os/out/arm/export-ta_arm32/lib/libutils.a(snprintk.o)
 .ARM.exidx     0x0000000000015d70        0x8 /home/sepideh/optee-qemu/optee_os/out/arm/export-ta_arm32/lib/libutils.a(memchr.o)
 .ARM.exidx     0x0000000000015d78        0x8 /home/sepideh/optee-qemu/optee_os/out/arm/export-ta_arm32/lib/libutils.a(strlen.o)
 .ARM.exidx.text.__aeabi_ldivmod
                0x0000000000015658        0x8 /home/sepideh/optee-qemu/optee_os/out/arm/export-ta_arm32/lib/libutils.a(arm32_aeabi_ldivmod_a32.o)
 .ARM.exidx.text.__aeabi_uldivmod
                0x0000000000015660        0x8 /home/sepideh/optee-qemu/optee_os/out/arm/export-ta_arm32/lib/libutils.a(arm32_aeabi_ldivmod_a32.o)
 .ARM.exidx     0x0000000000015d80       0x20 /home/sepideh/optee-qemu/optee_os/out/arm/export-ta_arm32/lib/libutils.a(arm32_aeabi_ldivmod.o)
 .ARM.exidx     0x0000000000015668       0x10 /home/sepideh/optee-qemu/optee_os/out/arm/export-ta_arm32/lib/libutee.a(assert.o)
 .ARM.exidx     0x0000000000015678       0x28 /home/sepideh/optee-qemu/optee_os/out/arm/export-ta_arm32/lib/libutee.a(trace_ext.o)
 .ARM.exidx     0x00000000000156a0       0xc8 /home/sepideh/optee-qemu/optee_os/out/arm/export-ta_arm32/lib/libutee.a(tee_api.o)
 .ARM.exidx     0x0000000000015da0       0xf8 /home/sepideh/optee-qemu/optee_os/out/arm/export-ta_arm32/lib/libutee.a(tee_api_objects.o)
 .ARM.exidx     0x0000000000015768      0x120 /home/sepideh/optee-qemu/optee_os/out/arm/export-ta_arm32/lib/libutee.a(tee_api_operations.o)
 .ARM.exidx     0x0000000000015888       0x48 /home/sepideh/optee-qemu/optee_os/out/arm/export-ta_arm32/lib/libutee.a(tee_api_panic.o)
 .ARM.exidx     0x00000000000158d0       0x28 /home/sepideh/optee-qemu/optee_os/out/arm/export-ta_arm32/lib/libutee.a(tee_system_pta.o)
 .ARM.exidx.text._utee_panic
                0x00000000000158f8        0x8 /home/sepideh/optee-qemu/optee_os/out/arm/export-ta_arm32/lib/libutee.a(utee_syscalls_a32.o)
 .ARM.exidx.text._utee_return
                0x0000000000015900        0x8 /home/sepideh/optee-qemu/optee_os/out/arm/export-ta_arm32/lib/libutee.a(utee_syscalls_a32.o)
 .ARM.exidx.text._utee_log
                0x0000000000015908        0x0 /home/sepideh/optee-qemu/optee_os/out/arm/export-ta_arm32/lib/libutee.a(utee_syscalls_a32.o)
                                          0x8 (size before relaxing)
 .ARM.exidx.text.__utee_panic
                0x0000000000015908        0x0 /home/sepideh/optee-qemu/optee_os/out/arm/export-ta_arm32/lib/libutee.a(utee_syscalls_a32.o)
                                          0x8 (size before relaxing)
 .ARM.exidx.text._utee_get_property
                0x0000000000015908        0x0 /home/sepideh/optee-qemu/optee_os/out/arm/export-ta_arm32/lib/libutee.a(utee_syscalls_a32.o)
                                          0x8 (size before relaxing)
 .ARM.exidx.text._utee_get_property_name_to_index
                0x0000000000015908        0x0 /home/sepideh/optee-qemu/optee_os/out/arm/export-ta_arm32/lib/libutee.a(utee_syscalls_a32.o)
                                          0x8 (size before relaxing)
 .ARM.exidx.text._utee_open_ta_session
                0x0000000000015908        0x0 /home/sepideh/optee-qemu/optee_os/out/arm/export-ta_arm32/lib/libutee.a(utee_syscalls_a32.o)
                                          0x8 (size before relaxing)
 .ARM.exidx.text._utee_close_ta_session
                0x0000000000015908        0x0 /home/sepideh/optee-qemu/optee_os/out/arm/export-ta_arm32/lib/libutee.a(utee_syscalls_a32.o)
                                          0x8 (size before relaxing)
 .ARM.exidx.text._utee_invoke_ta_command
                0x0000000000015908        0x0 /home/sepideh/optee-qemu/optee_os/out/arm/export-ta_arm32/lib/libutee.a(utee_syscalls_a32.o)
                                          0x8 (size before relaxing)
 .ARM.exidx.text._utee_get_cancellation_flag
                0x0000000000015908        0x0 /home/sepideh/optee-qemu/optee_os/out/arm/export-ta_arm32/lib/libutee.a(utee_syscalls_a32.o)
                                          0x8 (size before relaxing)
 .ARM.exidx.text._utee_check_access_rights
                0x0000000000015908        0x0 /home/sepideh/optee-qemu/optee_os/out/arm/export-ta_arm32/lib/libutee.a(utee_syscalls_a32.o)
                                          0x8 (size before relaxing)
 .ARM.exidx.text._utee_unmask_cancellation
                0x0000000000015908        0x0 /home/sepideh/optee-qemu/optee_os/out/arm/export-ta_arm32/lib/libutee.a(utee_syscalls_a32.o)
                                          0x8 (size before relaxing)
 .ARM.exidx.text._utee_mask_cancellation
                0x0000000000015908        0x0 /home/sepideh/optee-qemu/optee_os/out/arm/export-ta_arm32/lib/libutee.a(utee_syscalls_a32.o)
                                          0x8 (size before relaxing)
 .ARM.exidx.text._utee_wait
                0x0000000000015908        0x0 /home/sepideh/optee-qemu/optee_os/out/arm/export-ta_arm32/lib/libutee.a(utee_syscalls_a32.o)
                                          0x8 (size before relaxing)
 .ARM.exidx.text._utee_get_time
                0x0000000000015908        0x0 /home/sepideh/optee-qemu/optee_os/out/arm/export-ta_arm32/lib/libutee.a(utee_syscalls_a32.o)
                                          0x8 (size before relaxing)
 .ARM.exidx.text._utee_set_ta_time
                0x0000000000015908        0x0 /home/sepideh/optee-qemu/optee_os/out/arm/export-ta_arm32/lib/libutee.a(utee_syscalls_a32.o)
                                          0x8 (size before relaxing)
 .ARM.exidx.text._utee_cryp_state_alloc
                0x0000000000015908        0x0 /home/sepideh/optee-qemu/optee_os/out/arm/export-ta_arm32/lib/libutee.a(utee_syscalls_a32.o)
                                          0x8 (size before relaxing)
 .ARM.exidx.text._utee_cryp_state_copy
                0x0000000000015908        0x0 /home/sepideh/optee-qemu/optee_os/out/arm/export-ta_arm32/lib/libutee.a(utee_syscalls_a32.o)
                                          0x8 (size before relaxing)
 .ARM.exidx.text._utee_cryp_state_free
                0x0000000000015908        0x0 /home/sepideh/optee-qemu/optee_os/out/arm/export-ta_arm32/lib/libutee.a(utee_syscalls_a32.o)
                                          0x8 (size before relaxing)
 .ARM.exidx.text._utee_hash_init
                0x0000000000015908        0x0 /home/sepideh/optee-qemu/optee_os/out/arm/export-ta_arm32/lib/libutee.a(utee_syscalls_a32.o)
                                          0x8 (size before relaxing)
 .ARM.exidx.text._utee_hash_update
                0x0000000000015908        0x0 /home/sepideh/optee-qemu/optee_os/out/arm/export-ta_arm32/lib/libutee.a(utee_syscalls_a32.o)
                                          0x8 (size before relaxing)
 .ARM.exidx.text._utee_hash_final
                0x0000000000015908        0x0 /home/sepideh/optee-qemu/optee_os/out/arm/export-ta_arm32/lib/libutee.a(utee_syscalls_a32.o)
                                          0x8 (size before relaxing)
 .ARM.exidx.text._utee_cipher_init
                0x0000000000015908        0x0 /home/sepideh/optee-qemu/optee_os/out/arm/export-ta_arm32/lib/libutee.a(utee_syscalls_a32.o)
                                          0x8 (size before relaxing)
 .ARM.exidx.text._utee_cipher_update
                0x0000000000015908        0x0 /home/sepideh/optee-qemu/optee_os/out/arm/export-ta_arm32/lib/libutee.a(utee_syscalls_a32.o)
                                          0x8 (size before relaxing)
 .ARM.exidx.text._utee_cipher_final
                0x0000000000015908        0x0 /home/sepideh/optee-qemu/optee_os/out/arm/export-ta_arm32/lib/libutee.a(utee_syscalls_a32.o)
                                          0x8 (size before relaxing)
 .ARM.exidx.text._utee_cryp_obj_get_info
                0x0000000000015908        0x0 /home/sepideh/optee-qemu/optee_os/out/arm/export-ta_arm32/lib/libutee.a(utee_syscalls_a32.o)
                                          0x8 (size before relaxing)
 .ARM.exidx.text._utee_cryp_obj_restrict_usage
                0x0000000000015908        0x0 /home/sepideh/optee-qemu/optee_os/out/arm/export-ta_arm32/lib/libutee.a(utee_syscalls_a32.o)
                                          0x8 (size before relaxing)
 .ARM.exidx.text._utee_cryp_obj_get_attr
                0x0000000000015908        0x0 /home/sepideh/optee-qemu/optee_os/out/arm/export-ta_arm32/lib/libutee.a(utee_syscalls_a32.o)
                                          0x8 (size before relaxing)
 .ARM.exidx.text._utee_cryp_obj_alloc
                0x0000000000015908        0x0 /home/sepideh/optee-qemu/optee_os/out/arm/export-ta_arm32/lib/libutee.a(utee_syscalls_a32.o)
                                          0x8 (size before relaxing)
 .ARM.exidx.text._utee_cryp_obj_close
                0x0000000000015908        0x0 /home/sepideh/optee-qemu/optee_os/out/arm/export-ta_arm32/lib/libutee.a(utee_syscalls_a32.o)
                                          0x8 (size before relaxing)
 .ARM.exidx.text._utee_cryp_obj_reset
                0x0000000000015908        0x0 /home/sepideh/optee-qemu/optee_os/out/arm/export-ta_arm32/lib/libutee.a(utee_syscalls_a32.o)
                                          0x8 (size before relaxing)
 .ARM.exidx.text._utee_cryp_obj_populate
                0x0000000000015908        0x0 /home/sepideh/optee-qemu/optee_os/out/arm/export-ta_arm32/lib/libutee.a(utee_syscalls_a32.o)
                                          0x8 (size before relaxing)
 .ARM.exidx.text._utee_cryp_obj_copy
                0x0000000000015908        0x0 /home/sepideh/optee-qemu/optee_os/out/arm/export-ta_arm32/lib/libutee.a(utee_syscalls_a32.o)
                                          0x8 (size before relaxing)
 .ARM.exidx.text._utee_cryp_derive_key
                0x0000000000015908        0x0 /home/sepideh/optee-qemu/optee_os/out/arm/export-ta_arm32/lib/libutee.a(utee_syscalls_a32.o)
                                          0x8 (size before relaxing)
 .ARM.exidx.text._utee_cryp_random_number_generate
                0x0000000000015908        0x0 /home/sepideh/optee-qemu/optee_os/out/arm/export-ta_arm32/lib/libutee.a(utee_syscalls_a32.o)
                                          0x8 (size before relaxing)
 .ARM.exidx.text._utee_authenc_init
                0x0000000000015908        0x0 /home/sepideh/optee-qemu/optee_os/out/arm/export-ta_arm32/lib/libutee.a(utee_syscalls_a32.o)
                                          0x8 (size before relaxing)
 .ARM.exidx.text._utee_authenc_update_aad
                0x0000000000015908        0x0 /home/sepideh/optee-qemu/optee_os/out/arm/export-ta_arm32/lib/libutee.a(utee_syscalls_a32.o)
                                          0x8 (size before relaxing)
 .ARM.exidx.text._utee_authenc_update_payload
                0x0000000000015908        0x0 /home/sepideh/optee-qemu/optee_os/out/arm/export-ta_arm32/lib/libutee.a(utee_syscalls_a32.o)
                                          0x8 (size before relaxing)
 .ARM.exidx.text._utee_authenc_enc_final
                0x0000000000015908        0x0 /home/sepideh/optee-qemu/optee_os/out/arm/export-ta_arm32/lib/libutee.a(utee_syscalls_a32.o)
                                          0x8 (size before relaxing)
 .ARM.exidx.text._utee_authenc_dec_final
                0x0000000000015908        0x0 /home/sepideh/optee-qemu/optee_os/out/arm/export-ta_arm32/lib/libutee.a(utee_syscalls_a32.o)
                                          0x8 (size before relaxing)
 .ARM.exidx.text._utee_asymm_operate
                0x0000000000015908        0x0 /home/sepideh/optee-qemu/optee_os/out/arm/export-ta_arm32/lib/libutee.a(utee_syscalls_a32.o)
                                          0x8 (size before relaxing)
 .ARM.exidx.text._utee_asymm_verify
                0x0000000000015908        0x0 /home/sepideh/optee-qemu/optee_os/out/arm/export-ta_arm32/lib/libutee.a(utee_syscalls_a32.o)
                                          0x8 (size before relaxing)
 .ARM.exidx.text._utee_storage_obj_open
                0x0000000000015908        0x0 /home/sepideh/optee-qemu/optee_os/out/arm/export-ta_arm32/lib/libutee.a(utee_syscalls_a32.o)
                                          0x8 (size before relaxing)
 .ARM.exidx.text._utee_storage_obj_create
                0x0000000000015908        0x0 /home/sepideh/optee-qemu/optee_os/out/arm/export-ta_arm32/lib/libutee.a(utee_syscalls_a32.o)
                                          0x8 (size before relaxing)
 .ARM.exidx.text._utee_storage_obj_del
                0x0000000000015908        0x0 /home/sepideh/optee-qemu/optee_os/out/arm/export-ta_arm32/lib/libutee.a(utee_syscalls_a32.o)
                                          0x8 (size before relaxing)
 .ARM.exidx.text._utee_storage_obj_rename
                0x0000000000015908        0x0 /home/sepideh/optee-qemu/optee_os/out/arm/export-ta_arm32/lib/libutee.a(utee_syscalls_a32.o)
                                          0x8 (size before relaxing)
 .ARM.exidx.text._utee_storage_alloc_enum
                0x0000000000015908        0x0 /home/sepideh/optee-qemu/optee_os/out/arm/export-ta_arm32/lib/libutee.a(utee_syscalls_a32.o)
                                          0x8 (size before relaxing)
 .ARM.exidx.text._utee_storage_free_enum
                0x0000000000015908        0x0 /home/sepideh/optee-qemu/optee_os/out/arm/export-ta_arm32/lib/libutee.a(utee_syscalls_a32.o)
                                          0x8 (size before relaxing)
 .ARM.exidx.text._utee_storage_reset_enum
                0x0000000000015908        0x0 /home/sepideh/optee-qemu/optee_os/out/arm/export-ta_arm32/lib/libutee.a(utee_syscalls_a32.o)
                                          0x8 (size before relaxing)
 .ARM.exidx.text._utee_storage_start_enum
                0x0000000000015908        0x0 /home/sepideh/optee-qemu/optee_os/out/arm/export-ta_arm32/lib/libutee.a(utee_syscalls_a32.o)
                                          0x8 (size before relaxing)
 .ARM.exidx.text._utee_storage_next_enum
                0x0000000000015908        0x0 /home/sepideh/optee-qemu/optee_os/out/arm/export-ta_arm32/lib/libutee.a(utee_syscalls_a32.o)
                                          0x8 (size before relaxing)
 .ARM.exidx.text._utee_storage_obj_read
                0x0000000000015908        0x0 /home/sepideh/optee-qemu/optee_os/out/arm/export-ta_arm32/lib/libutee.a(utee_syscalls_a32.o)
                                          0x8 (size before relaxing)
 .ARM.exidx.text._utee_storage_obj_write
                0x0000000000015908        0x0 /home/sepideh/optee-qemu/optee_os/out/arm/export-ta_arm32/lib/libutee.a(utee_syscalls_a32.o)
                                          0x8 (size before relaxing)
 .ARM.exidx.text._utee_storage_obj_trunc
                0x0000000000015908        0x0 /home/sepideh/optee-qemu/optee_os/out/arm/export-ta_arm32/lib/libutee.a(utee_syscalls_a32.o)
                                          0x8 (size before relaxing)
 .ARM.exidx.text._utee_storage_obj_seek
                0x0000000000015908        0x0 /home/sepideh/optee-qemu/optee_os/out/arm/export-ta_arm32/lib/libutee.a(utee_syscalls_a32.o)
                                          0x8 (size before relaxing)
 .ARM.exidx.text._utee_cryp_obj_generate_key
                0x0000000000015908        0x0 /home/sepideh/optee-qemu/optee_os/out/arm/export-ta_arm32/lib/libutee.a(utee_syscalls_a32.o)
                                          0x8 (size before relaxing)
 .ARM.exidx.text._utee_cache_operation
                0x0000000000015908        0x0 /home/sepideh/optee-qemu/optee_os/out/arm/export-ta_arm32/lib/libutee.a(utee_syscalls_a32.o)
                                          0x8 (size before relaxing)
 .ARM.exidx     0x0000000000015908       0x90 /home/sepideh/optee-qemu/optee_os/out/arm/export-ta_arm32/lib/libutee.a(user_ta_entry.o)
                                         0x98 (size before relaxing)
 .ARM.exidx     0x0000000000015998        0x8 /home/sepideh/optee-qemu/optee_os/out/arm/export-ta_arm32/lib/libutee.a(abort.o)
 .ARM.exidx     0x00000000000159a0      0x158 /home/sepideh/optee-qemu/optee_os/out/arm/export-ta_arm32/lib/libutee.a(tee_api_arith_mpi.o)
 .ARM.exidx     0x0000000000015af8       0x18 /home/sepideh/optee-qemu/optee_os/out/arm/export-ta_arm32/lib/libutee.a(tcb.o)
 .ARM.exidx     0x0000000000015b10      0x200 /home/sepideh/optee-qemu/optee_os/out/arm/export-ta_arm32/lib/libmbedtls.a(bignum.o)
 .ARM.exidx     0x0000000000015d10        0x8 /home/sepideh/optee-qemu/optee_os/out/arm/export-ta_arm32/lib/libmbedtls.a(platform_util.o)
 .ARM.exidx     0x0000000000015e98       0x10 /home/sepideh/optee-qemu/optee_os/out/arm/export-ta_arm32/lib/libutils.a(snprintf.o)
 .ARM.exidx     0x0000000000015ea8        0x8 /home/sepideh/optee-qemu/optee_os/out/arm/export-ta_arm32/lib/libutils.a(memmove.o)
 .ARM.exidx     0x0000000000015d18       0x30 /home/sepideh/optee-qemu/optee_os/out/arm/export-ta_arm32/lib/libutils.a(mempool.o)
 .ARM.exidx     0x0000000000015eb0       0x10 /home/sepideh/optee-qemu/optee_os/out/arm/export-ta_arm32/lib/libutils.a(consttime_memcmp.o)
                                          0x8 (size before relaxing)
                [!provide]                        PROVIDE (__exidx_end = .)

.ctors
 *(SORT_BY_ALIGNMENT(.ctors))

.dtors
 *(SORT_BY_ALIGNMENT(.dtors))

.dynsym         0x0000000000015ec0       0x40
 *(SORT_BY_ALIGNMENT(.dynsym))
 .dynsym        0x0000000000015ec0       0x40 ./ta1.o

.dynstr         0x0000000000015f00       0x11
 *(SORT_BY_ALIGNMENT(.dynstr))
 .dynstr        0x0000000000015f00       0x11 ./ta1.o

.hash           0x0000000000015f14       0x1c
 *(SORT_BY_ALIGNMENT(.hash))
 .hash          0x0000000000015f14       0x1c ./ta1.o
                0x0000000000016000                . = ALIGN (0x1000)

.dynamic        0x0000000000016000       0x88
 *(SORT_BY_ALIGNMENT(.dynamic))
 .dynamic       0x0000000000016000       0x88 ./ta1.o
                0x0000000000016000                _DYNAMIC

.tdata
 *(SORT_BY_ALIGNMENT(.tdata) SORT_BY_ALIGNMENT(.tdata.*) SORT_BY_ALIGNMENT(.gnu.linkonce.td.*))

.tbss
 *(SORT_BY_ALIGNMENT(.tbss) SORT_BY_ALIGNMENT(.tbss.*) SORT_BY_ALIGNMENT(.gnu.linkonce.tb.*))
 *(SORT_BY_ALIGNMENT(.tcommon))

.got            0x0000000000016088       0x5c
 *(SORT_BY_ALIGNMENT(.got.plt))
 .got.plt       0x0000000000016088        0xc ./ta1.o
                0x0000000000016088                _GLOBAL_OFFSET_TABLE_
 *(SORT_BY_ALIGNMENT(.got))
 .got           0x0000000000016094       0x50 ./ta1.o

.rel.text
 *(SORT_BY_ALIGNMENT(.rel.text))
 *(SORT_BY_ALIGNMENT(.rel.gnu.linkonce.t*))

.rela.text
 *(SORT_BY_ALIGNMENT(.rela.text))
 *(SORT_BY_ALIGNMENT(.rela.gnu.linkonce.t*))

.rel.data
 *(SORT_BY_ALIGNMENT(.rel.data))
 *(SORT_BY_ALIGNMENT(.rel.gnu.linkonce.d*))

.rela.data
 *(SORT_BY_ALIGNMENT(.rela.data))
 *(SORT_BY_ALIGNMENT(.rela.gnu.linkonce.d*))

.rel.tdata
 *(SORT_BY_ALIGNMENT(.rel.tdata) SORT_BY_ALIGNMENT(.rel.tdata.*) SORT_BY_ALIGNMENT(.rel.gnu.linkonce.td.*))

.rela.tdata
 *(SORT_BY_ALIGNMENT(.rela.tdata) SORT_BY_ALIGNMENT(.rela.tdata.*) SORT_BY_ALIGNMENT(.rela.gnu.linkonce.td.*))

.rel.tbss
 *(SORT_BY_ALIGNMENT(.rel.tbss) SORT_BY_ALIGNMENT(.rel.tbss.*) SORT_BY_ALIGNMENT(.rel.gnu.linkonce.tb.*))

.rela.tbss
 *(SORT_BY_ALIGNMENT(.rela.tbss) SORT_BY_ALIGNMENT(.rela.tbss.*) SORT_BY_ALIGNMENT(.rela.gnu.linkonce.tb.*))

.rel.rodata
 *(SORT_BY_ALIGNMENT(.rel.rodata))
 *(SORT_BY_ALIGNMENT(.rel.gnu.linkonce.r*))

.rela.rodata
 *(SORT_BY_ALIGNMENT(.rela.rodata))
 *(SORT_BY_ALIGNMENT(.rela.gnu.linkonce.r*))

.rel.dyn        0x00000000000160e4       0x98
 *(SORT_BY_ALIGNMENT(.rel.dyn))
 .rel.data.rel.ro
                0x00000000000160e4        0x0 ./ta1.o
 .rel.iplt      0x00000000000160e4        0x0 ./ta1.o
 .rel.data.rel.ro.local
                0x00000000000160e4       0x70 ./ta1.o
 .rel.data.rel.local
                0x0000000000016154       0x20 ./ta1.o
 .rel.data.rel  0x0000000000016174        0x8 ./ta1.o

.rel.got        0x000000000001617c       0xa0
 *(SORT_BY_ALIGNMENT(.rel.got))
 .rel.got       0x000000000001617c       0xa0 ./ta1.o

.rela.got
 *(SORT_BY_ALIGNMENT(.rela.got))

.rel.ctors
 *(SORT_BY_ALIGNMENT(.rel.ctors))

.rela.ctors
 *(SORT_BY_ALIGNMENT(.rela.ctors))

.rel.dtors
 *(SORT_BY_ALIGNMENT(.rel.dtors))

.rela.dtors
 *(SORT_BY_ALIGNMENT(.rela.dtors))

.rel.init
 *(SORT_BY_ALIGNMENT(.rel.init))

.rela.init
 *(SORT_BY_ALIGNMENT(.rela.init))

.rel.fini
 *(SORT_BY_ALIGNMENT(.rel.fini))

.rela.fini
 *(SORT_BY_ALIGNMENT(.rela.fini))

.rel.bss        0x000000000001621c        0x0
 *(SORT_BY_ALIGNMENT(.rel.bss))
 .rel.bss       0x000000000001621c        0x0 ./ta1.o

.rela.bss
 *(SORT_BY_ALIGNMENT(.rela.bss))

.rel.plt        0x000000000001621c        0x0
 *(SORT_BY_ALIGNMENT(.rel.plt))
 .rel.plt       0x000000000001621c        0x0 ./ta1.o

.rela.plt
 *(SORT_BY_ALIGNMENT(.rela.plt))

.data           0x000000000001621c      0x110
 *(SORT_BY_ALIGNMENT(.data) SORT_BY_ALIGNMENT(.data.*) SORT_BY_ALIGNMENT(.gnu.linkonce.d.*))
 .data          0x000000000001621c       0x48 ./ta1.o
                0x000000000001621c                modulus
                0x0000000000016260                public_key
 .data          0x0000000000016264        0x4 ./user_ta_header.o
                0x0000000000016264                trace_level
 .data.rel.ro.local
                0x0000000000016268       0x54 ./user_ta_header.o
                0x0000000000016268                ta_props
 .data.rel.local
                0x00000000000162bc       0x5c /home/sepideh/optee-qemu/optee_os/out/arm/export-ta_arm32/lib/libutils.a(bget_malloc.o)
 .data.rel.local
                0x0000000000016318       0x10 /home/sepideh/optee-qemu/optee_os/out/arm/export-ta_arm32/lib/libutee.a(user_ta_entry.o)
 .data.rel      0x0000000000016328        0x4 /home/sepideh/optee-qemu/optee_os/out/arm/export-ta_arm32/lib/libmbedtls.a(platform_util.o)
 .data.rel.ro   0x000000000001632c        0x0 ./ta1.o
 .data          0x000000000001632c        0x0 ./ta_entry_a32.o
 .data          0x000000000001632c        0x0 /home/sepideh/optee-qemu/optee_os/out/arm/export-ta_arm32/lib/libutils.a(bget_malloc.o)
 .data          0x000000000001632c        0x0 /home/sepideh/optee-qemu/optee_os/out/arm/export-ta_arm32/lib/libutils.a(memcpy.o)
 .data          0x000000000001632c        0x0 /home/sepideh/optee-qemu/optee_os/out/arm/export-ta_arm32/lib/libutils.a(memset.o)
 .data          0x000000000001632c        0x0 /home/sepideh/optee-qemu/optee_os/out/arm/export-ta_arm32/lib/libutils.a(trace.o)
 .data          0x000000000001632c        0x0 /home/sepideh/optee-qemu/optee_os/out/arm/export-ta_arm32/lib/libutils.a(aeabi_unwind.o)
 .data          0x000000000001632c        0x0 /home/sepideh/optee-qemu/optee_os/out/arm/export-ta_arm32/lib/libutils.a(snprintk.o)
 .data          0x000000000001632c        0x0 /home/sepideh/optee-qemu/optee_os/out/arm/export-ta_arm32/lib/libutils.a(memchr.o)
 .data          0x000000000001632c        0x0 /home/sepideh/optee-qemu/optee_os/out/arm/export-ta_arm32/lib/libutils.a(strlen.o)
 .data          0x000000000001632c        0x0 /home/sepideh/optee-qemu/optee_os/out/arm/export-ta_arm32/lib/libutils.a(arm32_aeabi_ldivmod_a32.o)
 .data          0x000000000001632c        0x0 /home/sepideh/optee-qemu/optee_os/out/arm/export-ta_arm32/lib/libutils.a(arm32_aeabi_ldivmod.o)
 .data          0x000000000001632c        0x0 /home/sepideh/optee-qemu/optee_os/out/arm/export-ta_arm32/lib/libutee.a(assert.o)
 .data          0x000000000001632c        0x0 /home/sepideh/optee-qemu/optee_os/out/arm/export-ta_arm32/lib/libutee.a(trace_ext.o)
 .data          0x000000000001632c        0x0 /home/sepideh/optee-qemu/optee_os/out/arm/export-ta_arm32/lib/libutee.a(tee_api.o)
 .data          0x000000000001632c        0x0 /home/sepideh/optee-qemu/optee_os/out/arm/export-ta_arm32/lib/libutee.a(tee_api_objects.o)
 .data          0x000000000001632c        0x0 /home/sepideh/optee-qemu/optee_os/out/arm/export-ta_arm32/lib/libutee.a(tee_api_operations.o)
 .data          0x000000000001632c        0x0 /home/sepideh/optee-qemu/optee_os/out/arm/export-ta_arm32/lib/libutee.a(tee_api_panic.o)
 .data          0x000000000001632c        0x0 /home/sepideh/optee-qemu/optee_os/out/arm/export-ta_arm32/lib/libutee.a(tee_system_pta.o)
 .data          0x000000000001632c        0x0 /home/sepideh/optee-qemu/optee_os/out/arm/export-ta_arm32/lib/libutee.a(utee_syscalls_a32.o)
 .data          0x000000000001632c        0x0 /home/sepideh/optee-qemu/optee_os/out/arm/export-ta_arm32/lib/libutee.a(user_ta_entry.o)
 .data          0x000000000001632c        0x0 /home/sepideh/optee-qemu/optee_os/out/arm/export-ta_arm32/lib/libutee.a(abort.o)
 .data          0x000000000001632c        0x0 /home/sepideh/optee-qemu/optee_os/out/arm/export-ta_arm32/lib/libutee.a(tee_api_arith_mpi.o)
 .data          0x000000000001632c        0x0 /home/sepideh/optee-qemu/optee_os/out/arm/export-ta_arm32/lib/libutee.a(tcb.o)
 .data          0x000000000001632c        0x0 /home/sepideh/optee-qemu/optee_os/out/arm/export-ta_arm32/lib/libmbedtls.a(bignum.o)
 .data          0x000000000001632c        0x0 /home/sepideh/optee-qemu/optee_os/out/arm/export-ta_arm32/lib/libmbedtls.a(platform_util.o)
 .data          0x000000000001632c        0x0 /home/sepideh/optee-qemu/optee_os/out/arm/export-ta_arm32/lib/libutils.a(snprintf.o)
 .data          0x000000000001632c        0x0 /home/sepideh/optee-qemu/optee_os/out/arm/export-ta_arm32/lib/libutils.a(memmove.o)
 .data          0x000000000001632c        0x0 /home/sepideh/optee-qemu/optee_os/out/arm/export-ta_arm32/lib/libutils.a(mempool.o)
 .data          0x000000000001632c        0x0 /home/sepideh/optee-qemu/optee_os/out/arm/export-ta_arm32/lib/libutils.a(consttime_memcmp.o)

.igot.plt       0x000000000001632c        0x0
 .igot.plt      0x000000000001632c        0x0 ./ta1.o

.bss            0x000000000001632c     0xb0ac
 *(SORT_BY_ALIGNMENT(.bss) SORT_BY_ALIGNMENT(.bss.*) SORT_BY_ALIGNMENT(.gnu.linkonce.b.*) SORT_BY_ALIGNMENT(COMMON))
 .bss           0x000000000001632c       0x5c ./ta1.o
                0x000000000001632c                private_key
                0x0000000000016370                total_node
                0x0000000000016374                module_key
 .bss           0x0000000000016388     0x8000 ./user_ta_header.o
                0x0000000000016388                ta_heap
 .bss           0x000000000001e388        0x4 /home/sepideh/optee-qemu/optee_os/out/arm/export-ta_arm32/lib/libutee.a(tee_api.o)
 .bss           0x000000000001e38c        0x4 /home/sepideh/optee-qemu/optee_os/out/arm/export-ta_arm32/lib/libutee.a(tee_system_pta.o)
 .bss           0x000000000001e390       0x38 /home/sepideh/optee-qemu/optee_os/out/arm/export-ta_arm32/lib/libutee.a(user_ta_entry.o)
                0x000000000001e390                ta_param_types
                0x000000000001e394                ta_params
                0x000000000001e3b4                __elf_phdr_info
 .bss           0x000000000001e3c8     0x3000 /home/sepideh/optee-qemu/optee_os/out/arm/export-ta_arm32/lib/libutee.a(tee_api_arith_mpi.o)
 .bss           0x00000000000213c8        0x8 /home/sepideh/optee-qemu/optee_os/out/arm/export-ta_arm32/lib/libutee.a(tcb.o)
 .bss           0x00000000000213d0        0x4 /home/sepideh/optee-qemu/optee_os/out/arm/export-ta_arm32/lib/libmbedtls.a(bignum.o)
                0x00000000000213d0                mbedtls_mpi_mempool
 .bss           0x00000000000213d4        0x0 ./ta_entry_a32.o
 .bss           0x00000000000213d4        0x0 /home/sepideh/optee-qemu/optee_os/out/arm/export-ta_arm32/lib/libutils.a(bget_malloc.o)
 .bss           0x00000000000213d4        0x0 /home/sepideh/optee-qemu/optee_os/out/arm/export-ta_arm32/lib/libutils.a(memcpy.o)
 .bss           0x00000000000213d4        0x0 /home/sepideh/optee-qemu/optee_os/out/arm/export-ta_arm32/lib/libutils.a(memset.o)
 .bss           0x00000000000213d4        0x0 /home/sepideh/optee-qemu/optee_os/out/arm/export-ta_arm32/lib/libutils.a(trace.o)
 .bss           0x00000000000213d4        0x0 /home/sepideh/optee-qemu/optee_os/out/arm/export-ta_arm32/lib/libutils.a(aeabi_unwind.o)
 .bss           0x00000000000213d4        0x0 /home/sepideh/optee-qemu/optee_os/out/arm/export-ta_arm32/lib/libutils.a(snprintk.o)
 .bss           0x00000000000213d4        0x0 /home/sepideh/optee-qemu/optee_os/out/arm/export-ta_arm32/lib/libutils.a(memchr.o)
 .bss           0x00000000000213d4        0x0 /home/sepideh/optee-qemu/optee_os/out/arm/export-ta_arm32/lib/libutils.a(strlen.o)
 .bss           0x00000000000213d4        0x0 /home/sepideh/optee-qemu/optee_os/out/arm/export-ta_arm32/lib/libutils.a(arm32_aeabi_ldivmod_a32.o)
 .bss           0x00000000000213d4        0x0 /home/sepideh/optee-qemu/optee_os/out/arm/export-ta_arm32/lib/libutils.a(arm32_aeabi_ldivmod.o)
 .bss           0x00000000000213d4        0x0 /home/sepideh/optee-qemu/optee_os/out/arm/export-ta_arm32/lib/libutee.a(assert.o)
 .bss           0x00000000000213d4        0x0 /home/sepideh/optee-qemu/optee_os/out/arm/export-ta_arm32/lib/libutee.a(trace_ext.o)
 .bss           0x00000000000213d4        0x0 /home/sepideh/optee-qemu/optee_os/out/arm/export-ta_arm32/lib/libutee.a(tee_api_objects.o)
 .bss           0x00000000000213d4        0x0 /home/sepideh/optee-qemu/optee_os/out/arm/export-ta_arm32/lib/libutee.a(tee_api_operations.o)
 .bss           0x00000000000213d4        0x0 /home/sepideh/optee-qemu/optee_os/out/arm/export-ta_arm32/lib/libutee.a(tee_api_panic.o)
 .bss           0x00000000000213d4        0x0 /home/sepideh/optee-qemu/optee_os/out/arm/export-ta_arm32/lib/libutee.a(utee_syscalls_a32.o)
 .bss           0x00000000000213d4        0x0 /home/sepideh/optee-qemu/optee_os/out/arm/export-ta_arm32/lib/libutee.a(abort.o)
 .bss           0x00000000000213d4        0x0 /home/sepideh/optee-qemu/optee_os/out/arm/export-ta_arm32/lib/libmbedtls.a(platform_util.o)
 .bss           0x00000000000213d4        0x0 /home/sepideh/optee-qemu/optee_os/out/arm/export-ta_arm32/lib/libutils.a(snprintf.o)
 .bss           0x00000000000213d4        0x0 /home/sepideh/optee-qemu/optee_os/out/arm/export-ta_arm32/lib/libutils.a(memmove.o)
 .bss           0x00000000000213d4        0x0 /home/sepideh/optee-qemu/optee_os/out/arm/export-ta_arm32/lib/libutils.a(mempool.o)
 .bss           0x00000000000213d4        0x0 /home/sepideh/optee-qemu/optee_os/out/arm/export-ta_arm32/lib/libutils.a(consttime_memcmp.o)
                0x00000000000213d8                . = ALIGN (0x8)
 *fill*         0x00000000000213d4        0x4 
                0x00000000000213d8                __ftrace_buf_start = .
                0x00000000000213d8                . = (. + DEFINED (__gnu_mcount_nc)?0x800:0x0)
                0x00000000000213d8                __ftrace_buf_end = .

.dynbss         0x00000000000213d8        0x0
 .dynbss        0x00000000000213d8        0x0 ./ta1.o

/DISCARD/
 *(SORT_BY_ALIGNMENT(.interp))
LOAD ./ta1.o
LOAD ./user_ta_header.o
LOAD ./ta_entry_a32.o
START GROUP
LOAD /home/sepideh/optee-qemu/optee_os/out/arm/export-ta_arm32/lib/libutils.a
LOAD /home/sepideh/optee-qemu/optee_os/out/arm/export-ta_arm32/lib/libutee.a
LOAD /home/sepideh/optee-qemu/optee_os/out/arm/export-ta_arm32/lib/libmbedtls.a
LOAD /home/sepideh/optee-qemu/optee_os/out/arm/export-ta_arm32/lib/libdl.a
END GROUP
LOAD /home/sepideh/optee-qemu/toolchains/aarch32/bin/../lib/gcc/arm-none-linux-gnueabihf/9.2.1/libgcc.a
LOAD /home/sepideh/optee-qemu/optee_os/out/arm/export-ta_arm32/lib/libutils.a
OUTPUT(d3bc8433-2eb5-4c00-a005-3f87c1d3b405.elf elf32-littlearm)

.debug_info     0x0000000000000000     0xd5a1
 .debug_info    0x0000000000000000     0x123e ./ta1.o
 .debug_info    0x000000000000123e      0x4a4 ./user_ta_header.o
 .debug_info    0x00000000000016e2       0x26 ./ta_entry_a32.o
 .debug_info    0x0000000000001708     0x12fc /home/sepideh/optee-qemu/optee_os/out/arm/export-ta_arm32/lib/libutils.a(bget_malloc.o)
 .debug_info    0x0000000000002a04      0x101 /home/sepideh/optee-qemu/optee_os/out/arm/export-ta_arm32/lib/libutils.a(memcpy.o)
 .debug_info    0x0000000000002b05       0xe7 /home/sepideh/optee-qemu/optee_os/out/arm/export-ta_arm32/lib/libutils.a(memset.o)
 .debug_info    0x0000000000002bec      0x3b9 /home/sepideh/optee-qemu/optee_os/out/arm/export-ta_arm32/lib/libutils.a(trace.o)
 .debug_info    0x0000000000002fa5       0x60 /home/sepideh/optee-qemu/optee_os/out/arm/export-ta_arm32/lib/libutils.a(aeabi_unwind.o)
 .debug_info    0x0000000000003005      0x58a /home/sepideh/optee-qemu/optee_os/out/arm/export-ta_arm32/lib/libutils.a(snprintk.o)
 .debug_info    0x000000000000358f       0xf9 /home/sepideh/optee-qemu/optee_os/out/arm/export-ta_arm32/lib/libutils.a(memchr.o)
 .debug_info    0x0000000000003688       0xab /home/sepideh/optee-qemu/optee_os/out/arm/export-ta_arm32/lib/libutils.a(strlen.o)
 .debug_info    0x0000000000003733       0x22 /home/sepideh/optee-qemu/optee_os/out/arm/export-ta_arm32/lib/libutils.a(arm32_aeabi_ldivmod_a32.o)
 .debug_info    0x0000000000003755      0x217 /home/sepideh/optee-qemu/optee_os/out/arm/export-ta_arm32/lib/libutils.a(arm32_aeabi_ldivmod.o)
 .debug_info    0x000000000000396c      0x14a /home/sepideh/optee-qemu/optee_os/out/arm/export-ta_arm32/lib/libutee.a(assert.o)
 .debug_info    0x0000000000003ab6      0x221 /home/sepideh/optee-qemu/optee_os/out/arm/export-ta_arm32/lib/libutee.a(trace_ext.o)
 .debug_info    0x0000000000003cd7      0xd42 /home/sepideh/optee-qemu/optee_os/out/arm/export-ta_arm32/lib/libutee.a(tee_api.o)
 .debug_info    0x0000000000004a19      0xf2a /home/sepideh/optee-qemu/optee_os/out/arm/export-ta_arm32/lib/libutee.a(tee_api_objects.o)
 .debug_info    0x0000000000005943     0x18b7 /home/sepideh/optee-qemu/optee_os/out/arm/export-ta_arm32/lib/libutee.a(tee_api_operations.o)
 .debug_info    0x00000000000071fa      0x357 /home/sepideh/optee-qemu/optee_os/out/arm/export-ta_arm32/lib/libutee.a(tee_api_panic.o)
 .debug_info    0x0000000000007551      0x42e /home/sepideh/optee-qemu/optee_os/out/arm/export-ta_arm32/lib/libutee.a(tee_system_pta.o)
 .debug_info    0x000000000000797f       0x22 /home/sepideh/optee-qemu/optee_os/out/arm/export-ta_arm32/lib/libutee.a(utee_syscalls_a32.o)
 .debug_info    0x00000000000079a1      0xd99 /home/sepideh/optee-qemu/optee_os/out/arm/export-ta_arm32/lib/libutee.a(user_ta_entry.o)
 .debug_info    0x000000000000873a       0xec /home/sepideh/optee-qemu/optee_os/out/arm/export-ta_arm32/lib/libutee.a(abort.o)
 .debug_info    0x0000000000008826     0x1d92 /home/sepideh/optee-qemu/optee_os/out/arm/export-ta_arm32/lib/libutee.a(tee_api_arith_mpi.o)
 .debug_info    0x000000000000a5b8      0x5f9 /home/sepideh/optee-qemu/optee_os/out/arm/export-ta_arm32/lib/libutee.a(tcb.o)
 .debug_info    0x000000000000abb1     0x21d0 /home/sepideh/optee-qemu/optee_os/out/arm/export-ta_arm32/lib/libmbedtls.a(bignum.o)
 .debug_info    0x000000000000cd81      0x120 /home/sepideh/optee-qemu/optee_os/out/arm/export-ta_arm32/lib/libmbedtls.a(platform_util.o)
 .debug_info    0x000000000000cea1      0x172 /home/sepideh/optee-qemu/optee_os/out/arm/export-ta_arm32/lib/libutils.a(snprintf.o)
 .debug_info    0x000000000000d013      0x101 /home/sepideh/optee-qemu/optee_os/out/arm/export-ta_arm32/lib/libutils.a(memmove.o)
 .debug_info    0x000000000000d114      0x39b /home/sepideh/optee-qemu/optee_os/out/arm/export-ta_arm32/lib/libutils.a(mempool.o)
 .debug_info    0x000000000000d4af       0xf2 /home/sepideh/optee-qemu/optee_os/out/arm/export-ta_arm32/lib/libutils.a(consttime_memcmp.o)

.debug_abbrev   0x0000000000000000     0x2b76
 .debug_abbrev  0x0000000000000000      0x2ca ./ta1.o
 .debug_abbrev  0x00000000000002ca      0x1a2 ./user_ta_header.o
 .debug_abbrev  0x000000000000046c       0x14 ./ta_entry_a32.o
 .debug_abbrev  0x0000000000000480      0x2dc /home/sepideh/optee-qemu/optee_os/out/arm/export-ta_arm32/lib/libutils.a(bget_malloc.o)
 .debug_abbrev  0x000000000000075c       0xa9 /home/sepideh/optee-qemu/optee_os/out/arm/export-ta_arm32/lib/libutils.a(memcpy.o)
 .debug_abbrev  0x0000000000000805       0x9d /home/sepideh/optee-qemu/optee_os/out/arm/export-ta_arm32/lib/libutils.a(memset.o)
 .debug_abbrev  0x00000000000008a2      0x1af /home/sepideh/optee-qemu/optee_os/out/arm/export-ta_arm32/lib/libutils.a(trace.o)
 .debug_abbrev  0x0000000000000a51       0x31 /home/sepideh/optee-qemu/optee_os/out/arm/export-ta_arm32/lib/libutils.a(aeabi_unwind.o)
 .debug_abbrev  0x0000000000000a82      0x1b6 /home/sepideh/optee-qemu/optee_os/out/arm/export-ta_arm32/lib/libutils.a(snprintk.o)
 .debug_abbrev  0x0000000000000c38       0xba /home/sepideh/optee-qemu/optee_os/out/arm/export-ta_arm32/lib/libutils.a(memchr.o)
 .debug_abbrev  0x0000000000000cf2       0x8c /home/sepideh/optee-qemu/optee_os/out/arm/export-ta_arm32/lib/libutils.a(strlen.o)
 .debug_abbrev  0x0000000000000d7e       0x12 /home/sepideh/optee-qemu/optee_os/out/arm/export-ta_arm32/lib/libutils.a(arm32_aeabi_ldivmod_a32.o)
 .debug_abbrev  0x0000000000000d90       0xf0 /home/sepideh/optee-qemu/optee_os/out/arm/export-ta_arm32/lib/libutils.a(arm32_aeabi_ldivmod.o)
 .debug_abbrev  0x0000000000000e80       0xc0 /home/sepideh/optee-qemu/optee_os/out/arm/export-ta_arm32/lib/libutee.a(assert.o)
 .debug_abbrev  0x0000000000000f40      0x12e /home/sepideh/optee-qemu/optee_os/out/arm/export-ta_arm32/lib/libutee.a(trace_ext.o)
 .debug_abbrev  0x000000000000106e      0x2ae /home/sepideh/optee-qemu/optee_os/out/arm/export-ta_arm32/lib/libutee.a(tee_api.o)
 .debug_abbrev  0x000000000000131c      0x26d /home/sepideh/optee-qemu/optee_os/out/arm/export-ta_arm32/lib/libutee.a(tee_api_objects.o)
 .debug_abbrev  0x0000000000001589      0x2ef /home/sepideh/optee-qemu/optee_os/out/arm/export-ta_arm32/lib/libutee.a(tee_api_operations.o)
 .debug_abbrev  0x0000000000001878      0x160 /home/sepideh/optee-qemu/optee_os/out/arm/export-ta_arm32/lib/libutee.a(tee_api_panic.o)
 .debug_abbrev  0x00000000000019d8      0x19d /home/sepideh/optee-qemu/optee_os/out/arm/export-ta_arm32/lib/libutee.a(tee_system_pta.o)
 .debug_abbrev  0x0000000000001b75       0x12 /home/sepideh/optee-qemu/optee_os/out/arm/export-ta_arm32/lib/libutee.a(utee_syscalls_a32.o)
 .debug_abbrev  0x0000000000001b87      0x2fd /home/sepideh/optee-qemu/optee_os/out/arm/export-ta_arm32/lib/libutee.a(user_ta_entry.o)
 .debug_abbrev  0x0000000000001e84       0x93 /home/sepideh/optee-qemu/optee_os/out/arm/export-ta_arm32/lib/libutee.a(abort.o)
 .debug_abbrev  0x0000000000001f17      0x313 /home/sepideh/optee-qemu/optee_os/out/arm/export-ta_arm32/lib/libutee.a(tee_api_arith_mpi.o)
 .debug_abbrev  0x000000000000222a      0x1e0 /home/sepideh/optee-qemu/optee_os/out/arm/export-ta_arm32/lib/libutee.a(tcb.o)